05-03 22:07:14.240  6222  6514 I BLACKXERUS - AndroidXaminer: 578.183
05-03 22:07:14.240  6222  6514 I BLACKXERUS - AndroidXaminer: 44.068
05-03 22:07:14.240  6222  6514 I BLACKXERUS - AndroidXaminer: 0.061
05-03 22:07:14.240  6222  6514 I BLACKXERUS - AndroidXaminer: -0.058
05-03 22:07:14.241  6222  6514 I BLACKXERUS - AndroidXaminer: 0.833
05-03 22:07:14.241  6222  6514 I BLACKXERUS - AndroidXaminer: 0.837
05-03 22:07:14.241  6222  6514 I BLACKXERUS - AndroidXaminer: 0.167
05-03 22:07:14.241  6222  6514 I BLACKXERUS - AndroidXaminer: 0.17
05-03 22:07:14.241  6222  6514 I BLACKXERUS - AndroidXaminer: 110.922
05-03 22:07:14.241  6222  6514 I BLACKXERUS - AndroidXaminer: 578.361
05-03 22:07:14.241  6222  6514 I BLACKXERUS - AndroidXaminer: 44.068
05-03 22:07:14.241  6222  6514 I BLACKXERUS - AndroidXaminer: 0.058
05-03 22:07:14.241  6222  6514 I BLACKXERUS - AndroidXaminer: -0.056
05-03 22:07:14.241  6222  6514 I BLACKXERUS - AndroidXaminer: -0.001
05-03 22:07:14.241  6222  6514 I BLACKXERUS - AndroidXaminer: 0.833
05-03 22:07:14.241  6222  6222 I BLACKXERUS - AndroidXaminer: txtTitle
05-03 22:07:14.241  6222  6222 I BLACKXERUS - AndroidXaminer: getTxtTitle()Landroid/widget/TextView;
05-03 22:07:14.241  6222  6514 I BLACKXERUS - AndroidXaminer: 0.837
05-03 22:07:14.241  6222  6222 I BLACKXERUS - AndroidXaminer: txtDescription
05-03 22:07:14.241  6222  6222 I BLACKXERUS - AndroidXaminer: getTxtDescription()Landroid/widget/TextView;
05-03 22:07:14.241  6222  6514 I BLACKXERUS - AndroidXaminer: 0.167
05-03 22:07:14.241  6222  6514 I BLACKXERUS - AndroidXaminer: 0.17
05-03 22:07:14.241  6222  6514 I BLACKXERUS - AndroidXaminer: 112.939
05-03 22:07:14.241  6222  6514 I BLACKXERUS - AndroidXaminer: 578.533
05-03 22:07:14.241  6222  6514 I BLACKXERUS - AndroidXaminer: 44.07
05-03 22:07:14.241  6222  6222 I BLACKXERUS - AndroidXaminer: btnType2
05-03 22:07:14.241  6222  6222 I BLACKXERUS - AndroidXaminer: getBtnType2()Landroid/widget/Button;
05-03 22:07:14.241  6222  6514 I BLACKXERUS - AndroidXaminer: 0.056
05-03 22:07:14.241  6222  6514 I BLACKXERUS - AndroidXaminer: 0.001
05-03 22:07:14.241  6222  6514 I BLACKXERUS - AndroidXaminer: -0.054
05-03 22:07:14.241  6222  6514 I BLACKXERUS - AndroidXaminer: -0.002
05-03 22:07:14.241  6222  6514 I BLACKXERUS - AndroidXaminer: 0.833
05-03 22:07:14.242  6222  6514 I BLACKXERUS - AndroidXaminer: 0.837
05-03 22:07:14.242  6222  6514 I BLACKXERUS - AndroidXaminer: 0.167
05-03 22:07:14.242  6222  6514 I BLACKXERUS - AndroidXaminer: 0.17
05-03 22:07:14.242  6222  6514 I BLACKXERUS - AndroidXaminer: 114.955
05-03 22:07:14.242  6222  6514 I BLACKXERUS - AndroidXaminer: 578.699
05-03 22:07:14.242  6222  6514 I BLACKXERUS - AndroidXaminer: 44.074
05-03 22:07:14.242  6222  6514 I BLACKXERUS - AndroidXaminer: 0.054
05-03 22:07:14.242  6222  6514 I BLACKXERUS - AndroidXaminer: 0.002
05-03 22:07:14.242  6222  6514 I BLACKXERUS - AndroidXaminer: -0.051
05-03 22:07:14.242  6222  6514 I BLACKXERUS - AndroidXaminer: -0.002
05-03 22:07:14.242  6222  6514 I BLACKXERUS - AndroidXaminer: 0.833
05-03 22:07:14.242  6222  6514 I BLACKXERUS - AndroidXaminer: 0.838
05-03 22:07:14.246  6222  6514 I BLACKXERUS - AndroidXaminer: 0.035
05-03 22:07:14.247  6222  6514 I BLACKXERUS - AndroidXaminer: 0.005
05-03 22:07:14.247  6222  6514 I BLACKXERUS - AndroidXaminer: -0.032
05-03 22:07:14.247  6222  6514 I BLACKXERUS - AndroidXaminer: -0.006
05-03 22:07:14.249  6222  6514 I BLACKXERUS - AndroidXaminer: 0.833
05-03 22:07:14.251  6222  6514 I BLACKXERUS - AndroidXaminer: 0.842
05-03 22:07:14.251  6222  6514 I BLACKXERUS - AndroidXaminer: 0.167
05-03 22:07:14.251  6222  6514 I BLACKXERUS - AndroidXaminer: 0.175
05-03 22:07:14.251  6222  6514 I BLACKXERUS - AndroidXaminer: 131.09
05-03 22:07:14.251  6222  6514 I BLACKXERUS - AndroidXaminer: 579.739
05-03 22:07:14.251  6222  6514 I BLACKXERUS - AndroidXaminer: 44.165
05-03 22:07:14.251  6222  6514 I BLACKXERUS - AndroidXaminer: 0.032
05-03 22:07:14.251  6222  6514 I BLACKXERUS - AndroidXaminer: 0.006
05-03 22:07:14.251  6222  6514 I BLACKXERUS - AndroidXaminer: -0.029
05-03 22:07:14.251  6222  6514 I BLACKXERUS - AndroidXaminer: -0.007
05-03 22:07:14.251  6222  6514 I BLACKXERUS - AndroidXaminer: 0.833
05-03 22:07:14.251  6222  6514 I BLACKXERUS - AndroidXaminer: 0.842
05-03 22:07:14.251  6222  6514 I BLACKXERUS - AndroidXaminer: 0.167
05-03 22:07:14.251  6222  6514 I BLACKXERUS - AndroidXaminer: 0.176
05-03 22:07:14.251  6222  6514 I BLACKXERUS - AndroidXaminer: 133.105
05-03 22:07:14.251  6222  6514 I BLACKXERUS - AndroidXaminer: 579.829
05-03 22:07:14.251  6222  6514 I BLACKXERUS - AndroidXaminer: 44.184
05-03 22:07:14.251  6222  6514 I BLACKXERUS - AndroidXaminer: 0.029
05-03 22:07:14.251  6222  6514 I BLACKXERUS - AndroidXaminer: 0.007
05-03 22:07:14.251  6222  6514 I BLACKXERUS - AndroidXaminer: -0.025
05-03 22:07:14.251  6222  6514 I BLACKXERUS - AndroidXaminer: -0.007
05-03 22:07:14.252  6222  6514 I BLACKXERUS - AndroidXaminer: 0.833
05-03 22:07:14.252  6222  6514 I BLACKXERUS - AndroidXaminer: 0.843
05-03 22:07:14.252  6222  6514 I BLACKXERUS - AndroidXaminer: 0.167
05-03 22:07:14.252  6222  6514 I BLACKXERUS - AndroidXaminer: 0.177
05-03 22:07:14.252  6222  6514 I BLACKXERUS - AndroidXaminer: 135.123
05-03 22:07:14.252  6222  6514 I BLACKXERUS - AndroidXaminer: 579.91
05-03 22:07:14.252  6222  6514 I BLACKXERUS - AndroidXaminer: 44.205
05-03 22:07:14.252  6222  6514 I BLACKXERUS - AndroidXaminer: 0.025
05-03 22:07:14.252  6222  6514 I BLACKXERUS - AndroidXaminer: 0.007
05-03 22:07:14.252  6222  6514 I BLACKXERUS - AndroidXaminer: -0.022
05-03 22:07:14.252  6222  6514 I BLACKXERUS - AndroidXaminer: -0.008
05-03 22:07:14.252  6222  6514 I BLACKXERUS - AndroidXaminer: 0.833
05-03 22:07:14.252  6222  6514 I BLACKXERUS - AndroidXaminer: 0.845
05-03 22:07:14.252  6222  6514 I BLACKXERUS - AndroidXaminer: 0.167
05-03 22:07:14.252  6222  6514 I BLACKXERUS - AndroidXaminer: 0.178
05-03 22:07:14.252  6222  6514 I BLACKXERUS - AndroidXaminer: 137.141
05-03 22:07:14.252  6222  6514 I BLACKXERUS - AndroidXaminer: 579.982
05-03 22:07:14.252  6222  6514 I BLACKXERUS - AndroidXaminer: 44.227
05-03 22:07:14.252  6222  6514 I BLACKXERUS - AndroidXaminer: 0.022
05-03 22:07:14.252  6222  6514 I BLACKXERUS - AndroidXaminer: 0.008
05-03 22:07:14.252  6222  6514 I BLACKXERUS - AndroidXaminer: -0.019
05-03 22:07:14.253  6222  6514 I BLACKXERUS - AndroidXaminer: -0.008
05-03 22:07:14.253  6222  6514 I BLACKXERUS - AndroidXaminer: 0.833
05-03 22:07:14.253  6222  6514 I BLACKXERUS - AndroidXaminer: 0.845
05-03 22:07:14.253  6222  6514 I BLACKXERUS - AndroidXaminer: 0.167
05-03 22:07:14.253  6222  6514 I BLACKXERUS - AndroidXaminer: 0.18
05-03 22:07:14.253  6222  6514 I BLACKXERUS - AndroidXaminer: 139.156
05-03 22:07:14.253  6222  6514 I BLACKXERUS - AndroidXaminer: 580.043
05-03 22:07:14.253  6222  6514 I BLACKXERUS - AndroidXaminer: 44.251
05-03 22:07:14.253  6222  6514 I BLACKXERUS - AndroidXaminer: 0.019
05-03 22:07:14.253  6222  6514 I BLACKXERUS - AndroidXaminer: 0.008
05-03 22:07:14.253  6222  6514 I BLACKXERUS - AndroidXaminer: -0.015
05-03 22:07:14.253  6222  6514 I BLACKXERUS - AndroidXaminer: -0.009
05-03 22:07:14.253  6222  6514 I BLACKXERUS - AndroidXaminer: 0.833
05-03 22:07:14.253  6222  6514 I BLACKXERUS - AndroidXaminer: 0.846
05-03 22:07:14.253  6222  6514 I BLACKXERUS - AndroidXaminer: 0.167
05-03 22:07:14.253  6222  6514 I BLACKXERUS - AndroidXaminer: 0.181
05-03 22:07:14.253  6222  6514 I BLACKXERUS - AndroidXaminer: 141.174
05-03 22:07:14.253  6222  6514 I BLACKXERUS - AndroidXaminer: 580.094
05-03 22:07:14.253  6222  6514 I BLACKXERUS - AndroidXaminer: 44.276
05-03 22:07:14.253  6222  6514 I BLACKXERUS - AndroidXaminer: 0.015
05-03 22:07:14.253  6222  6514 I BLACKXERUS - AndroidXaminer: 0.009
05-03 22:07:14.254  6222  6514 I BLACKXERUS - AndroidXaminer: -0.012
05-03 22:07:14.254  6222  6514 I BLACKXERUS - AndroidXaminer: -0.009
05-03 22:07:14.254  6222  6514 I BLACKXERUS - AndroidXaminer: 0.833
05-03 22:07:14.254  6222  6514 I BLACKXERUS - AndroidXaminer: 0.845
05-03 22:07:14.254  6222  6514 I BLACKXERUS - AndroidXaminer: 0.167
05-03 22:07:14.254  6222  6514 I BLACKXERUS - AndroidXaminer: 0.181
05-03 22:07:14.255  6222  6514 I BLACKXERUS - AndroidXaminer: 143.189
05-03 22:07:14.256  6222  6514 I BLACKXERUS - AndroidXaminer: 580.134
05-03 22:07:14.257  6222  6514 I BLACKXERUS - AndroidXaminer: 44.303
05-03 22:07:14.257  6222  6514 I BLACKXERUS - AndroidXaminer: 0.012
05-03 22:07:14.257  6222  6514 I BLACKXERUS - AndroidXaminer: 0.009
05-03 22:07:14.257  6222  6514 I BLACKXERUS - AndroidXaminer: -0.008
05-03 22:07:14.257  6222  6514 I BLACKXERUS - AndroidXaminer: -0.01
05-03 22:07:14.257  6222  6514 I BLACKXERUS - AndroidXaminer: 0.833
05-03 22:07:14.257  6222  6514 I BLACKXERUS - AndroidXaminer: 0.84
05-03 22:07:14.257  6222  6514 I BLACKXERUS - AndroidXaminer: 0.167
05-03 22:07:14.257  6222  6514 I BLACKXERUS - AndroidXaminer: 0.18
05-03 22:07:14.257  6222  6514 I BLACKXERUS - AndroidXaminer: 145.207
05-03 22:07:14.257  6222  6514 I BLACKXERUS - AndroidXaminer: 580.163
05-03 22:07:14.257  6222  6514 I BLACKXERUS - AndroidXaminer: 44.332
05-03 22:07:14.257  6222  6514 I BLACKXERUS - AndroidXaminer: 0.008
05-03 22:07:14.257  6222  6514 I BLACKXERUS - AndroidXaminer: 0.01
05-03 22:07:14.257  6222  6514 I BLACKXERUS - AndroidXaminer: -0.004
05-03 22:07:14.257  6222  6514 I BLACKXERUS - AndroidXaminer: -0.01
05-03 22:07:14.258  6222  6514 I BLACKXERUS - AndroidXaminer: 0.833
05-03 22:07:14.258  6222  6514 I BLACKXERUS - AndroidXaminer: 0.833
05-03 22:07:14.258  6222  6514 I BLACKXERUS - AndroidXaminer: 0.167
05-03 22:07:14.258  6222  6514 I BLACKXERUS - AndroidXaminer: 0.174
05-03 22:07:14.258  6222  6514 I BLACKXERUS - AndroidXaminer: 147.223
05-03 22:07:14.258  6222  6514 I BLACKXERUS - AndroidXaminer: 580.182
05-03 22:07:14.258  6222  6514 I BLACKXERUS - AndroidXaminer: 44.362
05-03 22:07:14.258  6222  6514 I BLACKXERUS - AndroidXaminer: 0.004
05-03 22:07:14.258  6222  6514 I BLACKXERUS - AndroidXaminer: 0.01
05-03 22:07:14.258  6222  6514 I BLACKXERUS - AndroidXaminer: -0.001
05-03 22:07:14.258  6222  6514 I BLACKXERUS - AndroidXaminer: -0.011
05-03 22:07:14.258  6222  6514 I BLACKXERUS - AndroidXaminer: 0.833
05-03 22:07:14.258  6222  6514 I BLACKXERUS - AndroidXaminer: 0.834
05-03 22:07:14.258  6222  6514 I BLACKXERUS - AndroidXaminer: 0.167
05-03 22:07:14.258  6222  6514 I BLACKXERUS - AndroidXaminer: 0.166
05-03 22:07:14.258  6222  6514 I BLACKXERUS - AndroidXaminer: 149.24
05-03 22:07:14.258  6222  6514 I BLACKXERUS - AndroidXaminer: 580.189
05-03 22:07:14.258  6222  6514 I BLACKXERUS - AndroidXaminer: 44.394
05-03 22:07:14.258  6222  6514 I BLACKXERUS - AndroidXaminer: 0.001
05-03 22:07:14.258  6222  6514 I BLACKXERUS - AndroidXaminer: 0.011
05-03 22:07:14.258  6222  6514 I BLACKXERUS - AndroidXaminer: 0.001
05-03 22:07:14.258  6222  6514 I BLACKXERUS - AndroidXaminer: -0.011
05-03 22:07:14.259  6222  6514 I BLACKXERUS - AndroidXaminer: 0.833
05-03 22:07:14.259  6222  6514 I BLACKXERUS - AndroidXaminer: 0.834
05-03 22:07:14.259  6222  6514 I BLACKXERUS - AndroidXaminer: 0.167
05-03 22:07:14.259  6222  6514 I BLACKXERUS - AndroidXaminer: 0.167
05-03 22:07:14.259  6222  6514 I BLACKXERUS - AndroidXaminer: 151.258
05-03 22:07:14.259  6222  6514 I BLACKXERUS - AndroidXaminer: 580.187
05-03 22:07:14.259  6222  6514 I BLACKXERUS - AndroidXaminer: 44.427
05-03 22:07:14.259  6222  6514 I BLACKXERUS - AndroidXaminer: -0.001
05-03 22:07:14.259  6222  6514 I BLACKXERUS - AndroidXaminer: 0.011
05-03 22:07:14.259  6222  6514 I BLACKXERUS - AndroidXaminer: 0.003
05-03 22:07:14.259  6222  6514 I BLACKXERUS - AndroidXaminer: -0.01
05-03 22:07:14.259  6222  6514 I BLACKXERUS - AndroidXaminer: 0.833
05-03 22:07:14.259  6222  6514 I BLACKXERUS - AndroidXaminer: 0.832
05-03 22:07:14.259  6222  6514 I BLACKXERUS - AndroidXaminer: 0.167
05-03 22:07:14.259  6222  6514 I BLACKXERUS - AndroidXaminer: 0.167
05-03 22:07:14.259  6222  6514 I BLACKXERUS - AndroidXaminer: 153.273
05-03 22:07:14.259  6222  6514 I BLACKXERUS - AndroidXaminer: 580.181
05-03 22:07:14.259  6222  6514 I BLACKXERUS - AndroidXaminer: 44.459
05-03 22:07:14.259  6222  6514 I BLACKXERUS - AndroidXaminer: -0.003
05-03 22:07:14.259  6222  6514 I BLACKXERUS - AndroidXaminer: 0.01
05-03 22:07:14.259  6222  6514 I BLACKXERUS - AndroidXaminer: 0.004
05-03 22:07:14.259  6222  6514 I BLACKXERUS - AndroidXaminer: -0.01
05-03 22:07:14.259  6222  6514 I BLACKXERUS - AndroidXaminer: 0.833
05-03 22:07:14.259  6222  6514 I BLACKXERUS - AndroidXaminer: 0.831
05-03 22:07:14.260  6222  6514 I BLACKXERUS - AndroidXaminer: 0.167
05-03 22:07:14.260  6222  6514 I BLACKXERUS - AndroidXaminer: 0.166
05-03 22:07:14.260  6222  6514 I BLACKXERUS - AndroidXaminer: 155.291
05-03 22:07:14.260  6222  6514 I BLACKXERUS - AndroidXaminer: 580.171
05-03 22:07:14.260  6222  6514 I BLACKXERUS - AndroidXaminer: 44.49
05-03 22:07:14.260  6222  6514 I BLACKXERUS - AndroidXaminer: -0.004
05-03 22:07:14.260  6222  6514 I BLACKXERUS - AndroidXaminer: 0.01
05-03 22:07:14.260  6222  6514 I BLACKXERUS - AndroidXaminer: 0.005
05-03 22:07:14.260  6222  6514 I BLACKXERUS - AndroidXaminer: -0.01
05-03 22:07:14.260  6222  6514 I BLACKXERUS - AndroidXaminer: 0.833
05-03 22:07:14.260  6222  6514 I BLACKXERUS - AndroidXaminer: 0.83
05-03 22:07:14.260  6222  6514 I BLACKXERUS - AndroidXaminer: 0.167
05-03 22:07:14.260  6222  6514 I BLACKXERUS - AndroidXaminer: 0.164
05-03 22:07:14.260  6222  6514 I BLACKXERUS - AndroidXaminer: 157.307
05-03 22:07:14.260  6222  6514 I BLACKXERUS - AndroidXaminer: 580.157
05-03 22:07:14.260  6222  6514 I BLACKXERUS - AndroidXaminer: 44.52
05-03 22:07:14.260  6222  6514 I BLACKXERUS - AndroidXaminer: -0.005
05-03 22:07:14.260  6222  6514 I BLACKXERUS - AndroidXaminer: 0.01
05-03 22:07:14.260  6222  6514 I BLACKXERUS - AndroidXaminer: 0.007
05-03 22:07:14.260  6222  6514 I BLACKXERUS - AndroidXaminer: -0.009
05-03 22:07:14.260  6222  6514 I BLACKXERUS - AndroidXaminer: 0.833
05-03 22:07:14.260  6222  6514 I BLACKXERUS - AndroidXaminer: 0.829
05-03 22:07:14.261  6222  6514 I BLACKXERUS - AndroidXaminer: 0.167
05-03 22:07:14.261  6222  6514 I BLACKXERUS - AndroidXaminer: 0.163
05-03 22:07:14.261  6222  6514 I BLACKXERUS - AndroidXaminer: 159.324
05-03 22:07:14.261  6222  6514 I BLACKXERUS - AndroidXaminer: 580.14
05-03 22:07:14.261  6222  6514 I BLACKXERUS - AndroidXaminer: 44.548
05-03 22:07:14.261  6222  6514 I BLACKXERUS - AndroidXaminer: -0.007
05-03 22:07:14.261  6222  6514 I BLACKXERUS - AndroidXaminer: 0.009
05-03 22:07:14.261  6222  6514 I BLACKXERUS - AndroidXaminer: 0.008
05-03 22:07:14.261  6222  6514 I BLACKXERUS - AndroidXaminer: -0.009
05-03 22:07:14.261  6222  6514 I BLACKXERUS - AndroidXaminer: 0.833
05-03 22:07:14.261  6222  6514 I BLACKXERUS - AndroidXaminer: 0.828
05-03 22:07:14.261  6222  6514 I BLACKXERUS - AndroidXaminer: 0.167
05-03 22:07:14.261  6222  6514 I BLACKXERUS - AndroidXaminer: 0.163
05-03 22:07:14.261  6222  6514 I BLACKXERUS - AndroidXaminer: 161.34
05-03 22:07:14.261  6222  6514 I BLACKXERUS - AndroidXaminer: 580.118
05-03 22:07:14.261  6222  6514 I BLACKXERUS - AndroidXaminer: 44.576
05-03 22:07:14.261  6222  6514 I BLACKXERUS - AndroidXaminer: -0.008
05-03 22:07:14.261  6222  6514 I BLACKXERUS - AndroidXaminer: 0.009
05-03 22:07:14.261  6222  6514 I BLACKXERUS - AndroidXaminer: 0.009
05-03 22:07:14.261  6222  6514 I BLACKXERUS - AndroidXaminer: -0.009
05-03 22:07:14.272  6222  6514 I BLACKXERUS - AndroidXaminer: 0.833
05-03 22:07:14.273  6222  6514 I BLACKXERUS - AndroidXaminer: 0.828
05-03 22:07:14.273  6222  6514 I BLACKXERUS - AndroidXaminer: 0.167
05-03 22:07:14.273  6222  6514 I BLACKXERUS - AndroidXaminer: 0.162
05-03 22:07:14.273  6222  6514 I BLACKXERUS - AndroidXaminer: 163.357
05-03 22:07:14.273  6222  6514 I BLACKXERUS - AndroidXaminer: 580.092
05-03 22:07:14.273  6222  6514 I BLACKXERUS - AndroidXaminer: 44.602
05-03 22:07:14.273  6222  6514 I BLACKXERUS - AndroidXaminer: -0.009
05-03 22:07:14.273  6222  6514 I BLACKXERUS - AndroidXaminer: 0.009
05-03 22:07:14.273  6222  6514 I BLACKXERUS - AndroidXaminer: 0.011
05-03 22:07:14.273  6222  6514 I BLACKXERUS - AndroidXaminer: -0.008
05-03 22:07:14.274  6222  6514 I BLACKXERUS - AndroidXaminer: 0.833
05-03 22:07:14.274  6222  6514 I BLACKXERUS - AndroidXaminer: 0.828
05-03 22:07:14.274  6222  6514 I BLACKXERUS - AndroidXaminer: 0.167
05-03 22:07:14.274  6222  6514 I BLACKXERUS - AndroidXaminer: 0.161
05-03 22:07:14.274  6222  6514 I BLACKXERUS - AndroidXaminer: 165.375
05-03 22:07:14.274  6222  6514 I BLACKXERUS - AndroidXaminer: 580.062
05-03 22:07:14.274  6222  6514 I BLACKXERUS - AndroidXaminer: 44.627
05-03 22:07:14.274  6222  6514 I BLACKXERUS - AndroidXaminer: -0.011
05-03 22:07:14.274  6222  6514 I BLACKXERUS - AndroidXaminer: 0.008
05-03 22:07:14.274  6222  6514 I BLACKXERUS - AndroidXaminer: 0.012
05-03 22:07:14.274  6222  6514 I BLACKXERUS - AndroidXaminer: -0.008
05-03 22:07:14.274  6222  6514 I BLACKXERUS - AndroidXaminer: 0.833
05-03 22:07:14.275  6222  6514 I BLACKXERUS - AndroidXaminer: 0.827
05-03 22:07:14.275  6222  6514 I BLACKXERUS - AndroidXaminer: 0.167
05-03 22:07:14.275  6222  6514 I BLACKXERUS - AndroidXaminer: 0.161
05-03 22:07:14.275  6222  6514 I BLACKXERUS - AndroidXaminer: 167.391
05-03 22:07:14.275  6222  6514 I BLACKXERUS - AndroidXaminer: 580.028
05-03 22:07:14.275  6222  6514 I BLACKXERUS - AndroidXaminer: 44.651
05-03 22:07:14.275  6222  6514 I BLACKXERUS - AndroidXaminer: -0.012
05-03 22:07:14.275  6222  6514 I BLACKXERUS - AndroidXaminer: 0.008
05-03 22:07:14.275  6222  6514 I BLACKXERUS - AndroidXaminer: 0.013
05-03 22:07:14.275  6222  6514 I BLACKXERUS - AndroidXaminer: -0.007
05-03 22:07:14.275  6222  6514 I BLACKXERUS - AndroidXaminer: 0.833
05-03 22:07:14.275  6222  6514 I BLACKXERUS - AndroidXaminer: 0.827
05-03 22:07:14.275  6222  6514 I BLACKXERUS - AndroidXaminer: 0.167
05-03 22:07:14.275  6222  6514 I BLACKXERUS - AndroidXaminer: 0.161
05-03 22:07:14.276  6222  6514 I BLACKXERUS - AndroidXaminer: 169.408
05-03 22:07:14.276  6222  6514 I BLACKXERUS - AndroidXaminer: 579.99
05-03 22:07:14.276  6222  6514 I BLACKXERUS - AndroidXaminer: 44.674
05-03 22:07:14.276  6222  6514 I BLACKXERUS - AndroidXaminer: -0.013
05-03 22:07:14.276  6222  6514 I BLACKXERUS - AndroidXaminer: 0.007
05-03 22:07:14.276  6222  6514 I BLACKXERUS - AndroidXaminer: 0.015
05-03 22:07:14.276  6222  6514 I BLACKXERUS - AndroidXaminer: -0.007
05-03 22:07:14.276  6222  6514 I BLACKXERUS - AndroidXaminer: 0.833
05-03 22:07:14.276  6222  6514 I BLACKXERUS - AndroidXaminer: 0.827
05-03 22:07:14.276  6222  6514 I BLACKXERUS - AndroidXaminer: 0.167
05-03 22:07:14.276  6222  6514 I BLACKXERUS - AndroidXaminer: 0.161
05-03 22:07:14.276  6222  6514 I BLACKXERUS - AndroidXaminer: 171.424
05-03 22:07:14.276  6222  6514 I BLACKXERUS - AndroidXaminer: 579.948
05-03 22:07:14.276  6222  6514 I BLACKXERUS - AndroidXaminer: 44.696
05-03 22:07:14.276  6222  6514 I BLACKXERUS - AndroidXaminer: -0.015
05-03 22:07:14.276  6222  6514 I BLACKXERUS - AndroidXaminer: 0.007
05-03 22:07:14.277  6222  6514 I BLACKXERUS - AndroidXaminer: 0.016
05-03 22:07:14.277  6222  6514 I BLACKXERUS - AndroidXaminer: -0.007
05-03 22:07:14.277  6222  6514 I BLACKXERUS - AndroidXaminer: 0.833
05-03 22:07:14.277  6222  6514 I BLACKXERUS - AndroidXaminer: 0.827
05-03 22:07:14.277  6222  6514 I BLACKXERUS - AndroidXaminer: 0.167
05-03 22:07:14.277  6222  6514 I BLACKXERUS - AndroidXaminer: 0.161
05-03 22:07:14.277  6222  6514 I BLACKXERUS - AndroidXaminer: 173.441
05-03 22:07:14.277  6222  6514 I BLACKXERUS - AndroidXaminer: 579.901
05-03 22:07:14.277  6222  6514 I BLACKXERUS - AndroidXaminer: 44.716
05-03 22:07:14.277  6222  6514 I BLACKXERUS - AndroidXaminer: -0.016
05-03 22:07:14.277  6222  6514 I BLACKXERUS - AndroidXaminer: 0.007
05-03 22:07:14.277  6222  6514 I BLACKXERUS - AndroidXaminer: 0.018
05-03 22:07:14.277  6222  6514 I BLACKXERUS - AndroidXaminer: -0.006
05-03 22:07:14.277  6222  6514 I BLACKXERUS - AndroidXaminer: 0.833
05-03 22:07:14.277  6222  6514 I BLACKXERUS - AndroidXaminer: 0.828
05-03 22:07:14.278  6222  6514 I BLACKXERUS - AndroidXaminer: 0.167
05-03 22:07:14.278  6222  6514 I BLACKXERUS - AndroidXaminer: 0.161
05-03 22:07:14.278  6222  6514 I BLACKXERUS - AndroidXaminer: 175.459
05-03 22:07:14.278  6222  6514 I BLACKXERUS - AndroidXaminer: 579.849
05-03 22:07:14.278  6222  6514 I BLACKXERUS - AndroidXaminer: 44.735
05-03 22:07:14.278  6222  6514 I BLACKXERUS - AndroidXaminer: -0.018
05-03 22:07:14.278  6222  6514 I BLACKXERUS - AndroidXaminer: 0.006
05-03 22:07:14.278  6222  6514 I BLACKXERUS - AndroidXaminer: 0.019
05-03 22:07:14.278  6222  6514 I BLACKXERUS - AndroidXaminer: -0.006
05-03 22:07:14.278  6222  6514 I BLACKXERUS - AndroidXaminer: 0.833
05-03 22:07:14.278  6222  6514 I BLACKXERUS - AndroidXaminer: 0.828
05-03 22:07:14.278  6222  6514 I BLACKXERUS - AndroidXaminer: 0.167
05-03 22:07:14.278  6222  6514 I BLACKXERUS - AndroidXaminer: 0.161
05-03 22:07:14.278  6222  6514 I BLACKXERUS - AndroidXaminer: 177.475
05-03 22:07:14.278  6222  6514 I BLACKXERUS - AndroidXaminer: 579.794
05-03 22:07:14.279  6222  6514 I BLACKXERUS - AndroidXaminer: 44.753
05-03 22:07:14.279  6222  6514 I BLACKXERUS - AndroidXaminer: -0.019
05-03 22:07:14.279  6222  6514 I BLACKXERUS - AndroidXaminer: 0.006
05-03 22:07:14.279  6222  6514 I BLACKXERUS - AndroidXaminer: 0.021
05-03 22:07:14.279  6222  6514 I BLACKXERUS - AndroidXaminer: -0.005
05-03 22:07:14.279  6222  6514 I BLACKXERUS - AndroidXaminer: 0.833
05-03 22:07:14.279  6222  6514 I BLACKXERUS - AndroidXaminer: 0.828
05-03 22:07:14.279  6222  6514 I BLACKXERUS - AndroidXaminer: 0.167
05-03 22:07:14.279  6222  6514 I BLACKXERUS - AndroidXaminer: 0.161
05-03 22:07:14.279  6222  6514 I BLACKXERUS - AndroidXaminer: 179.492
05-03 22:07:14.279  6222  6514 I BLACKXERUS - AndroidXaminer: 579.733
05-03 22:07:14.279  6222  6514 I BLACKXERUS - AndroidXaminer: 44.77
05-03 22:07:14.279  6222  6514 I BLACKXERUS - AndroidXaminer: -0.021
05-03 22:07:14.279  6222  6514 I BLACKXERUS - AndroidXaminer: 0.005
05-03 22:07:14.279  6222  6514 I BLACKXERUS - AndroidXaminer: 0.022
05-03 22:07:14.280  6222  6514 I BLACKXERUS - AndroidXaminer: -0.005
05-03 22:07:14.280  6222  6514 I BLACKXERUS - AndroidXaminer: 0.833
05-03 22:07:14.280  6222  6514 I BLACKXERUS - AndroidXaminer: 0.828
05-03 22:07:14.280  6222  6514 I BLACKXERUS - AndroidXaminer: 0.167
05-03 22:07:14.280  6222  6514 I BLACKXERUS - AndroidXaminer: 0.162
05-03 22:07:14.280  6222  6514 I BLACKXERUS - AndroidXaminer: 181.508
05-03 22:07:14.280  6222  6514 I BLACKXERUS - AndroidXaminer: 579.669
05-03 22:07:14.280  6222  6514 I BLACKXERUS - AndroidXaminer: 44.786
05-03 22:07:14.280  6222  6514 I BLACKXERUS - AndroidXaminer: -0.022
05-03 22:07:14.280  6222  6514 I BLACKXERUS - AndroidXaminer: 0.005
05-03 22:07:14.280  6222  6514 I BLACKXERUS - AndroidXaminer: 0.024
05-03 22:07:14.280  6222  6514 I BLACKXERUS - AndroidXaminer: -0.005
05-03 22:07:14.280  6222  6514 I BLACKXERUS - AndroidXaminer: 0.833
05-03 22:07:14.280  6222  6514 I BLACKXERUS - AndroidXaminer: 0.829
05-03 22:07:14.281  6222  6514 I BLACKXERUS - AndroidXaminer: 0.167
05-03 22:07:14.281  6222  6514 I BLACKXERUS - AndroidXaminer: 0.162
05-03 22:07:14.281  6222  6514 I BLACKXERUS - AndroidXaminer: 183.525
05-03 22:07:14.281  6222  6514 I BLACKXERUS - AndroidXaminer: 579.599
05-03 22:07:14.281  6222  6514 I BLACKXERUS - AndroidXaminer: 44.8
05-03 22:07:14.281  6222  6514 I BLACKXERUS - AndroidXaminer: -0.024
05-03 22:07:14.281  6222  6514 I BLACKXERUS - AndroidXaminer: 0.005
05-03 22:07:14.281  6222  6514 I BLACKXERUS - AndroidXaminer: 0.025
05-03 22:07:14.281  6222  6514 I BLACKXERUS - AndroidXaminer: -0.004
05-03 22:07:14.281  6222  6514 I BLACKXERUS - AndroidXaminer: 0.833
05-03 22:07:14.281  6222  6514 I BLACKXERUS - AndroidXaminer: 0.829
05-03 22:07:14.281  6222  6514 I BLACKXERUS - AndroidXaminer: 0.167
05-03 22:07:14.281  6222  6222 I BLACKXERUS - AndroidXaminer: Digitaler Handshake
05-03 22:07:14.281  6222  6514 I BLACKXERUS - AndroidXaminer: 0.162
05-03 22:07:14.281  6222  6222 I BLACKXERUS - AndroidXaminer: Automatischer Handshake:
05-03 22:07:14.281  6222  6514 I BLACKXERUS - AndroidXaminer: 185.541
05-03 22:07:14.282  6222  6222 I BLACKXERUS - AndroidXaminer: aktiv
05-03 22:07:14.282  6222  6514 I BLACKXERUS - AndroidXaminer: 579.525
05-03 22:07:14.282  6222  6222 I BLACKXERUS - AndroidXaminer: inaktiv
05-03 22:07:14.282  6222  6514 I BLACKXERUS - AndroidXaminer: 44.813
05-03 22:07:14.282  6222  6514 I BLACKXERUS - AndroidXaminer: -0.025
05-03 22:07:14.282  6222  6514 I BLACKXERUS - AndroidXaminer: 0.004
05-03 22:07:14.282  6222  6514 I BLACKXERUS - AndroidXaminer: 0.027
05-03 22:07:14.282  6222  6222 I BLACKXERUS - AndroidXaminer: Aktuell werden keine Ihrer Begegnungen automatisch gespeichert. Bitte aktivieren Sie hierzu den automatischen Handshake.
05-03 22:07:14.282  6222  6514 I BLACKXERUS - AndroidXaminer: -0.004
05-03 22:07:14.282  6222  6222 I BLACKXERUS - AndroidXaminer: Manuellen Handshake starten
05-03 22:07:14.282  6222  6222 I BLACKXERUS - AndroidXaminer: Wie funktioniert es?
05-03 22:07:14.282  6222  6514 I BLACKXERUS - AndroidXaminer: 0.833
05-03 22:07:14.282  6222  6222 I BLACKXERUS - AndroidXaminer: Wie fühlen Sie sich heute?
05-03 22:07:14.282  6222  6514 I BLACKXERUS - AndroidXaminer: 0.829
05-03 22:07:14.282  6222  6222 I BLACKXERUS - AndroidXaminer: Erhalten Sie eine Einschätzung zu Ihrem Gesundheitszustand.
05-03 22:07:14.282  6222  6514 I BLACKXERUS - AndroidXaminer: 0.167
05-03 22:07:14.282  6222  6222 I BLACKXERUS - AndroidXaminer: Symptome abprüfen
05-03 22:07:14.282  6222  6514 I BLACKXERUS - AndroidXaminer: 0.162
05-03 22:07:14.282  6222  6514 I BLACKXERUS - AndroidXaminer: 187.559
05-03 22:07:14.282  6222  6222 I BLACKXERUS - AndroidXaminer: Corona-Infektion melden
05-03 22:07:14.282  6222  6514 I BLACKXERUS - AndroidXaminer: 579.447
05-03 22:07:14.283  6222  6514 I BLACKXERUS - AndroidXaminer: 44.826
05-03 22:07:14.283  6222  6222 I BLACKXERUS - AndroidXaminer: Melden Sie eine ärztlich bestätigte Infektion, um Ihre Kontakte zu schützen.
05-03 22:07:14.283  6222  6514 I BLACKXERUS - AndroidXaminer: -0.027
05-03 22:07:14.283  6222  6514 I BLACKXERUS - AndroidXaminer: 0.004
05-03 22:07:14.283  6222  6222 I BLACKXERUS - AndroidXaminer: Ärztliche Bestätigung melden
05-03 22:07:14.283  6222  6514 I BLACKXERUS - AndroidXaminer: 0.029
05-03 22:07:14.283  6222  6514 I BLACKXERUS - AndroidXaminer: -0.004
05-03 22:07:14.283  6222  6514 I BLACKXERUS - AndroidXaminer: 0.833
05-03 22:07:14.283  6222  6514 I BLACKXERUS - AndroidXaminer: 0.829
05-03 22:07:14.283  6222  6514 I BLACKXERUS - AndroidXaminer: 0.167
05-03 22:07:14.283  6222  6514 I BLACKXERUS - AndroidXaminer: 0.162
05-03 22:07:14.283  6222  6514 I BLACKXERUS - AndroidXaminer: 189.576
05-03 22:07:14.283  6222  6514 I BLACKXERUS - AndroidXaminer: 579.363
05-03 22:07:14.283  6222  6514 I BLACKXERUS - AndroidXaminer: 44.837
05-03 22:07:14.283  6222  6514 I BLACKXERUS - AndroidXaminer: -0.029
05-03 22:07:14.283  6222  6514 I BLACKXERUS - AndroidXaminer: 0.004
05-03 22:07:14.283  6222  6514 I BLACKXERUS - AndroidXaminer: 0.03
05-03 22:07:14.283  6222  6514 I BLACKXERUS - AndroidXaminer: -0.003
05-03 22:07:14.283  6222  6514 I BLACKXERUS - AndroidXaminer: 0.833
05-03 22:07:14.283  6222  6514 I BLACKXERUS - AndroidXaminer: 0.829
05-03 22:07:14.283  6222  6514 I BLACKXERUS - AndroidXaminer: 0.167
05-03 22:07:14.284  6222  6514 I BLACKXERUS - AndroidXaminer: 0.163
05-03 22:07:14.284  6222  6514 I BLACKXERUS - AndroidXaminer: 191.592
05-03 22:07:14.284  6222  6514 I BLACKXERUS - AndroidXaminer: 579.275
05-03 22:07:14.284  6222  6514 I BLACKXERUS - AndroidXaminer: 44.847
05-03 22:07:14.284  6222  6514 I BLACKXERUS - AndroidXaminer: -0.03
05-03 22:07:14.284  6222  6514 I BLACKXERUS - AndroidXaminer: 0.003
05-03 22:07:14.284  6222  6514 I BLACKXERUS - AndroidXaminer: 0.032
05-03 22:07:14.284  6222  6514 I BLACKXERUS - AndroidXaminer: -0.003
05-03 22:07:14.284  6222  6514 I BLACKXERUS - AndroidXaminer: 0.833
05-03 22:07:14.284  6222  6514 I BLACKXERUS - AndroidXaminer: 0.829
05-03 22:07:14.284  6222  6514 I BLACKXERUS - AndroidXaminer: 0.167
05-03 22:07:14.284  6222  6514 I BLACKXERUS - AndroidXaminer: 0.163
05-03 22:07:14.284  6222  6514 I BLACKXERUS - AndroidXaminer: 193.609
05-03 22:07:14.284  6222  6514 I BLACKXERUS - AndroidXaminer: 579.183
05-03 22:07:14.284  6222  6514 I BLACKXERUS - AndroidXaminer: 44.857
05-03 22:07:14.284  6222  6514 I BLACKXERUS - AndroidXaminer: -0.032
05-03 22:07:14.284  6222  6514 I BLACKXERUS - AndroidXaminer: 0.003
05-03 22:07:14.284  6222  6514 I BLACKXERUS - AndroidXaminer: 0.033
05-03 22:07:14.284  6222  6514 I BLACKXERUS - AndroidXaminer: -0.003
05-03 22:07:14.284  6222  6514 I BLACKXERUS - AndroidXaminer: 0.833
05-03 22:07:14.284  6222  6514 I BLACKXERUS - AndroidXaminer: 0.83
05-03 22:07:14.284  6222  6514 I BLACKXERUS - AndroidXaminer: 0.167
05-03 22:07:14.284  6222  6514 I BLACKXERUS - AndroidXaminer: 0.163
05-03 22:07:14.285  6222  6514 I BLACKXERUS - AndroidXaminer: 195.625
05-03 22:07:14.285  6222  6514 I BLACKXERUS - AndroidXaminer: 579.085
05-03 22:07:14.285  6222  6514 I BLACKXERUS - AndroidXaminer: 44.865
05-03 22:07:14.285  6222  6514 I BLACKXERUS - AndroidXaminer: -0.033
05-03 22:07:14.285  6222  6514 I BLACKXERUS - AndroidXaminer: 0.003
05-03 22:07:14.285  6222  6514 I BLACKXERUS - AndroidXaminer: 0.035
05-03 22:07:14.285  6222  6514 I BLACKXERUS - AndroidXaminer: -0.002
05-03 22:07:14.285  6222  6514 I BLACKXERUS - AndroidXaminer: 0.833
05-03 22:07:14.285  6222  6514 I BLACKXERUS - AndroidXaminer: 0.83
05-03 22:07:14.285  6222  6514 I BLACKXERUS - AndroidXaminer: 0.167
05-03 22:07:14.285  6222  6514 I BLACKXERUS - AndroidXaminer: 0.163
05-03 22:07:14.285  6222  6514 I BLACKXERUS - AndroidXaminer: 197.643
05-03 22:07:14.285  6222  6514 I BLACKXERUS - AndroidXaminer: 578.983
05-03 22:07:14.285  6222  6514 I BLACKXERUS - AndroidXaminer: 44.873
05-03 22:07:14.285  6222  6514 I BLACKXERUS - AndroidXaminer: -0.035
05-03 22:07:14.285  6222  6514 I BLACKXERUS - AndroidXaminer: 0.002
05-03 22:07:14.285  6222  6514 I BLACKXERUS - AndroidXaminer: 0.036
05-03 22:07:14.285  6222  6514 I BLACKXERUS - AndroidXaminer: -0.002
05-03 22:07:14.285  6222  6514 I BLACKXERUS - AndroidXaminer: 0.833
05-03 22:07:14.285  6222  6514 I BLACKXERUS - AndroidXaminer: 0.83
05-03 22:07:14.285  6222  6514 I BLACKXERUS - AndroidXaminer: 0.167
05-03 22:07:14.285  6222  6514 I BLACKXERUS - AndroidXaminer: 0.163
05-03 22:07:14.286  6222  6514 I BLACKXERUS - AndroidXaminer: 199.66
05-03 22:07:14.286  6222  6514 I BLACKXERUS - AndroidXaminer: 578.876
05-03 22:07:14.286  6222  6514 I BLACKXERUS - AndroidXaminer: 44.88
05-03 22:07:14.286  6222  6514 I BLACKXERUS - AndroidXaminer: -0.036
05-03 22:07:14.286  6222  6514 I BLACKXERUS - AndroidXaminer: 0.002
05-03 22:07:14.286  6222  6514 I BLACKXERUS - AndroidXaminer: 0.038
05-03 22:07:14.286  6222  6514 I BLACKXERUS - AndroidXaminer: -0.002
05-03 22:07:14.286  6222  6514 I BLACKXERUS - AndroidXaminer: 0.833
05-03 22:07:14.286  6222  6514 I BLACKXERUS - AndroidXaminer: 0.83
05-03 22:07:14.286  6222  6514 I BLACKXERUS - AndroidXaminer: 0.167
05-03 22:07:14.286  6222  6514 I BLACKXERUS - AndroidXaminer: 0.163
05-03 22:07:14.286  6222  6514 I BLACKXERUS - AndroidXaminer: 201.676
05-03 22:07:14.286  6222  6514 I BLACKXERUS - AndroidXaminer: 578.764
05-03 22:07:14.286  6222  6514 I BLACKXERUS - AndroidXaminer: 44.887
05-03 22:07:14.286  6222  6514 I BLACKXERUS - AndroidXaminer: -0.038
05-03 22:07:14.286  6222  6514 I BLACKXERUS - AndroidXaminer: 0.002
05-03 22:07:14.286  6222  6514 I BLACKXERUS - AndroidXaminer: 0.04
05-03 22:07:14.286  6222  6514 I BLACKXERUS - AndroidXaminer: -0.002
05-03 22:07:14.286  6222  6514 I BLACKXERUS - AndroidXaminer: 0.833
05-03 22:07:14.286  6222  6514 I BLACKXERUS - AndroidXaminer: 0.83
05-03 22:07:14.286  6222  6514 I BLACKXERUS - AndroidXaminer: 0.167
05-03 22:07:14.286  6222  6514 I BLACKXERUS - AndroidXaminer: 0.163
05-03 22:07:14.286  6222  6514 I BLACKXERUS - AndroidXaminer: 203.693
05-03 22:07:14.286  6222  6514 I BLACKXERUS - AndroidXaminer: 578.648
05-03 22:07:14.286  6222  6514 I BLACKXERUS - AndroidXaminer: 44.893
05-03 22:07:14.287  6222  6514 I BLACKXERUS - AndroidXaminer: -0.04
05-03 22:07:14.287  6222  6514 I BLACKXERUS - AndroidXaminer: 0.002
05-03 22:07:14.287  6222  6514 I BLACKXERUS - AndroidXaminer: 0.041
05-03 22:07:14.287  6222  6514 I BLACKXERUS - AndroidXaminer: -0.002
05-03 22:07:14.287  6222  6514 I BLACKXERUS - AndroidXaminer: 0.833
05-03 22:07:14.287  6222  6514 I BLACKXERUS - AndroidXaminer: 0.83
05-03 22:07:14.287  6222  6514 I BLACKXERUS - AndroidXaminer: 0.167
05-03 22:07:14.287  6222  6514 I BLACKXERUS - AndroidXaminer: 0.164
05-03 22:07:14.287  6222  6514 I BLACKXERUS - AndroidXaminer: 205.709
05-03 22:07:14.287  6222  6514 I BLACKXERUS - AndroidXaminer: 578.527
05-03 22:07:14.287  6222  6514 I BLACKXERUS - AndroidXaminer: 44.899
05-03 22:07:14.287  6222  6514 I BLACKXERUS - AndroidXaminer: -0.041
05-03 22:07:14.287  6222  6514 I BLACKXERUS - AndroidXaminer: 0.002
05-03 22:07:14.287  6222  6514 I BLACKXERUS - AndroidXaminer: 0.043
05-03 22:07:14.287  6222  6514 I BLACKXERUS - AndroidXaminer: -0.002
05-03 22:07:14.287  6222  6514 I BLACKXERUS - AndroidXaminer: 0.833
05-03 22:07:14.287  6222  6514 I BLACKXERUS - AndroidXaminer: 0.83
05-03 22:07:14.287  6222  6514 I BLACKXERUS - AndroidXaminer: 0.167
05-03 22:07:14.287  6222  6514 I BLACKXERUS - AndroidXaminer: 0.164
05-03 22:07:14.287  6222  6514 I BLACKXERUS - AndroidXaminer: 207.727
05-03 22:07:14.287  6222  6514 I BLACKXERUS - AndroidXaminer: 578.401
05-03 22:07:14.287  6222  6514 I BLACKXERUS - AndroidXaminer: 44.904
05-03 22:07:14.287  6222  6514 I BLACKXERUS - AndroidXaminer: -0.043
05-03 22:07:14.288  6222  6514 I BLACKXERUS - AndroidXaminer: 0.002
05-03 22:07:14.288  6222  6514 I BLACKXERUS - AndroidXaminer: 0.044
05-03 22:07:14.288  6222  6514 I BLACKXERUS - AndroidXaminer: -0.002
05-03 22:07:14.288  6222  6514 I BLACKXERUS - AndroidXaminer: 0.833
05-03 22:07:14.288  6222  6514 I BLACKXERUS - AndroidXaminer: 0.83
05-03 22:07:14.288  6222  6514 I BLACKXERUS - AndroidXaminer: 0.167
05-03 22:07:14.288  6222  6514 I BLACKXERUS - AndroidXaminer: 0.164
05-03 22:07:14.288  6222  6514 I BLACKXERUS - AndroidXaminer: 209.742
05-03 22:07:14.288  6222  6514 I BLACKXERUS - AndroidXaminer: 578.27
05-03 22:07:14.288  6222  6514 I BLACKXERUS - AndroidXaminer: 44.909
05-03 22:07:14.288  6222  6514 I BLACKXERUS - AndroidXaminer: -0.044
05-03 22:07:14.288  6222  6514 I BLACKXERUS - AndroidXaminer: 0.002
05-03 22:07:14.288  6222  6514 I BLACKXERUS - AndroidXaminer: 0.046
05-03 22:07:14.288  6222  6514 I BLACKXERUS - AndroidXaminer: -0.002
05-03 22:07:14.288  6222  6514 I BLACKXERUS - AndroidXaminer: 0.833
05-03 22:07:14.288  6222  6514 I BLACKXERUS - AndroidXaminer: 0.831
05-03 22:07:14.288  6222  6514 I BLACKXERUS - AndroidXaminer: 0.167
05-03 22:07:14.288  6222  6514 I BLACKXERUS - AndroidXaminer: 0.164
05-03 22:07:14.288  6222  6514 I BLACKXERUS - AndroidXaminer: 211.76
05-03 22:07:14.288  6222  6514 I BLACKXERUS - AndroidXaminer: 578.135
05-03 22:07:14.288  6222  6514 I BLACKXERUS - AndroidXaminer: 44.914
05-03 22:07:14.288  6222  6514 I BLACKXERUS - AndroidXaminer: -0.046
05-03 22:07:14.289  6222  6514 I BLACKXERUS - AndroidXaminer: 0.002
05-03 22:07:14.289  6222  6514 I BLACKXERUS - AndroidXaminer: 0.047
05-03 22:07:14.289  6222  6514 I BLACKXERUS - AndroidXaminer: -0.002
05-03 22:07:14.289  6222  6514 I BLACKXERUS - AndroidXaminer: 0.833
05-03 22:07:14.289  6222  6514 I BLACKXERUS - AndroidXaminer: 0.831
05-03 22:07:14.289  6222  6514 I BLACKXERUS - AndroidXaminer: 0.167
05-03 22:07:14.289  6222  6514 I BLACKXERUS - AndroidXaminer: 0.164
05-03 22:07:14.289  6222  6514 I BLACKXERUS - AndroidXaminer: 213.777
05-03 22:07:14.289  6222  6514 I BLACKXERUS - AndroidXaminer: 577.995
05-03 22:07:14.289  6222  6514 I BLACKXERUS - AndroidXaminer: 44.92
05-03 22:07:14.289  6222  6514 I BLACKXERUS - AndroidXaminer: -0.047
05-03 22:07:14.289  6222  6514 I BLACKXERUS - AndroidXaminer: 0.002
05-03 22:07:14.289  6222  6514 I BLACKXERUS - AndroidXaminer: 0.049
05-03 22:07:14.289  6222  6514 I BLACKXERUS - AndroidXaminer: -0.002
05-03 22:07:14.289  6222  6514 I BLACKXERUS - AndroidXaminer: 0.833
05-03 22:07:14.289  6222  6514 I BLACKXERUS - AndroidXaminer: 0.831
05-03 22:07:14.289  6222  6514 I BLACKXERUS - AndroidXaminer: 0.167
05-03 22:07:14.289  6222  6514 I BLACKXERUS - AndroidXaminer: 0.164
05-03 22:07:14.289  6222  6514 I BLACKXERUS - AndroidXaminer: 215.793
05-03 22:07:14.289  6222  6514 I BLACKXERUS - AndroidXaminer: 577.85
05-03 22:07:14.289  6222  6514 I BLACKXERUS - AndroidXaminer: 44.925
05-03 22:07:14.289  6222  6514 I BLACKXERUS - AndroidXaminer: -0.049
05-03 22:07:14.289  6222  6514 I BLACKXERUS - AndroidXaminer: 0.002
05-03 22:07:14.290  6222  6514 I BLACKXERUS - AndroidXaminer: 0.05
05-03 22:07:14.290  6222  6514 I BLACKXERUS - AndroidXaminer: -0.002
05-03 22:07:14.290  6222  6514 I BLACKXERUS - AndroidXaminer: 0.833
05-03 22:07:14.290  6222  6514 I BLACKXERUS - AndroidXaminer: 0.831
05-03 22:07:14.290  6222  6514 I BLACKXERUS - AndroidXaminer: 0.167
05-03 22:07:14.290  6222  6514 I BLACKXERUS - AndroidXaminer: 0.164
05-03 22:07:14.290  6222  6514 I BLACKXERUS - AndroidXaminer: 217.811
05-03 22:07:14.290  6222  6514 I BLACKXERUS - AndroidXaminer: 577.701
05-03 22:07:14.290  6222  6514 I BLACKXERUS - AndroidXaminer: 44.931
05-03 22:07:14.290  6222  6514 I BLACKXERUS - AndroidXaminer: -0.05
05-03 22:07:14.290  6222  6514 I BLACKXERUS - AndroidXaminer: 0.002
05-03 22:07:14.290  6222  6514 I BLACKXERUS - AndroidXaminer: 0.052
05-03 22:07:14.290  6222  6514 I BLACKXERUS - AndroidXaminer: -0.002
05-03 22:07:14.290  6222  6514 I BLACKXERUS - AndroidXaminer: 0.833
05-03 22:07:14.290  6222  6514 I BLACKXERUS - AndroidXaminer: 0.831
05-03 22:07:14.290  6222  6514 I BLACKXERUS - AndroidXaminer: 0.167
05-03 22:07:14.290  6222  6514 I BLACKXERUS - AndroidXaminer: 0.164
05-03 22:07:14.290  6222  6514 I BLACKXERUS - AndroidXaminer: 219.826
05-03 22:07:14.290  6222  6514 I BLACKXERUS - AndroidXaminer: 577.548
05-03 22:07:14.290  6222  6514 I BLACKXERUS - AndroidXaminer: 44.938
05-03 22:07:14.290  6222  6514 I BLACKXERUS - AndroidXaminer: -0.052
05-03 22:07:14.290  6222  6514 I BLACKXERUS - AndroidXaminer: 0.002
05-03 22:07:14.290  6222  6514 I BLACKXERUS - AndroidXaminer: 0.053
05-03 22:07:14.290  6222  6514 I BLACKXERUS - AndroidXaminer: -0.003
05-03 22:07:14.291  6222  6514 I BLACKXERUS - AndroidXaminer: 0.833
05-03 22:07:14.291  6222  6514 I BLACKXERUS - AndroidXaminer: 0.831
05-03 22:07:14.291  6222  6514 I BLACKXERUS - AndroidXaminer: 0.167
05-03 22:07:14.291  6222  6514 I BLACKXERUS - AndroidXaminer: 0.164
05-03 22:07:14.291  6222  6514 I BLACKXERUS - AndroidXaminer: 221.844
05-03 22:07:14.291  6222  6514 I BLACKXERUS - AndroidXaminer: 577.39
05-03 22:07:14.291  6222  6514 I BLACKXERUS - AndroidXaminer: 44.945
05-03 22:07:14.291  6222  6514 I BLACKXERUS - AndroidXaminer: -0.053
05-03 22:07:14.291  6222  6514 I BLACKXERUS - AndroidXaminer: 0.003
05-03 22:07:14.291  6222  6514 I BLACKXERUS - AndroidXaminer: 0.055
05-03 22:07:14.291  6222  6514 I BLACKXERUS - AndroidXaminer: -0.003
05-03 22:07:14.291  6222  6514 I BLACKXERUS - AndroidXaminer: 0.833
05-03 22:07:14.291  6222  6514 I BLACKXERUS - AndroidXaminer: 0.831
05-03 22:07:14.291  6222  6514 I BLACKXERUS - AndroidXaminer: 0.167
05-03 22:07:14.291  6222  6514 I BLACKXERUS - AndroidXaminer: 0.165
05-03 22:07:14.291  6222  6514 I BLACKXERUS - AndroidXaminer: 223.859
05-03 22:07:14.291  6222  6514 I BLACKXERUS - AndroidXaminer: 577.227
05-03 22:07:14.291  6222  6514 I BLACKXERUS - AndroidXaminer: 44.953
05-03 22:07:14.291  6222  6514 I BLACKXERUS - AndroidXaminer: -0.055
05-03 22:07:14.291  6222  6514 I BLACKXERUS - AndroidXaminer: 0.003
05-03 22:07:14.291  6222  6514 I BLACKXERUS - AndroidXaminer: 0.056
05-03 22:07:14.291  6222  6514 I BLACKXERUS - AndroidXaminer: -0.003
05-03 22:07:14.291  6222  6514 I BLACKXERUS - AndroidXaminer: 0.833
05-03 22:07:14.292  6222  6514 I BLACKXERUS - AndroidXaminer: 0.831
05-03 22:07:14.292  6222  6514 I BLACKXERUS - AndroidXaminer: 0.167
05-03 22:07:14.292  6222  6514 I BLACKXERUS - AndroidXaminer: 0.165
05-03 22:07:14.292  6222  6514 I BLACKXERUS - AndroidXaminer: 225.877
05-03 22:07:14.292  6222  6514 I BLACKXERUS - AndroidXaminer: 577.061
05-03 22:07:14.292  6222  6514 I BLACKXERUS - AndroidXaminer: 44.963
05-03 22:07:14.292  6222  6514 I BLACKXERUS - AndroidXaminer: -0.056
05-03 22:07:14.292  6222  6514 I BLACKXERUS - AndroidXaminer: 0.003
05-03 22:07:14.292  6222  6514 I BLACKXERUS - AndroidXaminer: 0.058
05-03 22:07:14.292  6222  6514 I BLACKXERUS - AndroidXaminer: -0.004
05-03 22:07:14.292  6222  6514 I BLACKXERUS - AndroidXaminer: 0.833
05-03 22:07:14.292  6222  6514 I BLACKXERUS - AndroidXaminer: 0.831
05-03 22:07:14.292  6222  6514 I BLACKXERUS - AndroidXaminer: 0.167
05-03 22:07:14.292  6222  6514 I BLACKXERUS - AndroidXaminer: 0.165
05-03 22:07:14.292  6222  6514 I BLACKXERUS - AndroidXaminer: 227.895
05-03 22:07:14.292  6222  6514 I BLACKXERUS - AndroidXaminer: 576.89
05-03 22:07:14.292  6222  6514 I BLACKXERUS - AndroidXaminer: 44.973
05-03 22:07:14.292  6222  6514 I BLACKXERUS - AndroidXaminer: -0.058
05-03 22:07:14.292  6222  6514 I BLACKXERUS - AndroidXaminer: 0.004
05-03 22:07:14.292  6222  6514 I BLACKXERUS - AndroidXaminer: 0.059
05-03 22:07:14.292  6222  6514 I BLACKXERUS - AndroidXaminer: -0.004
05-03 22:07:14.292  6222  6514 I BLACKXERUS - AndroidXaminer: 0.833
05-03 22:07:14.292  6222  6514 I BLACKXERUS - AndroidXaminer: 0.831
05-03 22:07:14.293  6222  6514 I BLACKXERUS - AndroidXaminer: 0.167
05-03 22:07:14.293  6222  6514 I BLACKXERUS - AndroidXaminer: 0.165
05-03 22:07:14.293  6222  6514 I BLACKXERUS - AndroidXaminer: 229.91
05-03 22:07:14.293  6222  6514 I BLACKXERUS - AndroidXaminer: 576.715
05-03 22:07:14.293  6222  6514 I BLACKXERUS - AndroidXaminer: 44.985
05-03 22:07:14.293  6222  6514 I BLACKXERUS - AndroidXaminer: -0.059
05-03 22:07:14.293  6222  6514 I BLACKXERUS - AndroidXaminer: 0.004
05-03 22:07:14.293  6222  6514 I BLACKXERUS - AndroidXaminer: 0.06
05-03 22:07:14.293  6222  6514 I BLACKXERUS - AndroidXaminer: -0.005
05-03 22:07:14.293  6222  6514 I BLACKXERUS - AndroidXaminer: 0.833
05-03 22:07:14.293  6222  6514 I BLACKXERUS - AndroidXaminer: 0.832
05-03 22:07:14.293  6222  6514 I BLACKXERUS - AndroidXaminer: 0.167
05-03 22:07:14.293  6222  6514 I BLACKXERUS - AndroidXaminer: 0.165
05-03 22:07:14.303  6222  6514 I BLACKXERUS - AndroidXaminer: 0.076
05-03 22:07:14.303  6222  6514 I BLACKXERUS - AndroidXaminer: -0.033
05-03 22:07:14.303  6222  6514 I BLACKXERUS - AndroidXaminer: 0.833
05-03 22:07:14.303  6222  6514 I BLACKXERUS - AndroidXaminer: 0.832
05-03 22:07:14.303  6222  6514 I BLACKXERUS - AndroidXaminer: 0.167
05-03 22:07:14.303  6222  6514 I BLACKXERUS - AndroidXaminer: 0.165
05-03 22:07:14.303  6222  6514 I BLACKXERUS - AndroidXaminer: 268.229
05-03 22:07:14.304  6222  6514 I BLACKXERUS - AndroidXaminer: 0.833
05-03 22:07:14.304  6222  6514 I BLACKXERUS - AndroidXaminer: 0.834
05-03 22:07:14.304  6222  6514 I BLACKXERUS - AndroidXaminer: 0.167
05-03 22:07:14.304  6222  6514 I BLACKXERUS - AndroidXaminer: 0.167
05-03 22:07:14.304  6222  6514 I BLACKXERUS - AndroidXaminer: 272.262
05-03 22:07:14.304  6222  6514 I BLACKXERUS - AndroidXaminer: 572.319
05-03 22:07:14.304  6222  6514 I BLACKXERUS - AndroidXaminer: 46.061
05-03 22:07:14.312  6222  6514 I BLACKXERUS - AndroidXaminer: 300.498
05-03 22:07:14.316  6222  6514 I BLACKXERUS - AndroidXaminer: 569.361
05-03 22:07:14.316  6222  6514 I BLACKXERUS - AndroidXaminer: 47.249
05-03 22:07:14.316  6222  6514 I BLACKXERUS - AndroidXaminer: -0.062
05-03 22:07:14.331  6222  6514 I BLACKXERUS - AndroidXaminer: 47.306
05-03 22:07:14.331  6222  6514 I BLACKXERUS - AndroidXaminer: -0.061
05-03 22:07:14.331  6222  6514 I BLACKXERUS - AndroidXaminer: 0.018
05-03 22:07:14.331  6222  6514 I BLACKXERUS - AndroidXaminer: 0.059
05-03 22:07:14.331  6222  6514 I BLACKXERUS - AndroidXaminer: -0.017
05-03 22:07:14.331  6222  6514 I BLACKXERUS - AndroidXaminer: 0.833
05-03 22:07:14.331  6222  6514 I BLACKXERUS - AndroidXaminer: 0.836
05-03 22:07:14.331  6222  6514 I BLACKXERUS - AndroidXaminer: 0.167
05-03 22:07:14.331  6222  6514 I BLACKXERUS - AndroidXaminer: 0.169
05-03 22:07:14.331  6222  6514 I BLACKXERUS - AndroidXaminer: 304.531
05-03 22:07:14.331  6222  6514 I BLACKXERUS - AndroidXaminer: 568.996
05-03 22:07:14.331  6222  6514 I BLACKXERUS - AndroidXaminer: 47.359
05-03 22:07:14.331  6222  6514 I BLACKXERUS - AndroidXaminer: -0.059
05-03 22:07:14.331  6222  6514 I BLACKXERUS - AndroidXaminer: 0.017
05-03 22:07:14.332  6222  6514 I BLACKXERUS - AndroidXaminer: 0.058
05-03 22:07:14.332  6222  6514 I BLACKXERUS - AndroidXaminer: -0.016
05-03 22:07:14.332  6222  6514 I BLACKXERUS - AndroidXaminer: 0.833
05-03 22:07:14.332  6222  6514 I BLACKXERUS - AndroidXaminer: 0.836
05-03 22:07:14.332  6222  6514 I BLACKXERUS - AndroidXaminer: 0.167
05-03 22:07:14.332  6222  6514 I BLACKXERUS - AndroidXaminer: 0.17
05-03 22:07:14.332  6222  6514 I BLACKXERUS - AndroidXaminer: 306.547
05-03 22:07:14.332  6222  6514 I BLACKXERUS - AndroidXaminer: 568.821
05-03 22:07:14.332  6222  6514 I BLACKXERUS - AndroidXaminer: 47.408
05-03 22:07:14.332  6222  6514 I BLACKXERUS - AndroidXaminer: -0.058
05-03 22:07:14.332  6222  6514 I BLACKXERUS - AndroidXaminer: 0.016
05-03 22:07:14.332  6222  6514 I BLACKXERUS - AndroidXaminer: 0.056
05-03 22:07:14.332  6222  6514 I BLACKXERUS - AndroidXaminer: -0.014
05-03 22:07:14.332  6222  6514 I BLACKXERUS - AndroidXaminer: 0.833
05-03 22:07:14.332  6222  6514 I BLACKXERUS - AndroidXaminer: 0.837
05-03 22:07:14.332  6222  6514 I BLACKXERUS - AndroidXaminer: 0.167
05-03 22:07:14.332  6222  6514 I BLACKXERUS - AndroidXaminer: 0.17
05-03 22:07:14.332  6222  6514 I BLACKXERUS - AndroidXaminer: 308.564
05-03 22:07:14.332  6222  6514 I BLACKXERUS - AndroidXaminer: 568.651
05-03 22:07:14.337  6222  6514 I BLACKXERUS - AndroidXaminer: 567.623
05-03 22:07:14.337  6222  6514 I BLACKXERUS - AndroidXaminer: -0.042
05-03 22:07:14.337  6222  6514 I BLACKXERUS - AndroidXaminer: 0.003
05-03 22:07:14.337  6222  6514 I BLACKXERUS - AndroidXaminer: 0.039
05-03 22:07:14.337  6222  6514 I BLACKXERUS - AndroidXaminer: -0.001
05-03 22:07:14.338  6222  6514 I BLACKXERUS - AndroidXaminer: 0.833
05-03 22:07:14.338  6222  6514 I BLACKXERUS - AndroidXaminer: 0.839
05-03 22:07:14.338  6222  6514 I BLACKXERUS - AndroidXaminer: -0.039
05-03 22:07:14.338  6222  6514 I BLACKXERUS - AndroidXaminer: 0.001
05-03 22:07:14.338  6222  6514 I BLACKXERUS - AndroidXaminer: 0.037
05-03 22:07:14.338  6222  6514 I BLACKXERUS - AndroidXaminer: 0.833
05-03 22:07:14.352  6222  6514 I BLACKXERUS - AndroidXaminer: 0.833
05-03 22:07:14.352  6222  6514 I BLACKXERUS - AndroidXaminer: 0.826
05-03 22:07:14.352  6222  6514 I BLACKXERUS - AndroidXaminer: 0.167
05-03 22:07:14.352  6222  6514 I BLACKXERUS - AndroidXaminer: 0.161
05-03 22:07:14.352  6222  6514 I BLACKXERUS - AndroidXaminer: 354.949
05-03 22:07:14.352  6222  6514 I BLACKXERUS - AndroidXaminer: 566.602
05-03 22:07:14.353  6222  6514 I BLACKXERUS - AndroidXaminer: 47.139
05-03 22:07:14.353  6222  6514 I BLACKXERUS - AndroidXaminer: 0.001
05-03 22:07:14.353  6222  6514 I BLACKXERUS - AndroidXaminer: -0.024
05-03 22:07:14.353  6222  6514 I BLACKXERUS - AndroidXaminer: -0.004
05-03 22:07:14.353  6222  6514 I BLACKXERUS - AndroidXaminer: 0.026
05-03 22:07:14.353  6222  6514 I BLACKXERUS - AndroidXaminer: 0.833
05-03 22:07:14.353  6222  6514 I BLACKXERUS - AndroidXaminer: 0.826
05-03 22:07:14.353  6222  6514 I BLACKXERUS - AndroidXaminer: 0.167
05-03 22:07:14.353  6222  6514 I BLACKXERUS - AndroidXaminer: 0.16
05-03 22:07:14.353  6222  6514 I BLACKXERUS - AndroidXaminer: 356.967
05-03 22:07:14.353  6222  6514 I BLACKXERUS - AndroidXaminer: 566.608
05-03 22:07:14.353  6222  6514 I BLACKXERUS - AndroidXaminer: 47.064
05-03 22:07:14.353  6222  6514 I BLACKXERUS - AndroidXaminer: 0.004
05-03 22:07:14.353  6222  6514 I BLACKXERUS - AndroidXaminer: -0.026
05-03 22:07:14.353  6222  6514 I BLACKXERUS - AndroidXaminer: -0.007
05-03 22:07:14.353  6222  6514 I BLACKXERUS - AndroidXaminer: 0.027
05-03 22:07:14.353  6222  6514 I BLACKXERUS - AndroidXaminer: 0.833
05-03 22:07:14.353  6222  6514 I BLACKXERUS - AndroidXaminer: 0.833
05-03 22:07:14.354  6222  6514 I BLACKXERUS - AndroidXaminer: 0.167
05-03 22:07:14.354  6222  6514 I BLACKXERUS - AndroidXaminer: 0.16
05-03 22:07:14.354  6222  6514 I BLACKXERUS - AndroidXaminer: 358.982
05-03 22:07:14.354  6222  6514 I BLACKXERUS - AndroidXaminer: 566.623
05-03 22:07:14.354  6222  6514 I BLACKXERUS - AndroidXaminer: 46.985
05-03 22:07:14.354  6222  6514 I BLACKXERUS - AndroidXaminer: 0.007
05-03 22:07:14.354  6222  6514 I BLACKXERUS - AndroidXaminer: -0.027
05-03 22:07:14.354  6222  6514 I BLACKXERUS - AndroidXaminer: -0.004
05-03 22:07:14.354  6222  6514 I BLACKXERUS - AndroidXaminer: 0.014
05-03 22:07:14.354  6222  6514 I BLACKXERUS - AndroidXaminer: 566.648
05-03 22:07:14.354  6222  6514 I BLACKXERUS - AndroidXaminer: 46.9
05-03 22:07:14.357  6222  6514 I BLACKXERUS - AndroidXaminer: ix
05-03 22:07:14.357  6222  6514 I BLACKXERUS - AndroidXaminer: a
05-03 22:07:14.357  6222  6514 I BLACKXERUS - AndroidXaminer: ix
05-03 22:07:14.357  6222  6514 I BLACKXERUS - AndroidXaminer: a
05-03 22:07:14.359  6222  6514 I BLACKXERUS - AndroidXaminer: ix
05-03 22:07:14.361  6222  6514 I BLACKXERUS - AndroidXaminer: ao
05-03 22:07:14.361  6222  6514 I BLACKXERUS - AndroidXaminer: ind
05-03 22:07:14.362  6222  6514 I BLACKXERUS - AndroidXaminer: ix
05-03 22:07:14.362  6222  6514 I BLACKXERUS - AndroidXaminer: a
05-03 22:07:14.362  6222  6514 I BLACKXERUS - AndroidXaminer: 12.405
