05-03 22:06:11.932  6222  6222 I BLACKXERUS - AndroidXaminer: |	|	|	|	
05-03 22:06:11.932  6222  6222 I BLACKXERUS - AndroidXaminer: d.a.a.b.a.h1.a
05-03 22:06:11.932  6222  6222 I BLACKXERUS - AndroidXaminer: |	|	|	|	|	
05-03 22:06:11.937  6222  6222 I BLACKXERUS - AndroidXaminer: android.content.Context
05-03 22:06:11.939  6222  6222 I BLACKXERUS - AndroidXaminer: |	
05-03 22:06:11.939  6222  6222 I BLACKXERUS - AndroidXaminer: d.a.a.b.d.b.p
05-03 22:06:11.939  6222  6222 I BLACKXERUS - AndroidXaminer: |	|	
05-03 22:06:11.939  6222  6222 I BLACKXERUS - AndroidXaminer: at.roteskreuz.stopcorona.model.db.DefaultDatabase
05-03 22:06:11.940  6222  6222 I BLACKXERUS - AndroidXaminer: |	
05-03 22:06:11.940  6222  6222 I BLACKXERUS - AndroidXaminer: d.a.a.b.a.u0
05-03 22:06:11.940  6222  6222 I BLACKXERUS - AndroidXaminer: |	|	
05-03 22:06:11.940  6222  6222 I BLACKXERUS - AndroidXaminer: d.a.a.f.a.f.e.a
05-03 22:06:11.941  6222  6222 I BLACKXERUS - AndroidXaminer: |	|	
05-03 22:06:11.941  6222  6222 I BLACKXERUS - AndroidXaminer: android.content.SharedPreferences
05-03 22:06:11.941  6222  6222 I BLACKXERUS - AndroidXaminer: |	|	
05-03 22:06:11.941  6222  6222 I BLACKXERUS - AndroidXaminer: d.a.a.b.a.d
05-03 22:06:11.941  6222  6222 I BLACKXERUS - AndroidXaminer: |	|	
05-03 22:06:11.941  6222  6222 I BLACKXERUS - AndroidXaminer: m.y.u
05-03 22:06:11.941  6222  6222 I BLACKXERUS - AndroidXaminer: |	|	|	
05-03 22:06:11.941  6222  6222 I BLACKXERUS - AndroidXaminer: android.content.Context
05-03 22:06:11.941  6222  6222 I BLACKXERUS - AndroidXaminer: dateOfFirstMedicalConfirmation
05-03 22:06:11.941  6222  6222 I BLACKXERUS - AndroidXaminer: getDateOfFirstMedicalConfirmation()Lorg/threeten/bp/ZonedDateTime;
05-03 22:06:11.942  6222  6222 I BLACKXERUS - AndroidXaminer: dateOfFirstSelfDiagnose
05-03 22:06:11.942  6222  6222 I BLACKXERUS - AndroidXaminer: getDateOfFirstSelfDiagnose()Lorg/threeten/bp/ZonedDateTime;
05-03 22:06:11.942  6222  6222 I BLACKXERUS - AndroidXaminer: dateOfLastSelfDiagnose
05-03 22:06:11.942  6222  6222 I BLACKXERUS - AndroidXaminer: getDateOfLastSelfDiagnose()Lorg/threeten/bp/ZonedDateTime;
05-03 22:06:11.942  6222  6222 I BLACKXERUS - AndroidXaminer: dateOfLastRedContact
05-03 22:06:11.942  6222  6222 I BLACKXERUS - AndroidXaminer: getDateOfLastRedContact()Lorg/threeten/bp/ZonedDateTime;
05-03 22:06:11.942  6222  6222 I BLACKXERUS - AndroidXaminer: dateOfLastYellowContact
05-03 22:06:11.942  6222  6222 I BLACKXERUS - AndroidXaminer: getDateOfLastYellowContact()Lorg/threeten/bp/ZonedDateTime;
05-03 22:06:11.942  6222  6222 I BLACKXERUS - AndroidXaminer: dateOfLastSelfMonitoringInstruction
05-03 22:06:11.942  6222  6222 I BLACKXERUS - AndroidXaminer: getDateOfLastSelfMonitoringInstruction()Lorg/threeten/bp/ZonedDateTime;
05-03 22:06:11.942  6222  6222 I BLACKXERUS - AndroidXaminer: showQuarantineEnd
05-03 22:06:11.942  6222  6222 I BLACKXERUS - AndroidXaminer: getShowQuarantineEnd()Z
05-03 22:06:11.942  6222  6222 I BLACKXERUS - AndroidXaminer: pref_quarantine_repository_date_of_first_medical_confirmation
05-03 22:06:11.942  6222  6222 I BLACKXERUS - AndroidXaminer: pref_quarantine_repository_date_of_first_self_diagnose
05-03 22:06:11.942  6222  6222 I BLACKXERUS - AndroidXaminer: pref_quarantine_repository_date_of_last_self_diagnose
05-03 22:06:11.942  6222  6222 I BLACKXERUS - AndroidXaminer: pref_quarantine_repository_date_of_last_red_contact
05-03 22:06:11.942  6222  6222 I BLACKXERUS - AndroidXaminer: pref_quarantine_repository_date_of_last_yellow_contact
05-03 22:06:11.942  6222  6222 I BLACKXERUS - AndroidXaminer: pref_quarantine_repository_date_opf_last_self_monitoring
05-03 22:06:11.942  6222  6222 I BLACKXERUS - AndroidXaminer: pref_quarantine_repository_show_quarantine_end
05-03 22:06:11.942  6222  6222 I BLACKXERUS - AndroidXaminer: SELECT * FROM configuration
05-03 22:06:11.946  6222  6222 I BLACKXERUS - AndroidXaminer: RxSingleScheduler
05-03 22:06:11.946  6222  6222 I BLACKXERUS - AndroidXaminer: RxSchedulerPurge
05-03 22:06:11.948  6222  6222 I BLACKXERUS - AndroidXaminer: RxComputationShutdown
05-03 22:06:11.949  6222  6222 I BLACKXERUS - AndroidXaminer: RxComputationThreadPool
05-03 22:06:11.950  6222  6222 I BLACKXERUS - AndroidXaminer: RxCachedThreadSchedulerShutdown
05-03 22:06:11.950  6222  6222 I BLACKXERUS - AndroidXaminer: RxCachedThreadScheduler
05-03 22:06:11.950  6222  6222 I BLACKXERUS - AndroidXaminer: RxCachedWorkerPoolEvictor
05-03 22:06:11.952  6222  6222 I BLACKXERUS - AndroidXaminer: RxNewThreadScheduler
05-03 22:06:11.957  6222  6222 I BLACKXERUS - AndroidXaminer: pref_quarantine_repository_date_of_first_medical_confirmation
05-03 22:06:11.958  6222  6222 I BLACKXERUS - AndroidXaminer: pref_quarantine_repository_date_of_last_self_diagnose
05-03 22:06:11.958  6222  6222 I BLACKXERUS - AndroidXaminer: pref_quarantine_repository_date_of_last_red_contact
05-03 22:06:11.958  6222  6222 I BLACKXERUS - AndroidXaminer: pref_quarantine_repository_date_of_last_yellow_contact
05-03 22:06:11.958  6222  6222 I BLACKXERUS - AndroidXaminer: pref_quarantine_repository_date_opf_last_self_monitoring
05-03 22:06:11.960  6222  6222 I BLACKXERUS - AndroidXaminer: |	
05-03 22:06:11.960  6222  6222 I BLACKXERUS - AndroidXaminer: d.a.a.b.a.h
05-03 22:06:11.960  6222  6222 I BLACKXERUS - AndroidXaminer: |	|	
05-03 22:06:11.960  6222  6222 I BLACKXERUS - AndroidXaminer: d.a.a.f.a.f.e.a
05-03 22:06:11.961  6222  6222 I BLACKXERUS - AndroidXaminer: |	|	
05-03 22:06:11.961  6222  6222 I BLACKXERUS - AndroidXaminer: d.a.a.b.a.h1.a
05-03 22:06:11.961  6222  6222 I BLACKXERUS - AndroidXaminer: |	|	
05-03 22:06:11.961  6222  6222 I BLACKXERUS - AndroidXaminer: android.content.SharedPreferences
05-03 22:06:11.961  6222  6222 I BLACKXERUS - AndroidXaminer: |	|	
05-03 22:06:11.961  6222  6222 I BLACKXERUS - AndroidXaminer: at.roteskreuz.stopcorona.model.receivers.BatterySaverStateReceiver
05-03 22:06:11.961  6222  6222 I BLACKXERUS - AndroidXaminer: |	|	
05-03 22:06:11.961  6222  6222 I BLACKXERUS - AndroidXaminer: at.roteskreuz.stopcorona.model.receivers.BluetoothStateReceiver
05-03 22:06:11.962  6222  6222 I BLACKXERUS - AndroidXaminer: notificationsRepository
05-03 22:06:11.962  6222  6222 I BLACKXERUS - AndroidXaminer: getNotificationsRepository()Lat/roteskreuz/stopcorona/model/repositories/NotificationsRepository;
05-03 22:06:11.962  6222  6222 I BLACKXERUS - AndroidXaminer: |	|	
05-03 22:06:11.962  6222  6222 I BLACKXERUS - AndroidXaminer: d.a.a.b.a.u
05-03 22:06:11.963  6222  6222 I BLACKXERUS - AndroidXaminer: |	|	|	
05-03 22:06:11.963  6222  6222 I BLACKXERUS - AndroidXaminer: d.a.a.f.a.f.e.a
05-03 22:06:11.963  6222  6222 I BLACKXERUS - AndroidXaminer: |	|	|	
05-03 22:06:11.963  6222  6222 I BLACKXERUS - AndroidXaminer: d.a.a.b.a.h1.a
05-03 22:06:11.963  6222  6222 I BLACKXERUS - AndroidXaminer: |	|	|	
05-03 22:06:11.963  6222  6222 I BLACKXERUS - AndroidXaminer: d.a.a.b.a.o
05-03 22:06:11.964  6222  6222 I BLACKXERUS - AndroidXaminer: |	|	|	|	
05-03 22:06:11.964  6222  6222 I BLACKXERUS - AndroidXaminer: android.security.KeyPairGeneratorSpec.Builder
05-03 22:06:11.964  6222  6222 I BLACKXERUS - AndroidXaminer: |	|	|	|	|	
05-03 22:06:11.964  6222  6222 I BLACKXERUS - AndroidXaminer: android.content.Context
05-03 22:06:11.965  6222  6222 I BLACKXERUS - AndroidXaminer: keyStore
05-03 22:06:11.965  6222  6222 I BLACKXERUS - AndroidXaminer: getKeyStore()Ljava/security/KeyStore;
05-03 22:06:11.965  6222  6222 I BLACKXERUS - AndroidXaminer: keyPair
05-03 22:06:11.965  6222  6222 I BLACKXERUS - AndroidXaminer: getKeyPair()Ljava/security/cert/Certificate;
05-03 22:06:11.965  6222  6222 I BLACKXERUS - AndroidXaminer: publicKey
05-03 22:06:11.965  6222  6222 I BLACKXERUS - AndroidXaminer: getPublicKey()Ljava/security/PublicKey;
05-03 22:06:11.965  6222  6222 I BLACKXERUS - AndroidXaminer: publicKeyPKCS1
05-03 22:06:11.965  6222  6222 I BLACKXERUS - AndroidXaminer: getPublicKeyPKCS1()[B
05-03 22:06:11.965  6222  6222 I BLACKXERUS - AndroidXaminer: publicKeyPrefix
05-03 22:06:11.965  6222  6222 I BLACKXERUS - AndroidXaminer: getPublicKeyPrefix()Ljava/lang/String;
05-03 22:06:11.965  6222  6222 I BLACKXERUS - AndroidXaminer: publicKeyX509
05-03 22:06:11.965  6222  6222 I BLACKXERUS - AndroidXaminer: getPublicKeyX509()[B
05-03 22:06:11.965  6222  6222 I BLACKXERUS - AndroidXaminer: privateKey
05-03 22:06:11.965  6222  6222 I BLACKXERUS - AndroidXaminer: getPrivateKey()Ljava/security/PrivateKey;
05-03 22:06:11.967  6222  6222 I BLACKXERUS - AndroidXaminer: threadLocalEcImplicitlyCa
05-03 22:06:11.967  6222  6222 I BLACKXERUS - AndroidXaminer: ecImplicitlyCa
05-03 22:06:11.967  6222  6222 I BLACKXERUS - AndroidXaminer: threadLocalDhDefaultParams
05-03 22:06:11.967  6222  6222 I BLACKXERUS - AndroidXaminer: DhDefaultParams
05-03 22:06:11.967  6222  6222 I BLACKXERUS - AndroidXaminer: acceptableEcCurves
05-03 22:06:11.967  6222  6222 I BLACKXERUS - AndroidXaminer: additionalEcParameters
05-03 22:06:12.042  6222  6222 I BLACKXERUS - AndroidXaminer: 1.3.6.1.4.1.8301.3.1.3.5.3.2
05-03 22:06:12.043  6222  6222 I BLACKXERUS - AndroidXaminer: 1.3.6.1.4.1.8301.3.1.3.5.3.2.1
05-03 22:06:12.043  6222  6222 I BLACKXERUS - AndroidXaminer: 1.3.6.1.4.1.8301.3.1.3.5.3.2.2
05-03 22:06:12.043  6222  6222 I BLACKXERUS - AndroidXaminer: 1.3.6.1.4.1.8301.3.1.3.5.3.2.3
05-03 22:06:12.043  6222  6222 I BLACKXERUS - AndroidXaminer: 1.3.6.1.4.1.8301.3.1.3.5.3.2.4
05-03 22:06:12.043  6222  6222 I BLACKXERUS - AndroidXaminer: 1.3.6.1.4.1.8301.3.1.3.5.3.2.5
05-03 22:06:12.043  6222  6222 I BLACKXERUS - AndroidXaminer: 1.3.6.1.4.1.8301.3.1.3.3
05-03 22:06:12.043  6222  6222 I BLACKXERUS - AndroidXaminer: 1.3.6.1.4.1.8301.3.1.3.3.1
05-03 22:06:12.043  6222  6222 I BLACKXERUS - AndroidXaminer: 1.3.6.1.4.1.8301.3.1.3.3.2
05-03 22:06:12.043  6222  6222 I BLACKXERUS - AndroidXaminer: 1.3.6.1.4.1.8301.3.1.3.3.3
05-03 22:06:12.043  6222  6222 I BLACKXERUS - AndroidXaminer: 1.3.6.1.4.1.8301.3.1.3.3.4
05-03 22:06:12.043  6222  6222 I BLACKXERUS - AndroidXaminer: 1.3.6.1.4.1.8301.3.1.3.3.5
05-03 22:06:12.043  6222  6222 I BLACKXERUS - AndroidXaminer: 1.3.6.1.4.1.8301.3.1.3.4.1
05-03 22:06:12.043  6222  6222 I BLACKXERUS - AndroidXaminer: 1.3.6.1.4.1.8301.3.1.3.4.2
05-03 22:06:12.043  6222  6222 I BLACKXERUS - AndroidXaminer: 1.3.6.1.4.1.8301.3.1.3.4.2.1
05-03 22:06:12.043  6222  6222 I BLACKXERUS - AndroidXaminer: 1.3.6.1.4.1.8301.3.1.3.4.2.2
05-03 22:06:12.043  6222  6222 I BLACKXERUS - AndroidXaminer: 1.3.6.1.4.1.8301.3.1.3.4.2.3
05-03 22:06:12.043  6222  6222 I BLACKXERUS - AndroidXaminer: 1.3.6.1.4.1.22554
05-03 22:06:12.043  6222  6222 I BLACKXERUS - AndroidXaminer: 1.3.6.1.4.1.22554.1
05-03 22:06:12.043  6222  6222 I BLACKXERUS - AndroidXaminer: 1.3.6.1.4.1.22554.1.1
05-03 22:06:12.043  6222  6222 I BLACKXERUS - AndroidXaminer: 1.3.6.1.4.1.22554.1.2.1
05-03 22:06:12.043  6222  6222 I BLACKXERUS - AndroidXaminer: 1.3.6.1.4.1.22554.1.2.2
05-03 22:06:12.043  6222  6222 I BLACKXERUS - AndroidXaminer: 1.3.6.1.4.1.22554.1.2.3
05-03 22:06:12.043  6222  6222 I BLACKXERUS - AndroidXaminer: 1.3.6.1.4.1.22554.1.2.4
05-03 22:06:12.043  6222  6222 I BLACKXERUS - AndroidXaminer: 1.3.6.1.4.1.22554.1.1.1
05-03 22:06:12.043  6222  6222 I BLACKXERUS - AndroidXaminer: 1.3.6.1.4.1.22554.1.1.2
05-03 22:06:12.043  6222  6222 I BLACKXERUS - AndroidXaminer: 1.3.6.1.4.1.22554.1.2.1.1
05-03 22:06:12.043  6222  6222 I BLACKXERUS - AndroidXaminer: 1.3.6.1.4.1.22554.1.2.1.2
05-03 22:06:12.043  6222  6222 I BLACKXERUS - AndroidXaminer: 1.3.6.1.4.1.22554.1.1.2.1.2
05-03 22:06:12.043  6222  6222 I BLACKXERUS - AndroidXaminer: 1.3.6.1.4.1.22554.1.1.2.1.22
05-03 22:06:12.044  6222  6222 I BLACKXERUS - AndroidXaminer: 1.3.6.1.4.1.22554.1.1.2.1.42
05-03 22:06:12.044  6222  6222 I BLACKXERUS - AndroidXaminer: 1.3.6.1.4.1.22554.1.2.1.2.1.2
05-03 22:06:12.044  6222  6222 I BLACKXERUS - AndroidXaminer: 1.3.6.1.4.1.22554.1.2.1.2.1.22
05-03 22:06:12.044  6222  6222 I BLACKXERUS - AndroidXaminer: 1.3.6.1.4.1.22554.1.2.1.2.1.42
05-03 22:06:12.044  6222  6222 I BLACKXERUS - AndroidXaminer: 1.3.6.1.4.1.22554.2
05-03 22:06:12.044  6222  6222 I BLACKXERUS - AndroidXaminer: 1.3.6.1.4.1.22554.2.1
05-03 22:06:12.044  6222  6222 I BLACKXERUS - AndroidXaminer: 1.3.6.1.4.1.22554.2.1.1
05-03 22:06:12.044  6222  6222 I BLACKXERUS - AndroidXaminer: 1.3.6.1.4.1.22554.2.1.2
05-03 22:06:12.044  6222  6222 I BLACKXERUS - AndroidXaminer: 1.3.6.1.4.1.22554.2.1.3
05-03 22:06:12.044  6222  6222 I BLACKXERUS - AndroidXaminer: 1.3.6.1.4.1.22554.2.2
05-03 22:06:12.044  6222  6222 I BLACKXERUS - AndroidXaminer: 1.3.6.1.4.1.22554.2.2.1
05-03 22:06:12.044  6222  6222 I BLACKXERUS - AndroidXaminer: 1.3.6.1.4.1.22554.2.2.2
05-03 22:06:12.044  6222  6222 I BLACKXERUS - AndroidXaminer: 1.3.6.1.4.1.22554.2.2.3
05-03 22:06:12.044  6222  6222 I BLACKXERUS - AndroidXaminer: 1.3.6.1.4.1.22554.2.2.4
05-03 22:06:12.044  6222  6222 I BLACKXERUS - AndroidXaminer: 1.3.6.1.4.1.22554.2.3
05-03 22:06:12.044  6222  6222 I BLACKXERUS - AndroidXaminer: 1.3.6.1.4.1.22554.2.3.1
05-03 22:06:12.044  6222  6222 I BLACKXERUS - AndroidXaminer: 1.3.6.1.4.1.22554.2.3.2
05-03 22:06:12.044  6222  6222 I BLACKXERUS - AndroidXaminer: 1.3.6.1.4.1.22554.2.3.3
05-03 22:06:12.044  6222  6222 I BLACKXERUS - AndroidXaminer: 1.3.6.1.4.1.22554.2.3.4
05-03 22:06:12.044  6222  6222 I BLACKXERUS - AndroidXaminer: 1.3.6.1.4.1.22554.3
05-03 22:06:12.044  6222  6222 I BLACKXERUS - AndroidXaminer: 1.3.6.1.4.1.22554.3.1
05-03 22:06:12.047  6222  6222 I BLACKXERUS - AndroidXaminer: |	|	|	
05-03 22:06:12.047  6222  6222 I BLACKXERUS - AndroidXaminer: d.a.a.b.a.s
05-03 22:06:12.051  6222  6222 I BLACKXERUS - AndroidXaminer: |	|	
05-03 22:06:12.051  6222  6222 I BLACKXERUS - AndroidXaminer: d.a.a.b.d.b.a
05-03 22:06:12.051  6222  6222 I BLACKXERUS - AndroidXaminer: |	|	|	
05-03 22:06:12.051  6222  6222 I BLACKXERUS - AndroidXaminer: at.roteskreuz.stopcorona.model.db.DefaultDatabase
05-03 22:06:12.052  6222  6222 I BLACKXERUS - AndroidXaminer: |	|	
05-03 22:06:12.052  6222  6222 I BLACKXERUS - AndroidXaminer: d.a.a.b.a.e0
05-03 22:06:12.052  6222  6222 I BLACKXERUS - AndroidXaminer: |	|	|	
05-03 22:06:12.052  6222  6222 I BLACKXERUS - AndroidXaminer: d.a.a.b.a.o
05-03 22:06:12.052  6222  6222 I BLACKXERUS - AndroidXaminer: |	|	|	
05-03 22:06:12.052  6222  6222 I BLACKXERUS - AndroidXaminer: d.a.a.f.a.f.e.a
05-03 22:06:12.053  6222  6222 I BLACKXERUS - AndroidXaminer: |	|	|	
05-03 22:06:12.053  6222  6222 I BLACKXERUS - AndroidXaminer: d.a.a.b.d.b.t
05-03 22:06:12.053  6222  6222 I BLACKXERUS - AndroidXaminer: |	|	|	|	
05-03 22:06:12.053  6222  6222 I BLACKXERUS - AndroidXaminer: at.roteskreuz.stopcorona.model.db.DefaultDatabase
05-03 22:06:12.055  6222  6222 I BLACKXERUS - AndroidXaminer: 9745
05-03 22:06:12.062  6222  6222 I BLACKXERUS - AndroidXaminer: 1.2.840.113549.1.1.1
05-03 22:06:12.064  6222  6222 I BLACKXERUS - AndroidXaminer: org.spongycastle.asn1.allow_unsafe_integer
05-03 22:06:12.064  6222  6222 I BLACKXERUS - AndroidXaminer: org.spongycastle.asn1.allow_unsafe_integer
05-03 22:06:12.068  6222  6222 I BLACKXERUS - AndroidXaminer: |	|	
05-03 22:06:12.068  6222  6222 I BLACKXERUS - AndroidXaminer: d.a.a.b.a.o
05-03 22:06:12.068  6222  6222 I BLACKXERUS - AndroidXaminer: isServiceRunning
05-03 22:06:12.068  6222  6222 I BLACKXERUS - AndroidXaminer: isServiceRunning()Z
05-03 22:06:12.068  6222  6222 I BLACKXERUS - AndroidXaminer: serviceEnabledOnFirstStart
05-03 22:06:12.068  6222  6222 I BLACKXERUS - AndroidXaminer: getServiceEnabledOnFirstStart()Z
05-03 22:06:12.071  6222  6222 I BLACKXERUS - AndroidXaminer: pref_corona_detection_repository_is_service_running
05-03 22:06:12.071  6222  6222 I BLACKXERUS - AndroidXaminer: pref_corona_detection_repository_service_enabled_on_first_start
05-03 22:06:12.075  6222  6222 I BLACKXERUS - AndroidXaminer: coronaDetectionRepository
05-03 22:06:12.075  6222  6222 I BLACKXERUS - AndroidXaminer: getCoronaDetectionRepository()Lat/roteskreuz/stopcorona/model/repositories/CoronaDetectionRepository;
05-03 22:06:12.075  6222  6222 I BLACKXERUS - AndroidXaminer: notificationsRepository
05-03 22:06:12.075  6222  6222 I BLACKXERUS - AndroidXaminer: getNotificationsRepository()Lat/roteskreuz/stopcorona/model/repositories/NotificationsRepository;
05-03 22:06:12.080  6222  6222 I BLACKXERUS - AndroidXaminer: DefaultDispatcher
05-03 22:06:12.080  6222  6222 I BLACKXERUS - AndroidXaminer: NOT_IN_STACK
05-03 22:06:12.081  6222  6222 I BLACKXERUS - AndroidXaminer: DefaultDispatcher
05-03 22:06:12.081  6222  6222 I BLACKXERUS - AndroidXaminer: REMOVE_FROZEN
05-03 22:06:12.084  6222  6222 I BLACKXERUS - AndroidXaminer: COMPLETING_ALREADY
05-03 22:06:12.084  6222  6222 I BLACKXERUS - AndroidXaminer: COMPLETING_WAITING_CHILDREN
05-03 22:06:12.084  6222  6222 I BLACKXERUS - AndroidXaminer: COMPLETING_RETRY
05-03 22:06:12.085  6222  6222 I BLACKXERUS - AndroidXaminer: TOO_LATE_TO_CANCEL
05-03 22:06:12.085  6222  6222 I BLACKXERUS - AndroidXaminer: SEALED
05-03 22:06:12.086  6222  6222 I BLACKXERUS - AndroidXaminer: UNDEFINED
05-03 22:06:12.086  6222  6222 I BLACKXERUS - AndroidXaminer: REUSABLE_CLAIMED
05-03 22:06:12.087  6222  6222 I BLACKXERUS - AndroidXaminer: ZERO
05-03 22:06:12.090  6222  6222 I BLACKXERUS - AndroidXaminer: |	
05-03 22:06:12.090  6222  6222 I BLACKXERUS - AndroidXaminer: d.a.a.b.d.b.t
05-03 22:06:12.091  6222  6261 I BLACKXERUS - AndroidXaminer: SELECT * FROM configuration
05-03 22:06:12.093  6222  6222 I BLACKXERUS - AndroidXaminer: d.a.a.b.a.h1.c
05-03 22:06:12.093  6222  6222 I BLACKXERUS - AndroidXaminer: |	
05-03 22:06:12.093  6222  6222 I BLACKXERUS - AndroidXaminer: d.a.a.f.a.f.e.a
05-03 22:06:12.094  6222  6222 I BLACKXERUS - AndroidXaminer: |	
05-03 22:06:12.094  6222  6222 I BLACKXERUS - AndroidXaminer: d.a.a.b.a.h1.a
05-03 22:06:12.094  6222  6222 I BLACKXERUS - AndroidXaminer: |	
05-03 22:06:12.094  6222  6222 I BLACKXERUS - AndroidXaminer: android.content.SharedPreferences
05-03 22:06:12.095  6222  6222 I BLACKXERUS - AndroidXaminer: |	
05-03 22:06:12.095  6222  6222 I BLACKXERUS - AndroidXaminer: d.a.a.b.a.d
05-03 22:06:12.095  6222  6222 I BLACKXERUS - AndroidXaminer: |	
05-03 22:06:12.095  6222  6222 I BLACKXERUS - AndroidXaminer: d.a.a.b.a.s
05-03 22:06:12.095  6222  6222 I BLACKXERUS - AndroidXaminer: |	
05-03 22:06:12.095  6222  6222 I BLACKXERUS - AndroidXaminer: d.a.a.b.a.b0
05-03 22:06:12.095  6222  6222 I BLACKXERUS - AndroidXaminer: |	|	
05-03 22:06:12.095  6222  6222 I BLACKXERUS - AndroidXaminer: d.a.a.f.a.f.e.a
05-03 22:06:12.095  6222  6263 I BLACKXERUS - AndroidXaminer: SELECT * FROM configuration
05-03 22:06:12.096  6222  6222 I BLACKXERUS - AndroidXaminer: |	|	
05-03 22:06:12.096  6222  6222 I BLACKXERUS - AndroidXaminer: d.a.a.b.b.b
05-03 22:06:12.096  6222  6222 I BLACKXERUS - AndroidXaminer: |	|	
05-03 22:06:12.096  6222  6222 I BLACKXERUS - AndroidXaminer: d.a.a.b.d.b.p
05-03 22:06:12.096  6222  6222 I BLACKXERUS - AndroidXaminer: |	|	
05-03 22:06:12.096  6222  6222 I BLACKXERUS - AndroidXaminer: d.a.a.b.a.o
05-03 22:06:12.096  6222  6222 I BLACKXERUS - AndroidXaminer: |	|	
05-03 22:06:12.096  6222  6222 I BLACKXERUS - AndroidXaminer: d.a.a.b.a.i0
05-03 22:06:12.097  6222  6222 I BLACKXERUS - AndroidXaminer: |	|	|	
05-03 22:06:12.097  6222  6222 I BLACKXERUS - AndroidXaminer: d.a.a.f.a.f.e.a
05-03 22:06:12.097  6222  6222 I BLACKXERUS - AndroidXaminer: |	|	|	
05-03 22:06:12.097  6222  6222 I BLACKXERUS - AndroidXaminer: d.a.a.b.a.h1.a
05-03 22:06:12.097  6222  6222 I BLACKXERUS - AndroidXaminer: |	|	|	
05-03 22:06:12.097  6222  6222 I BLACKXERUS - AndroidXaminer: d.a.a.b.a.s
05-03 22:06:12.098  6222  6222 I BLACKXERUS - AndroidXaminer: |	|	
05-03 22:06:12.098  6222  6222 I BLACKXERUS - AndroidXaminer: android.content.SharedPreferences
05-03 22:06:12.098  6222  6222 I BLACKXERUS - AndroidXaminer: |	|	
05-03 22:06:12.098  6222  6222 I BLACKXERUS - AndroidXaminer: d.a.a.b.a.u0
05-03 22:06:12.099  6222  6222 I BLACKXERUS - AndroidXaminer: |	|	
05-03 22:06:12.099  6222  6222 I BLACKXERUS - AndroidXaminer: m.y.u
05-03 22:06:12.099  6222  6222 I BLACKXERUS - AndroidXaminer: |	|	
05-03 22:06:12.099  6222  6222 I BLACKXERUS - AndroidXaminer: d.a.a.b.e.a
05-03 22:06:12.099  6222  6222 I BLACKXERUS - AndroidXaminer: lastMessageId
05-03 22:06:12.099  6222  6222 I BLACKXERUS - AndroidXaminer: getLastMessageId()Ljava/lang/Long;
05-03 22:06:12.099  6222  6222 I BLACKXERUS - AndroidXaminer: someoneHasRecovered
05-03 22:06:12.100  6222  6222 I BLACKXERUS - AndroidXaminer: getSomeoneHasRecovered()Z
05-03 22:06:12.101  6222  6222 I BLACKXERUS - AndroidXaminer: pref_infection_messenger_repository_last_message_id
05-03 22:06:12.101  6222  6222 I BLACKXERUS - AndroidXaminer: pref_infection_messenger_repository_someone_has_recovered
05-03 22:06:12.102  6222  6222 I BLACKXERUS - AndroidXaminer: |	
05-03 22:06:12.102  6222  6222 I BLACKXERUS - AndroidXaminer: d.a.a.b.a.q0
05-03 22:06:12.102  6222  6260 I BLACKXERUS - AndroidXaminer: SELECT * FROM configuration
05-03 22:06:12.102  6222  6222 I BLACKXERUS - AndroidXaminer: |	|	
05-03 22:06:12.102  6222  6222 I BLACKXERUS - AndroidXaminer: com.google.firebase.messaging.FirebaseMessaging
05-03 22:06:12.102  6222  6222 I BLACKXERUS - AndroidXaminer: |	|	
05-03 22:06:12.102  6222  6222 I BLACKXERUS - AndroidXaminer: d.a.a.b.a.o
05-03 22:06:12.103  6222  6222 I BLACKXERUS - AndroidXaminer: |	|	
05-03 22:06:12.103  6222  6222 I BLACKXERUS - AndroidXaminer: d.a.a.b.a.s
05-03 22:06:12.103  6222  6222 I BLACKXERUS - AndroidXaminer: |	|	
05-03 22:06:12.103  6222  6222 I BLACKXERUS - AndroidXaminer: d.a.a.b.a.b0
05-03 22:06:12.106  6222  6222 I BLACKXERUS - AndroidXaminer: CONDITION_FALSE
05-03 22:06:12.106  6222  6222 I BLACKXERUS - AndroidXaminer: NO_DECISION
05-03 22:06:12.106  6222  6222 I BLACKXERUS - AndroidXaminer: d.a.a.b.e.h
05-03 22:06:12.107  6222  6222 I BLACKXERUS - AndroidXaminer: |	
05-03 22:06:12.107  6222  6222 I BLACKXERUS - AndroidXaminer: android.content.SharedPreferences
05-03 22:06:12.108  6222  6222 I BLACKXERUS - AndroidXaminer: currentVersion
05-03 22:06:12.108  6222  6222 I BLACKXERUS - AndroidXaminer: getCurrentVersion()I
05-03 22:06:12.115  6222  6266 I BLACKXERUS - AndroidXaminer: SELECT 1 FROM sqlite_master WHERE type = 'table' AND name='room_master_table'
05-03 22:06:12.116  6222  6266 I BLACKXERUS - AndroidXaminer: SELECT identity_hash FROM room_master_table WHERE id = 42 LIMIT 1
05-03 22:06:12.117  6222  6222 I BLACKXERUS - AndroidXaminer: pref_preferences_migration_manager_current_version
05-03 22:06:12.119  6222  6222 I BLACKXERUS - AndroidXaminer: viewModel
05-03 22:06:12.119  6222  6222 I BLACKXERUS - AndroidXaminer: getViewModel()Lat/roteskreuz/stopcorona/screens/routing/RouterViewModel;
05-03 22:06:12.119  6222  6222 I BLACKXERUS - AndroidXaminer: skipSplashscreenDelay
05-03 22:06:12.119  6222  6222 I BLACKXERUS - AndroidXaminer: getSkipSplashscreenDelay()Z
05-03 22:06:12.120  6222  6262 I BLACKXERUS - AndroidXaminer: 2018g
05-03 22:06:12.123  6222  6262 I BLACKXERUS - AndroidXaminer: Z
05-03 22:06:12.123  6222  6222 I BLACKXERUS - AndroidXaminer: skip_splashscreen_delay
05-03 22:06:12.123  6222  6262 I BLACKXERUS - AndroidXaminer: -18:00
05-03 22:06:12.123  6222  6262 I BLACKXERUS - AndroidXaminer: +18:00
05-03 22:06:12.123  6222  6262 I BLACKXERUS - AndroidXaminer: +01:05:21
05-03 22:06:12.123  6222  6222 I BLACKXERUS - AndroidXaminer: d.a.a.f.a.f.e.a
05-03 22:06:12.123  6222  6262 I BLACKXERUS - AndroidXaminer: +01:00
05-03 22:06:12.123  6222  6262 I BLACKXERUS - AndroidXaminer: +01:05:21
05-03 22:06:12.123  6222  6262 I BLACKXERUS - AndroidXaminer: +02:00
05-03 22:06:12.127  6222  6262 I BLACKXERUS - AndroidXaminer: Europe/Vienna
05-03 22:06:12.132  6222  6262 I BLACKXERUS - AndroidXaminer: SELECT COUNT(*) = 0 FROM configuration LIMIT 1
05-03 22:06:12.132  6222  6222 I BLACKXERUS - AndroidXaminer: Main
05-03 22:06:12.132  6222  6222 I BLACKXERUS - AndroidXaminer: Main
05-03 22:06:12.132  6222  6222 I BLACKXERUS - AndroidXaminer: Main
05-03 22:06:12.132  6222  6222 I BLACKXERUS - AndroidXaminer: Main
05-03 22:06:12.139  6222  6269 I BLACKXERUS - AndroidXaminer: SELECT * FROM room_table_modification_log WHERE invalidated = 1;
05-03 22:06:12.141  6222  6266 I BLACKXERUS - AndroidXaminer: UTC
05-03 22:06:12.142  6222  6270 I BLACKXERUS - AndroidXaminer: SELECT * FROM room_table_modification_log WHERE invalidated = 1;
05-03 22:06:12.142  6222  6262 I BLACKXERUS - AndroidXaminer: pref_terms_and_conditions_repository_data_privacy_timestamp_v1.1
05-03 22:06:12.147  6222  6266 I BLACKXERUS - AndroidXaminer: UTC
05-03 22:06:12.147  6222  6266 I BLACKXERUS - AndroidXaminer: SELECT * FROM room_table_modification_log WHERE invalidated = 1;
05-03 22:06:12.148  6222  6263 I BLACKXERUS - AndroidXaminer: Europe/Vienna
05-03 22:06:12.148  6222  6266 I BLACKXERUS - AndroidXaminer: UTC
05-03 22:06:12.148  6222  6266 I BLACKXERUS - AndroidXaminer: UTC
05-03 22:06:12.149  6222  6266 I BLACKXERUS - AndroidXaminer: SELECT * FROM room_table_modification_log WHERE invalidated = 1;
05-03 22:06:12.149  6222  6266 I BLACKXERUS - AndroidXaminer: UTC
05-03 22:06:12.150  6222  6266 I BLACKXERUS - AndroidXaminer: SELECT * FROM room_table_modification_log WHERE invalidated = 1;
05-03 22:06:12.151  6222  6260 I BLACKXERUS - AndroidXaminer: g
05-03 22:06:12.151  6222  6263 I BLACKXERUS - AndroidXaminer: r
05-03 22:06:12.151  6222  6260 I BLACKXERUS - AndroidXaminer: Europe/Vienna
05-03 22:06:12.152  6222  6266 I BLACKXERUS - AndroidXaminer: UTC
05-03 22:06:12.153  6222  6267 I BLACKXERUS - AndroidXaminer: SELECT * FROM room_table_modification_log WHERE invalidated = 1;
05-03 22:06:12.153  6222  6263 I BLACKXERUS - AndroidXaminer: Europe/Vienna
05-03 22:06:12.153  6222  6263 I BLACKXERUS - AndroidXaminer: y
05-03 22:06:12.154  6222  6266 I BLACKXERUS - AndroidXaminer: UTC
05-03 22:06:12.154  6222  6269 I BLACKXERUS - AndroidXaminer: SELECT * FROM room_table_modification_log WHERE invalidated = 1;
05-03 22:06:12.155  6222  6263 I BLACKXERUS - AndroidXaminer: Europe/Vienna
05-03 22:06:12.155  6222  6266 I BLACKXERUS - AndroidXaminer: UTC
05-03 22:06:12.157  6222  6271 I BLACKXERUS - AndroidXaminer: Europe/Vienna
05-03 22:06:12.157  6222  6266 I BLACKXERUS - AndroidXaminer: SELECT * FROM room_table_modification_log WHERE invalidated = 1;
05-03 22:06:12.157  6222  6266 I BLACKXERUS - AndroidXaminer: UTC
05-03 22:06:12.158  6222  6271 I BLACKXERUS - AndroidXaminer: Europe/Vienna
05-03 22:06:12.158  6222  6266 I BLACKXERUS - AndroidXaminer: SELECT * FROM room_table_modification_log WHERE invalidated = 1;
05-03 22:06:12.158  6222  6270 I BLACKXERUS - AndroidXaminer: UTC
05-03 22:06:12.159  6222  6270 I BLACKXERUS - AndroidXaminer: SELECT * FROM room_table_modification_log WHERE invalidated = 1;
05-03 22:06:12.159  6222  6270 I BLACKXERUS - AndroidXaminer: UTC
05-03 22:06:12.159  6222  6270 I BLACKXERUS - AndroidXaminer: SELECT * FROM room_table_modification_log WHERE invalidated = 1;
05-03 22:06:12.165  6222  6266 I BLACKXERUS - AndroidXaminer: UTC
05-03 22:06:12.165  6222  6267 I BLACKXERUS - AndroidXaminer: SELECT * FROM room_table_modification_log WHERE invalidated = 1;
05-03 22:06:12.221  6222  6277 I BLACKXERUS - AndroidXaminer: notificationsRepository
05-03 22:06:12.221  6222  6277 I BLACKXERUS - AndroidXaminer: getNotificationsRepository()Lat/roteskreuz/stopcorona/model/repositories/NotificationsRepository;
05-03 22:06:12.222  6222  6277 I BLACKXERUS - AndroidXaminer: SelfRetestNotifierWorker
05-03 22:06:12.224  6222  6277 I BLACKXERUS - AndroidXaminer: notificationsRepository
05-03 22:06:12.224  6222  6277 I BLACKXERUS - AndroidXaminer: getNotificationsRepository()Lat/roteskreuz/stopcorona/model/repositories/NotificationsRepository;
05-03 22:06:12.224  6222  6277 I BLACKXERUS - AndroidXaminer: quarantineRepository
05-03 22:06:12.224  6222  6277 I BLACKXERUS - AndroidXaminer: getQuarantineRepository()Lat/roteskreuz/stopcorona/model/repositories/QuarantineRepository;
05-03 22:06:12.224  6222  6277 I BLACKXERUS - AndroidXaminer: EndQuarantineNotifierWorker
05-03 22:06:12.225  6222  6261 I BLACKXERUS - AndroidXaminer: Europe/Vienna
05-03 22:06:12.225  6222  6270 I BLACKXERUS - AndroidXaminer: UTC
05-03 22:06:12.226  6222  6266 I BLACKXERUS - AndroidXaminer: SELECT * FROM room_table_modification_log WHERE invalidated = 1;
05-03 22:06:12.227  6222  6278 I BLACKXERUS - AndroidXaminer: SELECT id FROM workspec WHERE state NOT IN (2, 3, 5) AND id IN (SELECT work_spec_id FROM workname WHERE name=?)
05-03 22:06:12.228  6222  6278 I BLACKXERUS - AndroidXaminer: SELECT `required_network_type`, `requires_charging`, `requires_device_idle`, `requires_battery_not_low`, `requires_storage_not_low`, `trigger_content_update_delay`, `trigger_max_content_delay`, `content_uri_triggers`, `WorkSpec`.`id` AS `id`, `WorkSpec`.`state` AS `state`, `WorkSpec`.`worker_class_name` AS `worker_class_name`, `WorkSpec`.`input_merger_class_name` AS `input_merger_class_name`, `WorkSpec`.`input` AS `input`, `WorkSpec`.`output` AS `output`, `WorkSpec`.`initial_delay` AS `initial_delay`, `WorkSpec`.`interval_duration` AS `interval_duration`, `WorkSpec`.`flex_duration` AS `flex_duration`, `WorkSpec`.`run_attempt_count` AS `run_attempt_count`, `WorkSpec`.`backoff_policy` AS `backoff_policy`, `WorkSpec`.`backoff_delay_duration` AS `backoff_delay_duration`, `WorkSpec`.`period_start_time` AS `period_start_time`, `WorkSpec`.`minimum_retention_duration` AS `minimum_retention_duration`, `WorkSpec`.`schedule_requested_at` AS `schedule_requested_at`, `WorkSpec`.`run_in_foreground` AS `run_in_foreground` FROM workspec WHERE state=0 AND schedule_requested_at=-1 ORDER BY period_start_time LIMIT (SELECT MAX(?-COUNT(*), 0) FROM workspec WHERE schedule_requested_at<>-1 AND state NOT IN (2, 3, 5))
05-03 22:06:12.230  6222  6253 I BLACKXERUS - AndroidXaminer: SELECT id FROM workspec WHERE state NOT IN (2, 3, 5) AND id IN (SELECT work_spec_id FROM workname WHERE name=?)
05-03 22:06:12.230  6222  6253 I BLACKXERUS - AndroidXaminer: SELECT `required_network_type`, `requires_charging`, `requires_device_idle`, `requires_battery_not_low`, `requires_storage_not_low`, `trigger_content_update_delay`, `trigger_max_content_delay`, `content_uri_triggers`, `WorkSpec`.`id` AS `id`, `WorkSpec`.`state` AS `state`, `WorkSpec`.`worker_class_name` AS `worker_class_name`, `WorkSpec`.`input_merger_class_name` AS `input_merger_class_name`, `WorkSpec`.`input` AS `input`, `WorkSpec`.`output` AS `output`, `WorkSpec`.`initial_delay` AS `initial_delay`, `WorkSpec`.`interval_duration` AS `interval_duration`, `WorkSpec`.`flex_duration` AS `flex_duration`, `WorkSpec`.`run_attempt_count` AS `run_attempt_count`, `WorkSpec`.`backoff_policy` AS `backoff_policy`, `WorkSpec`.`backoff_delay_duration` AS `backoff_delay_duration`, `WorkSpec`.`period_start_time` AS `period_start_time`, `WorkSpec`.`minimum_retention_duration` AS `minimum_retention_duration`, `WorkSpec`.`schedule_requested_at` AS `schedule_requested_at`, `WorkSpec`.`run_in_foreground` AS `run_in_foreground` FROM workspec WHERE state=0 AND schedule_requested_at=-1 ORDER BY period_start_time LIMIT (SELECT MAX(?-COUNT(*), 0) FROM workspec WHERE schedule_requested_at<>-1 AND state NOT IN (2, 3, 5))
05-03 22:06:12.233  6222  6253 I BLACKXERUS - AndroidXaminer: SELECT * FROM room_table_modification_log WHERE invalidated = 1;
05-03 22:06:12.257  6222  6222 I BLACKXERUS - AndroidXaminer: d.a.a.b.a.h1.c
05-03 22:06:13.259  6222  6222 I BLACKXERUS - AndroidXaminer: d.a.a.a.l.b
05-03 22:06:13.260  6222  6222 I BLACKXERUS - AndroidXaminer: |	
05-03 22:06:13.260  6222  6222 I BLACKXERUS - AndroidXaminer: d.a.a.f.a.f.e.a
05-03 22:06:13.260  6222  6222 I BLACKXERUS - AndroidXaminer: |	
05-03 22:06:13.260  6222  6222 I BLACKXERUS - AndroidXaminer: d.a.a.b.a.m0
05-03 22:06:13.260  6222  6222 I BLACKXERUS - AndroidXaminer: |	|	
05-03 22:06:13.260  6222  6222 I BLACKXERUS - AndroidXaminer: android.content.SharedPreferences
05-03 22:06:13.261  6222  6222 I BLACKXERUS - AndroidXaminer: showOnboarding
05-03 22:06:13.261  6222  6222 I BLACKXERUS - AndroidXaminer: getShowOnboarding()Z
05-03 22:06:13.261  6222  6222 I BLACKXERUS - AndroidXaminer: showOnboardingV1_1
05-03 22:06:13.261  6222  6222 I BLACKXERUS - AndroidXaminer: getShowOnboardingV1_1()Z
05-03 22:06:13.261  6222  6222 I BLACKXERUS - AndroidXaminer: pref_onboarding_repository_show_onboarding
05-03 22:06:13.261  6222  6222 I BLACKXERUS - AndroidXaminer: pref_onboarding_repository_show_onboarding_v1.1
05-03 22:06:13.261  6222  6222 I BLACKXERUS - AndroidXaminer: skipRouter
05-03 22:06:13.262  6222  6222 I BLACKXERUS - AndroidXaminer: getSkipRouter()Z
05-03 22:06:13.262  6222  6222 I BLACKXERUS - AndroidXaminer: viewModel
05-03 22:06:13.262  6222  6222 I BLACKXERUS - AndroidXaminer: getViewModel()Lat/roteskreuz/stopcorona/screens/onboarding/OnboardingViewModel;
05-03 22:06:13.262  6222  6222 I BLACKXERUS - AndroidXaminer: controller
05-03 22:06:13.262  6222  6222 I BLACKXERUS - AndroidXaminer: getController()Lat/roteskreuz/stopcorona/screens/onboarding/OnboardingController;
05-03 22:06:13.262  6222  6222 I BLACKXERUS - AndroidXaminer: pagerIndicator
05-03 22:06:13.262  6222  6222 I BLACKXERUS - AndroidXaminer: getPagerIndicator()Lat/roteskreuz/stopcorona/utils/view/CirclePagerIndicatorDecoration;
05-03 22:06:13.308  6222  6222 I BLACKXERUS - AndroidXaminer: 42e75fa1-1b85-42b1-a963-6a43ecb0c32e
05-03 22:06:13.309  6222  6222 I BLACKXERUS - AndroidXaminer: skip_router
05-03 22:06:13.309  6222  6222 I BLACKXERUS - AndroidXaminer: d.a.a.a.a.a
05-03 22:06:13.414  6222  6222 I BLACKXERUS - AndroidXaminer: d.a.a.a.a.d
05-03 22:06:13.414  6222  6222 I BLACKXERUS - AndroidXaminer: |	
05-03 22:06:13.414  6222  6222 I BLACKXERUS - AndroidXaminer: d.a.a.f.a.f.e.a
05-03 22:06:13.414  6222  6222 I BLACKXERUS - AndroidXaminer: |	
05-03 22:06:13.414  6222  6222 I BLACKXERUS - AndroidXaminer: d.a.a.b.a.m0
05-03 22:06:13.414  6222  6222 I BLACKXERUS - AndroidXaminer: |	
05-03 22:06:13.414  6222  6222 I BLACKXERUS - AndroidXaminer: d.a.a.b.a.s
05-03 22:06:13.419  6222  6222 I BLACKXERUS - AndroidXaminer: Willkommen!
05-03 22:06:13.419  6222  6222 I BLACKXERUS - AndroidXaminer: Digitaler Handshake
05-03 22:06:13.420  6222  6222 I BLACKXERUS - AndroidXaminer: Symptome prüfen
05-03 22:06:13.420  6222  6222 I BLACKXERUS - AndroidXaminer: Benachrichtigung im Krankheitsfall
05-03 22:06:13.420  6222  6222 I BLACKXERUS - AndroidXaminer: Danke, dass Sie die App nutzen!
05-03 22:06:13.421  6222  6222 I BLACKXERUS - AndroidXaminer: Einwilligungserklärung
05-03 22:06:13.421  6222  6222 I BLACKXERUS - AndroidXaminer: Ja, ich stimme der Datenverarbeitung zu.
05-03 22:06:13.488  6222  6222 I BLACKXERUS - AndroidXaminer: txtTitle
05-03 22:06:13.488  6222  6222 I BLACKXERUS - AndroidXaminer: getTxtTitle()Landroid/widget/TextView;
05-03 22:06:13.488  6222  6222 I BLACKXERUS - AndroidXaminer: txtDescription
05-03 22:06:13.488  6222  6222 I BLACKXERUS - AndroidXaminer: getTxtDescription()Landroid/widget/TextView;
05-03 22:06:13.488  6222  6222 I BLACKXERUS - AndroidXaminer: imgHero
05-03 22:06:13.488  6222  6222 I BLACKXERUS - AndroidXaminer: getImgHero()Landroid/widget/ImageView;
05-03 22:06:37.669  6222  6222 I BLACKXERUS - AndroidXaminer: ic_checkbox_checked
05-03 22:06:37.669  6222  6222 I BLACKXERUS - AndroidXaminer: icon_null
05-03 22:06:37.670  6222  6222 I BLACKXERUS - AndroidXaminer: check
05-03 22:06:37.670  6222  6222 I BLACKXERUS - AndroidXaminer: check_path_merged
05-03 22:06:37.672  6222  6222 I BLACKXERUS - AndroidXaminer: box_dilate
05-03 22:06:37.673  6222  6222 I BLACKXERUS - AndroidXaminer: box_inner_merged
05-03 22:06:37.675  6222  6222 I BLACKXERUS - AndroidXaminer: icon_null
05-03 22:06:37.676  6222  6222 I BLACKXERUS - AndroidXaminer: check
05-03 22:06:37.676  6222  6222 I BLACKXERUS - AndroidXaminer: check_path_merged
05-03 22:06:37.676  6222  6222 I BLACKXERUS - AndroidXaminer: box_dilate
05-03 22:06:37.676  6222  6222 I BLACKXERUS - AndroidXaminer: box_inner_merged
05-03 22:06:37.676  6222  6222 I BLACKXERUS - AndroidXaminer: ic_checkbox_checked
05-03 22:06:37.677  6222  6222 I BLACKXERUS - AndroidXaminer: ic_checkbox_unchecked
05-03 22:06:37.677  6222  6222 I BLACKXERUS - AndroidXaminer: icon_null
05-03 22:06:37.677  6222  6222 I BLACKXERUS - AndroidXaminer: check
05-03 22:06:37.677  6222  6222 I BLACKXERUS - AndroidXaminer: box_outer_merged
05-03 22:06:37.680  6222  6222 I BLACKXERUS - AndroidXaminer: box_dilate
05-03 22:06:37.680  6222  6222 I BLACKXERUS - AndroidXaminer: box_inner_merged
05-03 22:06:37.683  6222  6222 I BLACKXERUS - AndroidXaminer: icon_null
05-03 22:06:37.683  6222  6222 I BLACKXERUS - AndroidXaminer: check
05-03 22:06:37.683  6222  6222 I BLACKXERUS - AndroidXaminer: box_outer_merged
05-03 22:06:37.683  6222  6222 I BLACKXERUS - AndroidXaminer: box_dilate
05-03 22:06:37.683  6222  6222 I BLACKXERUS - AndroidXaminer: box_inner_merged
05-03 22:06:37.683  6222  6222 I BLACKXERUS - AndroidXaminer: ic_checkbox_unchecked
05-03 22:06:37.685  6222  6222 I BLACKXERUS - AndroidXaminer: ic_checkbox_unchecked
05-03 22:06:37.685  6222  6222 I BLACKXERUS - AndroidXaminer: icon_null
05-03 22:06:37.685  6222  6222 I BLACKXERUS - AndroidXaminer: check
05-03 22:06:37.686  6222  6222 I BLACKXERUS - AndroidXaminer: box_outer_merged
05-03 22:06:37.687  6222  6222 I BLACKXERUS - AndroidXaminer: box_dilate
05-03 22:06:37.688  6222  6222 I BLACKXERUS - AndroidXaminer: box_inner_merged
05-03 22:06:37.704  6222  6222 I BLACKXERUS - AndroidXaminer: ic_checkbox_checked
05-03 22:06:37.704  6222  6222 I BLACKXERUS - AndroidXaminer: icon_null
05-03 22:06:37.705  6222  6222 I BLACKXERUS - AndroidXaminer: check
05-03 22:06:37.705  6222  6222 I BLACKXERUS - AndroidXaminer: check_path_merged
05-03 22:06:37.706  6222  6222 I BLACKXERUS - AndroidXaminer: box_dilate
05-03 22:06:37.706  6222  6222 I BLACKXERUS - AndroidXaminer: box_inner_merged
05-03 22:06:37.727  6222  6222 I BLACKXERUS - AndroidXaminer: icon_null
05-03 22:06:37.727  6222  6222 I BLACKXERUS - AndroidXaminer: check
05-03 22:06:37.727  6222  6222 I BLACKXERUS - AndroidXaminer: box_outer_merged
05-03 22:06:37.728  6222  6222 I BLACKXERUS - AndroidXaminer: box_dilate
05-03 22:06:37.728  6222  6222 I BLACKXERUS - AndroidXaminer: box_inner_merged
05-03 22:06:37.728  6222  6222 I BLACKXERUS - AndroidXaminer: ic_checkbox_unchecked
05-03 22:06:37.730  6222  6222 I BLACKXERUS - AndroidXaminer: txtTitle
05-03 22:06:37.730  6222  6222 I BLACKXERUS - AndroidXaminer: getTxtTitle()Landroid/widget/TextView;
05-03 22:06:37.730  6222  6222 I BLACKXERUS - AndroidXaminer: txtDescription1
05-03 22:06:37.730  6222  6222 I BLACKXERUS - AndroidXaminer: getTxtDescription1()Landroid/widget/TextView;
05-03 22:06:37.730  6222  6222 I BLACKXERUS - AndroidXaminer: txtDescription2
05-03 22:06:37.730  6222  6222 I BLACKXERUS - AndroidXaminer: getTxtDescription2()Landroid/widget/TextView;
05-03 22:06:37.731  6222  6222 I BLACKXERUS - AndroidXaminer: checkbox
05-03 22:06:37.731  6222  6222 I BLACKXERUS - AndroidXaminer: getCheckbox()Landroid/widget/CheckBox;
05-03 22:06:48.753  6222  6222 I BLACKXERUS - AndroidXaminer: webViewTitleRes
05-03 22:06:48.753  6222  6222 I BLACKXERUS - AndroidXaminer: getWebViewTitleRes()Ljava/lang/Integer;
05-03 22:06:48.753  6222  6222 I BLACKXERUS - AndroidXaminer: assetsResource
05-03 22:06:48.753  6222  6222 I BLACKXERUS - AndroidXaminer: getAssetsResource()Ljava/lang/String;
05-03 22:06:48.753  6222  6222 I BLACKXERUS - AndroidXaminer: viewModel
05-03 22:06:48.753  6222  6222 I BLACKXERUS - AndroidXaminer: getViewModel()Lat/roteskreuz/stopcorona/screens/webView/WebViewViewModel;
05-03 22:06:48.772  6222  6222 I BLACKXERUS - AndroidXaminer: c3277b59-a840-4031-b65c-8fcc1bebd908
05-03 22:06:48.772  6222  6222 I BLACKXERUS - AndroidXaminer: title_res
05-03 22:06:48.772  6222  6222 I BLACKXERUS - AndroidXaminer: assets_resource_name
05-03 22:06:48.772  6222  6222 I BLACKXERUS - AndroidXaminer: d.a.a.a.m.f
05-03 22:06:49.461  6222  6222 I BLACKXERUS - AndroidXaminer: d.a.a.a.m.e
05-03 22:06:49.461  6222  6222 I BLACKXERUS - AndroidXaminer: |	
05-03 22:06:49.461  6222  6222 I BLACKXERUS - AndroidXaminer: d.a.a.f.a.f.e.a
05-03 22:06:50.131  6222  6222 I BLACKXERUS - AndroidXaminer: d.a.a.a.a.a
05-03 22:06:50.131  6222  6222 I BLACKXERUS - AndroidXaminer: 42e75fa1-1b85-42b1-a963-6a43ecb0c32e
05-03 22:06:50.131  6222  6222 I BLACKXERUS - AndroidXaminer: d.a.a.a.a.a
05-03 22:06:50.231  6222  6222 I BLACKXERUS - AndroidXaminer: file:///android_asset/privacy_de.html
05-03 22:07:13.018  6222  6222 I BLACKXERUS - AndroidXaminer: 8cf4395a-e411-4b83-b303-b342eb9d2916
05-03 22:07:14.012  6222  6222 I BLACKXERUS - AndroidXaminer: Europe/Vienna
05-03 22:07:14.017  6222  6222 I BLACKXERUS - AndroidXaminer: Europe/Vienna
05-03 22:07:14.035  6222  6222 I BLACKXERUS - AndroidXaminer: Europe/Vienna
05-03 22:07:14.037  6222  6261 I BLACKXERUS - AndroidXaminer: Europe/Vienna
05-03 22:07:14.037  6222  6261 I BLACKXERUS - AndroidXaminer: Europe/Vienna
05-03 22:07:14.045  6222  6261 I BLACKXERUS - AndroidXaminer: Europe/Vienna
05-03 22:07:14.046  6222  6261 I BLACKXERUS - AndroidXaminer: Europe/Vienna
05-03 22:07:14.051  6222  6261 I BLACKXERUS - AndroidXaminer: GET
05-03 22:07:14.051  6222  6261 I BLACKXERUS - AndroidXaminer: configuration
05-03 22:07:14.051  6222  6261 I BLACKXERUS - AndroidXaminer: GET
05-03 22:07:14.051  6222  6261 I BLACKXERUS - AndroidXaminer: configuration
05-03 22:07:14.055  6222  6222 I BLACKXERUS - AndroidXaminer: skip_splashscreen_delay
05-03 22:07:14.055  6222  6222 I BLACKXERUS - AndroidXaminer: d.a.a.f.a.f.e.a
05-03 22:07:14.057  6222  6222 I BLACKXERUS - AndroidXaminer: d.a.a.a.l.b
05-03 22:07:14.058  6222  6222 I BLACKXERUS - AndroidXaminer: |	
05-03 22:07:14.058  6222  6222 I BLACKXERUS - AndroidXaminer: d.a.a.f.a.f.e.a
05-03 22:07:14.058  6222  6222 I BLACKXERUS - AndroidXaminer: |	
05-03 22:07:14.058  6222  6222 I BLACKXERUS - AndroidXaminer: d.a.a.b.a.m0
05-03 22:07:14.060  6222  6480 I BLACKXERUS - AndroidXaminer: 539842520255
05-03 22:07:14.060  6222  6480 I BLACKXERUS - AndroidXaminer: *
05-03 22:07:14.064  6222  6261 I BLACKXERUS - AndroidXaminer: configuration
05-03 22:07:14.065  6222  6261 I BLACKXERUS - AndroidXaminer: warnBeforeSymptoms
05-03 22:07:14.065  6222  6261 I BLACKXERUS - AndroidXaminer: diagnosticQuestionnaire
05-03 22:07:14.066  6222  6261 I BLACKXERUS - AndroidXaminer: cz
05-03 22:07:14.066  6222  6261 I BLACKXERUS - AndroidXaminer: title
05-03 22:07:14.066  6222  6261 I BLACKXERUS - AndroidXaminer: answers
05-03 22:07:14.067  6222  6261 I BLACKXERUS - AndroidXaminer: pageList
05-03 22:07:14.068  6222  6261 I BLACKXERUS - AndroidXaminer: cz
05-03 22:07:14.068  6222  6261 I BLACKXERUS - AndroidXaminer: allClear
05-03 22:07:14.070  6222  6261 I BLACKXERUS - AndroidXaminer: GET
05-03 22:07:14.070  6222  6261 I BLACKXERUS - AndroidXaminer: configuration
05-03 22:07:14.070  6222  6261 I BLACKXERUS - AndroidXaminer: GET
05-03 22:07:14.070  6222  6261 I BLACKXERUS - AndroidXaminer: https
05-03 22:07:14.070  6222  6261 I BLACKXERUS - AndroidXaminer: app.prod-rca-coronaapp-fd.net
05-03 22:07:14.070  6222  6261 I BLACKXERUS - AndroidXaminer: https
05-03 22:07:14.070  6222  6261 I BLACKXERUS - AndroidXaminer: app.prod-rca-coronaapp-fd.net
05-03 22:07:14.071  6222  6261 I BLACKXERUS - AndroidXaminer: https://app.prod-rca-coronaapp-fd.net/Rest/v6/configuration
05-03 22:07:14.071  6222  6261 I BLACKXERUS - AndroidXaminer: GET
05-03 22:07:14.071  6222  6261 I BLACKXERUS - AndroidXaminer: GET
05-03 22:07:14.076  6222  6261 I BLACKXERUS - AndroidXaminer: OkHttp Dispatcher
05-03 22:07:14.079  6222  6482 I BLACKXERUS - AndroidXaminer: https
05-03 22:07:14.079  6222  6482 I BLACKXERUS - AndroidXaminer: app.prod-rca-coronaapp-fd.net
05-03 22:07:14.079  6222  6482 I BLACKXERUS - AndroidXaminer: https
05-03 22:07:14.080  6222  6482 I BLACKXERUS - AndroidXaminer: app.prod-rca-coronaapp-fd.net
05-03 22:07:14.080  6222  6482 I BLACKXERUS - AndroidXaminer: https://app.prod-rca-coronaapp-fd.net/...
05-03 22:07:14.080  6222  6482 I BLACKXERUS - AndroidXaminer: GET
05-03 22:07:14.081  6222  6482 I BLACKXERUS - AndroidXaminer: GET
05-03 22:07:14.081  6222  6482 I BLACKXERUS - AndroidXaminer: https
05-03 22:07:14.082  6222  6482 I BLACKXERUS - AndroidXaminer: app.prod-rca-coronaapp-fd.net
05-03 22:07:14.082  6222  6482 I BLACKXERUS - AndroidXaminer: https
05-03 22:07:14.082  6222  6482 I BLACKXERUS - AndroidXaminer: app.prod-rca-coronaapp-fd.net
05-03 22:07:14.082  6222  6482 I BLACKXERUS - AndroidXaminer: https://app.prod-rca-coronaapp-fd.net/
05-03 22:07:14.082  6222  6482 I BLACKXERUS - AndroidXaminer: https
05-03 22:07:14.082  6222  6482 I BLACKXERUS - AndroidXaminer: app.prod-rca-coronaapp-fd.net
05-03 22:07:14.083  6222  6482 I BLACKXERUS - AndroidXaminer: GET
05-03 22:07:14.083  6222  6482 I BLACKXERUS - AndroidXaminer: GET
05-03 22:07:14.083  6222  6482 I BLACKXERUS - AndroidXaminer: https://app.prod-rca-coronaapp-fd.net/Rest/v6/configuration
05-03 22:07:14.085  6222  6222 I BLACKXERUS - AndroidXaminer: viewModel
05-03 22:07:14.085  6222  6222 I BLACKXERUS - AndroidXaminer: getViewModel()Lat/roteskreuz/stopcorona/screens/dashboard/DashboardViewModel;
05-03 22:07:14.085  6222  6222 I BLACKXERUS - AndroidXaminer: controller
05-03 22:07:14.085  6222  6222 I BLACKXERUS - AndroidXaminer: getController()Lat/roteskreuz/stopcorona/screens/dashboard/DashboardController;
05-03 22:07:14.085  6222  6222 I BLACKXERUS - AndroidXaminer: accurateScrollListener
05-03 22:07:14.085  6222  6222 I BLACKXERUS - AndroidXaminer: getAccurateScrollListener()Lat/roteskreuz/stopcorona/utils/view/AccurateScrollListener;
05-03 22:07:14.085  6222  6222 I BLACKXERUS - AndroidXaminer: d44b8e61-8b79-4d4e-a2c9-ee791a75142b
05-03 22:07:14.085  6222  6222 I BLACKXERUS - AndroidXaminer: d.a.a.a.d.a
05-03 22:07:14.091  6222  6222 I BLACKXERUS - AndroidXaminer: savedEncounters
05-03 22:07:14.091  6222  6222 I BLACKXERUS - AndroidXaminer: getSavedEncounters()I
05-03 22:07:14.091  6222  6222 I BLACKXERUS - AndroidXaminer: ownHealthStatus
05-03 22:07:14.091  6222  6222 I BLACKXERUS - AndroidXaminer: getOwnHealthStatus()Lat/roteskreuz/stopcorona/screens/dashboard/HealthStatusData;
05-03 22:07:14.091  6222  6222 I BLACKXERUS - AndroidXaminer: contactsHealthStatus
05-03 22:07:14.091  6222  6222 I BLACKXERUS - AndroidXaminer: getContactsHealthStatus()Lat/roteskreuz/stopcorona/screens/dashboard/HealthStatusData;
05-03 22:07:14.091  6222  6222 I BLACKXERUS - AndroidXaminer: showQuarantineEnd
05-03 22:07:14.091  6222  6222 I BLACKXERUS - AndroidXaminer: getShowQuarantineEnd()Z
05-03 22:07:14.091  6222  6222 I BLACKXERUS - AndroidXaminer: someoneHasRecoveredHealthStatus
05-03 22:07:14.091  6222  6222 I BLACKXERUS - AndroidXaminer: getSomeoneHasRecoveredHealthStatus()Lat/roteskreuz/stopcorona/screens/dashboard/HealthStatusData;
05-03 22:07:14.091  6222  6222 I BLACKXERUS - AndroidXaminer: automaticHandshakeEnabled
05-03 22:07:14.091  6222  6222 I BLACKXERUS - AndroidXaminer: getAutomaticHandshakeEnabled()Z
05-03 22:07:14.092  6222  6222 I BLACKXERUS - AndroidXaminer: d.a.a.a.d.i
05-03 22:07:14.092  6222  6222 I BLACKXERUS - AndroidXaminer: |	
05-03 22:07:14.093  6222  6222 I BLACKXERUS - AndroidXaminer: d.a.a.f.a.f.e.a
05-03 22:07:14.093  6222  6222 I BLACKXERUS - AndroidXaminer: |	
05-03 22:07:14.093  6222  6222 I BLACKXERUS - AndroidXaminer: d.a.a.b.a.q
05-03 22:07:14.094  6222  6222 I BLACKXERUS - AndroidXaminer: |	|	
05-03 22:07:14.094  6222  6222 I BLACKXERUS - AndroidXaminer: d.a.a.b.d.b.t
05-03 22:07:14.095  6222  6222 I BLACKXERUS - AndroidXaminer: |	|	
05-03 22:07:14.095  6222  6222 I BLACKXERUS - AndroidXaminer: android.content.SharedPreferences
05-03 22:07:14.095  6222  6222 I BLACKXERUS - AndroidXaminer: showMicrophoneExplanationDialog
05-03 22:07:14.095  6222  6222 I BLACKXERUS - AndroidXaminer: getShowMicrophoneExplanationDialog()Z
05-03 22:07:14.095  6222  6222 I BLACKXERUS - AndroidXaminer: pref_dashboard_microphone_explanation_dialog_show_again
05-03 22:07:14.095  6222  6222 I BLACKXERUS - AndroidXaminer: |	
05-03 22:07:14.095  6222  6222 I BLACKXERUS - AndroidXaminer: d.a.a.b.a.b0
05-03 22:07:14.095  6222  6222 I BLACKXERUS - AndroidXaminer: |	
05-03 22:07:14.095  6222  6222 I BLACKXERUS - AndroidXaminer: d.a.a.b.a.u0
05-03 22:07:14.096  6222  6222 I BLACKXERUS - AndroidXaminer: |	
05-03 22:07:14.096  6222  6222 I BLACKXERUS - AndroidXaminer: d.a.a.b.a.d
05-03 22:07:14.096  6222  6222 I BLACKXERUS - AndroidXaminer: |	
05-03 22:07:14.096  6222  6222 I BLACKXERUS - AndroidXaminer: d.a.a.b.a.h1.a
05-03 22:07:14.096  6222  6222 I BLACKXERUS - AndroidXaminer: |	
05-03 22:07:14.096  6222  6222 I BLACKXERUS - AndroidXaminer: d.a.a.b.a.h
05-03 22:07:14.096  6222  6222 I BLACKXERUS - AndroidXaminer: |	
05-03 22:07:14.096  6222  6222 I BLACKXERUS - AndroidXaminer: d.a.a.b.e.a
05-03 22:07:14.098  6222  6222 I BLACKXERUS - AndroidXaminer: SELECT COUNT() FROM nearby_record
05-03 22:07:14.100  6222  6222 I BLACKXERUS - AndroidXaminer: SELECT * FROM infection_message WHERE isReceived = 1
05-03 22:07:14.100  6222  6222 I BLACKXERUS - AndroidXaminer: SELECT * FROM configuration
05-03 22:07:14.101  6222  6222 I BLACKXERUS - AndroidXaminer: pref_quarantine_repository_show_quarantine_end
05-03 22:07:14.101  6222  6222 I BLACKXERUS - AndroidXaminer: pref_infection_messenger_repository_someone_has_recovered
05-03 22:07:14.101  6222  6222 I BLACKXERUS - AndroidXaminer: pref_corona_detection_repository_is_service_running
05-03 22:07:14.119  6222  6484 I BLACKXERUS - AndroidXaminer: dJvDQK-XQCugb2pLUGHa2y
05-03 22:07:14.119  6222  6484 I BLACKXERUS - AndroidXaminer: dJvDQK-XQCugb2pLUGHa2y
05-03 22:07:14.120  6222  6222 I BLACKXERUS - AndroidXaminer: Digitaler Handshake
05-03 22:07:14.124  6222  6267 I BLACKXERUS - AndroidXaminer: UTC
05-03 22:07:14.124  6222  6481 I BLACKXERUS - AndroidXaminer: dJvDQK-XQCugb2pLUGHa2y
