05-03 22:05:34.079  5986  5986 I BLACKXERUS - AndroidXaminer: AlignedDayOfWeekInMonth
05-03 22:05:34.079  5986  5986 I BLACKXERUS - AndroidXaminer: AlignedDayOfWeekInYear
05-03 22:05:34.080  5986  5986 I BLACKXERUS - AndroidXaminer: DayOfMonth
05-03 22:05:34.080  5986  5986 I BLACKXERUS - AndroidXaminer: DayOfYear
05-03 22:05:34.080  5986  5986 I BLACKXERUS - AndroidXaminer: EpochDay
05-03 22:05:34.080  5986  5986 I BLACKXERUS - AndroidXaminer: AlignedWeekOfMonth
05-03 22:05:34.080  5986  5986 I BLACKXERUS - AndroidXaminer: AlignedWeekOfYear
05-03 22:05:34.080  5986  5986 I BLACKXERUS - AndroidXaminer: MonthOfYear
05-03 22:05:34.080  5986  5986 I BLACKXERUS - AndroidXaminer: ProlepticMonth
05-03 22:05:34.080  5986  5986 I BLACKXERUS - AndroidXaminer: YearOfEra
05-03 22:05:34.080  5986  5986 I BLACKXERUS - AndroidXaminer: Year
05-03 22:05:34.080  5986  5986 I BLACKXERUS - AndroidXaminer: Era
05-03 22:05:34.080  5986  5986 I BLACKXERUS - AndroidXaminer: InstantSeconds
05-03 22:05:34.080  5986  5986 I BLACKXERUS - AndroidXaminer: OffsetSeconds
05-03 22:05:34.081  5986  5986 I BLACKXERUS - AndroidXaminer: WeekBasedYears
05-03 22:05:34.081  5986  5986 I BLACKXERUS - AndroidXaminer: QuarterYears
05-03 22:05:34.083  5986  5986 I BLACKXERUS - AndroidXaminer: Z
05-03 22:05:34.083  5986  6018 I BLACKXERUS - AndroidXaminer: SELECT 1 FROM sqlite_master WHERE type = 'table' AND name='room_master_table'
05-03 22:05:34.083  5986  5986 I BLACKXERUS - AndroidXaminer: ZoneRegionId()
05-03 22:05:34.084  5986  5986 I BLACKXERUS - AndroidXaminer: ZoneRegionId()
05-03 22:05:34.084  5986  5986 I BLACKXERUS - AndroidXaminer: -W
05-03 22:05:34.084  5986  5986 I BLACKXERUS - AndroidXaminer: Z
05-03 22:05:34.085  5986  6018 I BLACKXERUS - AndroidXaminer: SELECT identity_hash FROM room_master_table WHERE id = 42 LIMIT 1
05-03 22:05:34.086  5986  5986 I BLACKXERUS - AndroidXaminer: , 
05-03 22:05:34.086  5986  5986 I BLACKXERUS - AndroidXaminer: GMT
05-03 22:05:34.089  5986  6018 I BLACKXERUS - AndroidXaminer: SELECT `required_network_type`, `requires_charging`, `requires_device_idle`, `requires_battery_not_low`, `requires_storage_not_low`, `trigger_content_update_delay`, `trigger_max_content_delay`, `content_uri_triggers`, `WorkSpec`.`id` AS `id`, `WorkSpec`.`state` AS `state`, `WorkSpec`.`worker_class_name` AS `worker_class_name`, `WorkSpec`.`input_merger_class_name` AS `input_merger_class_name`, `WorkSpec`.`input` AS `input`, `WorkSpec`.`output` AS `output`, `WorkSpec`.`initial_delay` AS `initial_delay`, `WorkSpec`.`interval_duration` AS `interval_duration`, `WorkSpec`.`flex_duration` AS `flex_duration`, `WorkSpec`.`run_attempt_count` AS `run_attempt_count`, `WorkSpec`.`backoff_policy` AS `backoff_policy`, `WorkSpec`.`backoff_delay_duration` AS `backoff_delay_duration`, `WorkSpec`.`period_start_time` AS `period_start_time`, `WorkSpec`.`minimum_retention_duration` AS `minimum_retention_duration`, `WorkSpec`.`schedule_requested_at` AS `schedule_requested_at`, `WorkSpec`.`run_in_foreground` AS `run_in_foreground` FROM workspec WHERE state=1
05-03 22:05:34.091  5986  6018 I BLACKXERUS - AndroidXaminer: SELECT long_value FROM Preference where `key`=?
05-03 22:05:34.094  5986  6018 I BLACKXERUS - AndroidXaminer: SELECT `required_network_type`, `requires_charging`, `requires_device_idle`, `requires_battery_not_low`, `requires_storage_not_low`, `trigger_content_update_delay`, `trigger_max_content_delay`, `content_uri_triggers`, `WorkSpec`.`id` AS `id`, `WorkSpec`.`state` AS `state`, `WorkSpec`.`worker_class_name` AS `worker_class_name`, `WorkSpec`.`input_merger_class_name` AS `input_merger_class_name`, `WorkSpec`.`input` AS `input`, `WorkSpec`.`output` AS `output`, `WorkSpec`.`initial_delay` AS `initial_delay`, `WorkSpec`.`interval_duration` AS `interval_duration`, `WorkSpec`.`flex_duration` AS `flex_duration`, `WorkSpec`.`run_attempt_count` AS `run_attempt_count`, `WorkSpec`.`backoff_policy` AS `backoff_policy`, `WorkSpec`.`backoff_delay_duration` AS `backoff_delay_duration`, `WorkSpec`.`period_start_time` AS `period_start_time`, `WorkSpec`.`minimum_retention_duration` AS `minimum_retention_duration`, `WorkSpec`.`schedule_requested_at` AS `schedule_requested_at`, `WorkSpec`.`run_in_foreground` AS `run_in_foreground` FROM workspec WHERE state=0 AND schedule_requested_at=-1 ORDER BY period_start_time LIMIT (SELECT MAX(?-COUNT(*), 0) FROM workspec WHERE schedule_requested_at<>-1 AND state NOT IN (2, 3, 5))
05-03 22:05:34.098  5986  6019 I BLACKXERUS - AndroidXaminer: SELECT * FROM room_table_modification_log WHERE invalidated = 1;
05-03 22:05:34.102  5986  5986 I BLACKXERUS - AndroidXaminer: https
05-03 22:05:34.102  5986  5986 I BLACKXERUS - AndroidXaminer: app.prod-rca-coronaapp-fd.net
05-03 22:05:34.102  5986  5986 I BLACKXERUS - AndroidXaminer: https
05-03 22:05:34.102  5986  5986 I BLACKXERUS - AndroidXaminer: app.prod-rca-coronaapp-fd.net
05-03 22:05:34.102  5986  5986 I BLACKXERUS - AndroidXaminer: https://app.prod-rca-coronaapp-fd.net/Rest/v6/
05-03 22:05:34.104  5986  5986 I BLACKXERUS - AndroidXaminer: |	|	|	
05-03 22:05:34.104  5986  5986 I BLACKXERUS - AndroidXaminer: d.a.a.b.a.s
05-03 22:05:34.104  5986  5986 I BLACKXERUS - AndroidXaminer: |	|	|	|	
05-03 22:05:34.104  5986  5986 I BLACKXERUS - AndroidXaminer: android.content.SharedPreferences
05-03 22:05:34.105  5986  5986 I BLACKXERUS - AndroidXaminer: |	|	|	|	|	
05-03 22:05:34.105  5986  5986 I BLACKXERUS - AndroidXaminer: android.app.Application
05-03 22:05:34.106  5986  5986 I BLACKXERUS - AndroidXaminer: dataPrivacyAcceptedTimestamp
05-03 22:05:34.106  5986  5986 I BLACKXERUS - AndroidXaminer: getDataPrivacyAcceptedTimestamp()Lorg/threeten/bp/ZonedDateTime;
05-03 22:05:34.107  5986  5986 I BLACKXERUS - AndroidXaminer: dataPrivacyAcceptedTimestampV1_1
05-03 22:05:34.107  5986  5986 I BLACKXERUS - AndroidXaminer: getDataPrivacyAcceptedTimestampV1_1()Lorg/threeten/bp/ZonedDateTime;
05-03 22:05:34.107  5986  5986 I BLACKXERUS - AndroidXaminer: pref_terms_and_conditions_repository__data_privacy_timestamp
05-03 22:05:34.107  5986  5986 I BLACKXERUS - AndroidXaminer: pref_terms_and_conditions_repository_data_privacy_timestamp_v1.1
05-03 22:05:34.108  5986  5986 I BLACKXERUS - AndroidXaminer: |	|	
05-03 22:05:34.108  5986  5986 I BLACKXERUS - AndroidXaminer: d.a.a.b.d.b.h
05-03 22:05:34.108  5986  5986 I BLACKXERUS - AndroidXaminer: |	|	|	
05-03 22:05:34.108  5986  5986 I BLACKXERUS - AndroidXaminer: at.roteskreuz.stopcorona.model.db.DefaultDatabase
05-03 22:05:34.108  5986  5986 I BLACKXERUS - AndroidXaminer: |	|	|	|	
05-03 22:05:34.108  5986  5986 I BLACKXERUS - AndroidXaminer: android.content.Context
05-03 22:05:34.108  5986  5986 I BLACKXERUS - AndroidXaminer: default.db
05-03 22:05:34.109  5986  5986 I BLACKXERUS - AndroidXaminer: default.db
05-03 22:05:34.110  5986  5986 I BLACKXERUS - AndroidXaminer: 8975051532edf4efd89f0ea7bf0d6c1c
05-03 22:05:34.110  5986  5986 I BLACKXERUS - AndroidXaminer: 9497e819e7ee0bb2d89fafdc0c6754f8
05-03 22:05:34.110  5986  5986 I BLACKXERUS - AndroidXaminer: default.db
05-03 22:05:34.110  5986  5986 I BLACKXERUS - AndroidXaminer: default.db
05-03 22:05:34.111  5986  5986 I BLACKXERUS - AndroidXaminer: |	|	
05-03 22:05:34.111  5986  5986 I BLACKXERUS - AndroidXaminer: d.a.a.b.c.a
05-03 22:05:34.111  5986  5986 I BLACKXERUS - AndroidXaminer: |	|	|	
05-03 22:05:34.111  5986  5986 I BLACKXERUS - AndroidXaminer: d.a.a.f.a.f.e.a
05-03 22:05:34.111  5986  5986 I BLACKXERUS - AndroidXaminer: |	|	|	
05-03 22:05:34.112  5986  5986 I BLACKXERUS - AndroidXaminer: p.g.a.a0
05-03 22:05:34.112  5986  5986 I BLACKXERUS - AndroidXaminer: |	|	|	
05-03 22:05:34.112  5986  5986 I BLACKXERUS - AndroidXaminer: d.a.a.b.a.y
05-03 22:05:34.112  5986  5986 I BLACKXERUS - AndroidXaminer: |	|	|	|	
05-03 22:05:34.112  5986  5986 I BLACKXERUS - AndroidXaminer: d.a.a.f.a.f.e.a
05-03 22:05:34.113  5986  5986 I BLACKXERUS - AndroidXaminer: |	|	|	|	
05-03 22:05:34.113  5986  5986 I BLACKXERUS - AndroidXaminer: d.a.a.b.a.h1.a
05-03 22:05:34.113  5986  5986 I BLACKXERUS - AndroidXaminer: |	|	|	|	|	
05-03 22:05:34.113  5986  5986 I BLACKXERUS - AndroidXaminer: android.content.Context
05-03 22:05:34.114  5986  5986 I BLACKXERUS - AndroidXaminer: |	
05-03 22:05:34.114  5986  5986 I BLACKXERUS - AndroidXaminer: d.a.a.b.d.b.p
05-03 22:05:34.114  5986  5986 I BLACKXERUS - AndroidXaminer: |	|	
05-03 22:05:34.114  5986  5986 I BLACKXERUS - AndroidXaminer: at.roteskreuz.stopcorona.model.db.DefaultDatabase
05-03 22:05:34.115  5986  5986 I BLACKXERUS - AndroidXaminer: |	
05-03 22:05:34.115  5986  5986 I BLACKXERUS - AndroidXaminer: d.a.a.b.a.u0
05-03 22:05:34.115  5986  5986 I BLACKXERUS - AndroidXaminer: |	|	
05-03 22:05:34.115  5986  5986 I BLACKXERUS - AndroidXaminer: d.a.a.f.a.f.e.a
05-03 22:05:34.115  5986  5986 I BLACKXERUS - AndroidXaminer: |	|	
05-03 22:05:34.115  5986  5986 I BLACKXERUS - AndroidXaminer: android.content.SharedPreferences
05-03 22:05:34.116  5986  5986 I BLACKXERUS - AndroidXaminer: |	|	
05-03 22:05:34.116  5986  5986 I BLACKXERUS - AndroidXaminer: d.a.a.b.a.d
05-03 22:05:34.116  5986  5986 I BLACKXERUS - AndroidXaminer: |	|	
05-03 22:05:34.116  5986  5986 I BLACKXERUS - AndroidXaminer: m.y.u
05-03 22:05:34.116  5986  5986 I BLACKXERUS - AndroidXaminer: |	|	|	
05-03 22:05:34.116  5986  5986 I BLACKXERUS - AndroidXaminer: android.content.Context
05-03 22:05:34.116  5986  5986 I BLACKXERUS - AndroidXaminer: dateOfFirstMedicalConfirmation
05-03 22:05:34.116  5986  5986 I BLACKXERUS - AndroidXaminer: getDateOfFirstMedicalConfirmation()Lorg/threeten/bp/ZonedDateTime;
05-03 22:05:34.117  5986  5986 I BLACKXERUS - AndroidXaminer: dateOfFirstSelfDiagnose
05-03 22:05:34.117  5986  5986 I BLACKXERUS - AndroidXaminer: getDateOfFirstSelfDiagnose()Lorg/threeten/bp/ZonedDateTime;
05-03 22:05:34.117  5986  5986 I BLACKXERUS - AndroidXaminer: dateOfLastSelfDiagnose
05-03 22:05:34.117  5986  5986 I BLACKXERUS - AndroidXaminer: getDateOfLastSelfDiagnose()Lorg/threeten/bp/ZonedDateTime;
05-03 22:05:34.117  5986  5986 I BLACKXERUS - AndroidXaminer: dateOfLastRedContact
05-03 22:05:34.117  5986  5986 I BLACKXERUS - AndroidXaminer: getDateOfLastRedContact()Lorg/threeten/bp/ZonedDateTime;
05-03 22:05:34.117  5986  5986 I BLACKXERUS - AndroidXaminer: dateOfLastYellowContact
05-03 22:05:34.117  5986  5986 I BLACKXERUS - AndroidXaminer: getDateOfLastYellowContact()Lorg/threeten/bp/ZonedDateTime;
05-03 22:05:34.117  5986  5986 I BLACKXERUS - AndroidXaminer: dateOfLastSelfMonitoringInstruction
05-03 22:05:34.117  5986  5986 I BLACKXERUS - AndroidXaminer: getDateOfLastSelfMonitoringInstruction()Lorg/threeten/bp/ZonedDateTime;
05-03 22:05:34.117  5986  5986 I BLACKXERUS - AndroidXaminer: showQuarantineEnd
05-03 22:05:34.117  5986  5986 I BLACKXERUS - AndroidXaminer: getShowQuarantineEnd()Z
05-03 22:05:34.117  5986  5986 I BLACKXERUS - AndroidXaminer: pref_quarantine_repository_date_of_first_medical_confirmation
05-03 22:05:34.117  5986  5986 I BLACKXERUS - AndroidXaminer: pref_quarantine_repository_date_of_first_self_diagnose
05-03 22:05:34.117  5986  5986 I BLACKXERUS - AndroidXaminer: pref_quarantine_repository_date_of_last_self_diagnose
05-03 22:05:34.117  5986  5986 I BLACKXERUS - AndroidXaminer: pref_quarantine_repository_date_of_last_red_contact
05-03 22:05:34.117  5986  5986 I BLACKXERUS - AndroidXaminer: pref_quarantine_repository_date_of_last_yellow_contact
05-03 22:05:34.117  5986  5986 I BLACKXERUS - AndroidXaminer: pref_quarantine_repository_date_opf_last_self_monitoring
05-03 22:05:34.117  5986  5986 I BLACKXERUS - AndroidXaminer: pref_quarantine_repository_show_quarantine_end
05-03 22:05:34.117  5986  5986 I BLACKXERUS - AndroidXaminer: SELECT * FROM configuration
05-03 22:05:34.119  5986  5986 I BLACKXERUS - AndroidXaminer: RxSingleScheduler
05-03 22:05:34.119  5986  5986 I BLACKXERUS - AndroidXaminer: RxSchedulerPurge
05-03 22:05:34.121  5986  5986 I BLACKXERUS - AndroidXaminer: RxComputationShutdown
05-03 22:05:34.121  5986  5986 I BLACKXERUS - AndroidXaminer: RxComputationThreadPool
05-03 22:05:34.121  5986  5986 I BLACKXERUS - AndroidXaminer: RxCachedThreadSchedulerShutdown
05-03 22:05:34.121  5986  5986 I BLACKXERUS - AndroidXaminer: RxCachedThreadScheduler
05-03 22:05:34.122  5986  5986 I BLACKXERUS - AndroidXaminer: RxCachedWorkerPoolEvictor
05-03 22:05:34.123  5986  5986 I BLACKXERUS - AndroidXaminer: RxNewThreadScheduler
05-03 22:05:34.126  5986  5986 I BLACKXERUS - AndroidXaminer: pref_quarantine_repository_date_of_first_medical_confirmation
05-03 22:05:34.130  5986  5986 I BLACKXERUS - AndroidXaminer: pref_quarantine_repository_date_of_last_self_diagnose
05-03 22:05:34.130  5986  5986 I BLACKXERUS - AndroidXaminer: pref_quarantine_repository_date_of_last_red_contact
05-03 22:05:34.130  5986  5986 I BLACKXERUS - AndroidXaminer: pref_quarantine_repository_date_of_last_yellow_contact
05-03 22:05:34.130  5986  5986 I BLACKXERUS - AndroidXaminer: pref_quarantine_repository_date_opf_last_self_monitoring
05-03 22:05:34.133  5986  5986 I BLACKXERUS - AndroidXaminer: |	
05-03 22:05:34.133  5986  5986 I BLACKXERUS - AndroidXaminer: d.a.a.b.a.h
05-03 22:05:34.133  5986  5986 I BLACKXERUS - AndroidXaminer: |	|	
05-03 22:05:34.133  5986  5986 I BLACKXERUS - AndroidXaminer: d.a.a.f.a.f.e.a
05-03 22:05:34.133  5986  5986 I BLACKXERUS - AndroidXaminer: |	|	
05-03 22:05:34.133  5986  5986 I BLACKXERUS - AndroidXaminer: d.a.a.b.a.h1.a
05-03 22:05:34.133  5986  5986 I BLACKXERUS - AndroidXaminer: |	|	
05-03 22:05:34.133  5986  5986 I BLACKXERUS - AndroidXaminer: android.content.SharedPreferences
05-03 22:05:34.134  5986  5986 I BLACKXERUS - AndroidXaminer: |	|	
05-03 22:05:34.134  5986  5986 I BLACKXERUS - AndroidXaminer: at.roteskreuz.stopcorona.model.receivers.BatterySaverStateReceiver
05-03 22:05:34.134  5986  5986 I BLACKXERUS - AndroidXaminer: |	|	
05-03 22:05:34.134  5986  5986 I BLACKXERUS - AndroidXaminer: at.roteskreuz.stopcorona.model.receivers.BluetoothStateReceiver
05-03 22:05:34.134  5986  5986 I BLACKXERUS - AndroidXaminer: notificationsRepository
05-03 22:05:34.134  5986  5986 I BLACKXERUS - AndroidXaminer: getNotificationsRepository()Lat/roteskreuz/stopcorona/model/repositories/NotificationsRepository;
05-03 22:05:34.135  5986  5986 I BLACKXERUS - AndroidXaminer: |	|	
05-03 22:05:34.135  5986  5986 I BLACKXERUS - AndroidXaminer: d.a.a.b.a.u
05-03 22:05:34.135  5986  5986 I BLACKXERUS - AndroidXaminer: |	|	|	
05-03 22:05:34.135  5986  5986 I BLACKXERUS - AndroidXaminer: d.a.a.f.a.f.e.a
05-03 22:05:34.136  5986  5986 I BLACKXERUS - AndroidXaminer: |	|	|	
05-03 22:05:34.136  5986  5986 I BLACKXERUS - AndroidXaminer: d.a.a.b.a.h1.a
05-03 22:05:34.136  5986  5986 I BLACKXERUS - AndroidXaminer: |	|	|	
05-03 22:05:34.136  5986  5986 I BLACKXERUS - AndroidXaminer: d.a.a.b.a.o
05-03 22:05:34.136  5986  5986 I BLACKXERUS - AndroidXaminer: |	|	|	|	
05-03 22:05:34.136  5986  5986 I BLACKXERUS - AndroidXaminer: android.security.KeyPairGeneratorSpec.Builder
05-03 22:05:34.137  5986  5986 I BLACKXERUS - AndroidXaminer: |	|	|	|	|	
05-03 22:05:34.137  5986  5986 I BLACKXERUS - AndroidXaminer: android.content.Context
05-03 22:05:34.137  5986  5986 I BLACKXERUS - AndroidXaminer: keyStore
05-03 22:05:34.137  5986  5986 I BLACKXERUS - AndroidXaminer: getKeyStore()Ljava/security/KeyStore;
05-03 22:05:34.137  5986  5986 I BLACKXERUS - AndroidXaminer: keyPair
05-03 22:05:34.137  5986  5986 I BLACKXERUS - AndroidXaminer: getKeyPair()Ljava/security/cert/Certificate;
05-03 22:05:34.137  5986  5986 I BLACKXERUS - AndroidXaminer: publicKey
05-03 22:05:34.137  5986  5986 I BLACKXERUS - AndroidXaminer: getPublicKey()Ljava/security/PublicKey;
05-03 22:05:34.137  5986  5986 I BLACKXERUS - AndroidXaminer: publicKeyPKCS1
05-03 22:05:34.137  5986  5986 I BLACKXERUS - AndroidXaminer: getPublicKeyPKCS1()[B
05-03 22:05:34.137  5986  5986 I BLACKXERUS - AndroidXaminer: publicKeyPrefix
05-03 22:05:34.137  5986  5986 I BLACKXERUS - AndroidXaminer: getPublicKeyPrefix()Ljava/lang/String;
05-03 22:05:34.137  5986  5986 I BLACKXERUS - AndroidXaminer: publicKeyX509
05-03 22:05:34.137  5986  5986 I BLACKXERUS - AndroidXaminer: getPublicKeyX509()[B
05-03 22:05:34.137  5986  5986 I BLACKXERUS - AndroidXaminer: privateKey
05-03 22:05:34.137  5986  5986 I BLACKXERUS - AndroidXaminer: getPrivateKey()Ljava/security/PrivateKey;
05-03 22:05:34.138  5986  5986 I BLACKXERUS - AndroidXaminer: threadLocalEcImplicitlyCa
05-03 22:05:34.138  5986  5986 I BLACKXERUS - AndroidXaminer: ecImplicitlyCa
05-03 22:05:34.138  5986  5986 I BLACKXERUS - AndroidXaminer: threadLocalDhDefaultParams
05-03 22:05:34.138  5986  5986 I BLACKXERUS - AndroidXaminer: DhDefaultParams
05-03 22:05:34.138  5986  5986 I BLACKXERUS - AndroidXaminer: acceptableEcCurves
05-03 22:05:34.138  5986  5986 I BLACKXERUS - AndroidXaminer: additionalEcParameters
05-03 22:05:34.223  5986  5986 I BLACKXERUS - AndroidXaminer: 1.3.6.1.4.1.8301.3.1.3.5.3.2
05-03 22:05:34.223  5986  5986 I BLACKXERUS - AndroidXaminer: 1.3.6.1.4.1.8301.3.1.3.5.3.2.1
05-03 22:05:34.223  5986  5986 I BLACKXERUS - AndroidXaminer: 1.3.6.1.4.1.8301.3.1.3.5.3.2.2
05-03 22:05:34.223  5986  5986 I BLACKXERUS - AndroidXaminer: 1.3.6.1.4.1.8301.3.1.3.5.3.2.3
05-03 22:05:34.223  5986  5986 I BLACKXERUS - AndroidXaminer: 1.3.6.1.4.1.8301.3.1.3.5.3.2.4
05-03 22:05:34.223  5986  5986 I BLACKXERUS - AndroidXaminer: 1.3.6.1.4.1.8301.3.1.3.5.3.2.5
05-03 22:05:34.223  5986  5986 I BLACKXERUS - AndroidXaminer: 1.3.6.1.4.1.8301.3.1.3.3
05-03 22:05:34.223  5986  5986 I BLACKXERUS - AndroidXaminer: 1.3.6.1.4.1.8301.3.1.3.3.1
05-03 22:05:34.223  5986  5986 I BLACKXERUS - AndroidXaminer: 1.3.6.1.4.1.8301.3.1.3.3.2
05-03 22:05:34.223  5986  5986 I BLACKXERUS - AndroidXaminer: 1.3.6.1.4.1.8301.3.1.3.3.3
05-03 22:05:34.223  5986  5986 I BLACKXERUS - AndroidXaminer: 1.3.6.1.4.1.8301.3.1.3.3.4
05-03 22:05:34.224  5986  5986 I BLACKXERUS - AndroidXaminer: 1.3.6.1.4.1.8301.3.1.3.3.5
05-03 22:05:34.224  5986  5986 I BLACKXERUS - AndroidXaminer: 1.3.6.1.4.1.8301.3.1.3.4.1
05-03 22:05:34.224  5986  5986 I BLACKXERUS - AndroidXaminer: 1.3.6.1.4.1.8301.3.1.3.4.2
05-03 22:05:34.224  5986  5986 I BLACKXERUS - AndroidXaminer: 1.3.6.1.4.1.8301.3.1.3.4.2.1
05-03 22:05:34.224  5986  5986 I BLACKXERUS - AndroidXaminer: 1.3.6.1.4.1.8301.3.1.3.4.2.2
05-03 22:05:34.224  5986  5986 I BLACKXERUS - AndroidXaminer: 1.3.6.1.4.1.8301.3.1.3.4.2.3
05-03 22:05:34.224  5986  5986 I BLACKXERUS - AndroidXaminer: 1.3.6.1.4.1.22554
05-03 22:05:34.224  5986  5986 I BLACKXERUS - AndroidXaminer: 1.3.6.1.4.1.22554.1
05-03 22:05:34.224  5986  5986 I BLACKXERUS - AndroidXaminer: 1.3.6.1.4.1.22554.1.1
05-03 22:05:34.224  5986  5986 I BLACKXERUS - AndroidXaminer: 1.3.6.1.4.1.22554.1.2.1
05-03 22:05:34.224  5986  5986 I BLACKXERUS - AndroidXaminer: 1.3.6.1.4.1.22554.1.2.2
05-03 22:05:34.224  5986  5986 I BLACKXERUS - AndroidXaminer: 1.3.6.1.4.1.22554.1.2.3
05-03 22:05:34.224  5986  5986 I BLACKXERUS - AndroidXaminer: 1.3.6.1.4.1.22554.1.2.4
05-03 22:05:34.224  5986  5986 I BLACKXERUS - AndroidXaminer: 1.3.6.1.4.1.22554.1.1.1
05-03 22:05:34.224  5986  5986 I BLACKXERUS - AndroidXaminer: 1.3.6.1.4.1.22554.1.1.2
05-03 22:05:34.224  5986  5986 I BLACKXERUS - AndroidXaminer: 1.3.6.1.4.1.22554.1.2.1.1
05-03 22:05:34.224  5986  5986 I BLACKXERUS - AndroidXaminer: 1.3.6.1.4.1.22554.1.2.1.2
05-03 22:05:34.224  5986  5986 I BLACKXERUS - AndroidXaminer: 1.3.6.1.4.1.22554.1.1.2.1.2
05-03 22:05:34.224  5986  5986 I BLACKXERUS - AndroidXaminer: 1.3.6.1.4.1.22554.1.1.2.1.22
05-03 22:05:34.224  5986  5986 I BLACKXERUS - AndroidXaminer: 1.3.6.1.4.1.22554.1.1.2.1.42
05-03 22:05:34.224  5986  5986 I BLACKXERUS - AndroidXaminer: 1.3.6.1.4.1.22554.1.2.1.2.1.2
05-03 22:05:34.224  5986  5986 I BLACKXERUS - AndroidXaminer: 1.3.6.1.4.1.22554.1.2.1.2.1.22
05-03 22:05:34.224  5986  5986 I BLACKXERUS - AndroidXaminer: 1.3.6.1.4.1.22554.1.2.1.2.1.42
05-03 22:05:34.224  5986  5986 I BLACKXERUS - AndroidXaminer: 1.3.6.1.4.1.22554.2
05-03 22:05:34.224  5986  5986 I BLACKXERUS - AndroidXaminer: 1.3.6.1.4.1.22554.2.1
05-03 22:05:34.224  5986  5986 I BLACKXERUS - AndroidXaminer: 1.3.6.1.4.1.22554.2.1.1
05-03 22:05:34.224  5986  5986 I BLACKXERUS - AndroidXaminer: 1.3.6.1.4.1.22554.2.1.2
05-03 22:05:34.224  5986  5986 I BLACKXERUS - AndroidXaminer: 1.3.6.1.4.1.22554.2.1.3
05-03 22:05:34.224  5986  5986 I BLACKXERUS - AndroidXaminer: 1.3.6.1.4.1.22554.2.2
05-03 22:05:34.224  5986  5986 I BLACKXERUS - AndroidXaminer: 1.3.6.1.4.1.22554.2.2.1
05-03 22:05:34.224  5986  5986 I BLACKXERUS - AndroidXaminer: 1.3.6.1.4.1.22554.2.2.2
05-03 22:05:34.224  5986  5986 I BLACKXERUS - AndroidXaminer: 1.3.6.1.4.1.22554.2.2.3
05-03 22:05:34.224  5986  5986 I BLACKXERUS - AndroidXaminer: 1.3.6.1.4.1.22554.2.2.4
05-03 22:05:34.225  5986  5986 I BLACKXERUS - AndroidXaminer: 1.3.6.1.4.1.22554.2.3
05-03 22:05:34.225  5986  5986 I BLACKXERUS - AndroidXaminer: 1.3.6.1.4.1.22554.2.3.1
05-03 22:05:34.225  5986  5986 I BLACKXERUS - AndroidXaminer: 1.3.6.1.4.1.22554.2.3.2
05-03 22:05:34.225  5986  5986 I BLACKXERUS - AndroidXaminer: 1.3.6.1.4.1.22554.2.3.3
05-03 22:05:34.225  5986  5986 I BLACKXERUS - AndroidXaminer: 1.3.6.1.4.1.22554.2.3.4
05-03 22:05:34.225  5986  5986 I BLACKXERUS - AndroidXaminer: 1.3.6.1.4.1.22554.3
05-03 22:05:34.225  5986  5986 I BLACKXERUS - AndroidXaminer: 1.3.6.1.4.1.22554.3.1
05-03 22:05:34.230  5986  5986 I BLACKXERUS - AndroidXaminer: |	|	|	
05-03 22:05:34.230  5986  5986 I BLACKXERUS - AndroidXaminer: d.a.a.b.a.s
05-03 22:05:34.233  5986  5986 I BLACKXERUS - AndroidXaminer: |	|	
05-03 22:05:34.233  5986  5986 I BLACKXERUS - AndroidXaminer: d.a.a.b.d.b.a
05-03 22:05:34.234  5986  5986 I BLACKXERUS - AndroidXaminer: |	|	|	
05-03 22:05:34.234  5986  5986 I BLACKXERUS - AndroidXaminer: at.roteskreuz.stopcorona.model.db.DefaultDatabase
05-03 22:05:34.234  5986  5986 I BLACKXERUS - AndroidXaminer: |	|	
05-03 22:05:34.234  5986  5986 I BLACKXERUS - AndroidXaminer: d.a.a.b.a.e0
05-03 22:05:34.234  5986  5986 I BLACKXERUS - AndroidXaminer: |	|	|	
05-03 22:05:34.234  5986  5986 I BLACKXERUS - AndroidXaminer: d.a.a.b.a.o
05-03 22:05:34.235  5986  5986 I BLACKXERUS - AndroidXaminer: |	|	|	
05-03 22:05:34.235  5986  5986 I BLACKXERUS - AndroidXaminer: d.a.a.f.a.f.e.a
05-03 22:05:34.235  5986  5986 I BLACKXERUS - AndroidXaminer: |	|	|	
05-03 22:05:34.235  5986  5986 I BLACKXERUS - AndroidXaminer: d.a.a.b.d.b.t
05-03 22:05:34.235  5986  5986 I BLACKXERUS - AndroidXaminer: |	|	|	|	
05-03 22:05:34.235  5986  5986 I BLACKXERUS - AndroidXaminer: at.roteskreuz.stopcorona.model.db.DefaultDatabase
05-03 22:05:34.236  5986  5986 I BLACKXERUS - AndroidXaminer: 1799
05-03 22:05:34.567  5986  5986 I BLACKXERUS - AndroidXaminer: 1.2.840.113549.1.1.1
05-03 22:05:34.569  5986  5986 I BLACKXERUS - AndroidXaminer: org.spongycastle.asn1.allow_unsafe_integer
05-03 22:05:34.569  5986  5986 I BLACKXERUS - AndroidXaminer: org.spongycastle.asn1.allow_unsafe_integer
05-03 22:05:34.573  5986  5986 I BLACKXERUS - AndroidXaminer: |	|	
05-03 22:05:34.573  5986  5986 I BLACKXERUS - AndroidXaminer: d.a.a.b.a.o
05-03 22:05:34.573  5986  5986 I BLACKXERUS - AndroidXaminer: isServiceRunning
05-03 22:05:34.573  5986  5986 I BLACKXERUS - AndroidXaminer: isServiceRunning()Z
05-03 22:05:34.573  5986  5986 I BLACKXERUS - AndroidXaminer: serviceEnabledOnFirstStart
05-03 22:05:34.573  5986  5986 I BLACKXERUS - AndroidXaminer: getServiceEnabledOnFirstStart()Z
05-03 22:05:34.575  5986  5986 I BLACKXERUS - AndroidXaminer: pref_corona_detection_repository_is_service_running
05-03 22:05:34.575  5986  5986 I BLACKXERUS - AndroidXaminer: pref_corona_detection_repository_service_enabled_on_first_start
05-03 22:05:34.580  5986  5986 I BLACKXERUS - AndroidXaminer: coronaDetectionRepository
05-03 22:05:34.580  5986  5986 I BLACKXERUS - AndroidXaminer: getCoronaDetectionRepository()Lat/roteskreuz/stopcorona/model/repositories/CoronaDetectionRepository;
05-03 22:05:34.580  5986  5986 I BLACKXERUS - AndroidXaminer: notificationsRepository
05-03 22:05:34.580  5986  5986 I BLACKXERUS - AndroidXaminer: getNotificationsRepository()Lat/roteskreuz/stopcorona/model/repositories/NotificationsRepository;
05-03 22:05:34.586  5986  5986 I BLACKXERUS - AndroidXaminer: DefaultDispatcher
05-03 22:05:34.586  5986  5986 I BLACKXERUS - AndroidXaminer: NOT_IN_STACK
05-03 22:05:34.592  5986  5986 I BLACKXERUS - AndroidXaminer: DefaultDispatcher
05-03 22:05:34.592  5986  5986 I BLACKXERUS - AndroidXaminer: REMOVE_FROZEN
05-03 22:05:34.594  5986  5986 I BLACKXERUS - AndroidXaminer: COMPLETING_ALREADY
05-03 22:05:34.594  5986  5986 I BLACKXERUS - AndroidXaminer: COMPLETING_WAITING_CHILDREN
05-03 22:05:34.594  5986  5986 I BLACKXERUS - AndroidXaminer: COMPLETING_RETRY
05-03 22:05:34.594  5986  5986 I BLACKXERUS - AndroidXaminer: TOO_LATE_TO_CANCEL
05-03 22:05:34.594  5986  5986 I BLACKXERUS - AndroidXaminer: SEALED
05-03 22:05:34.596  5986  5986 I BLACKXERUS - AndroidXaminer: UNDEFINED
05-03 22:05:34.596  5986  5986 I BLACKXERUS - AndroidXaminer: REUSABLE_CLAIMED
05-03 22:05:34.596  5986  5986 I BLACKXERUS - AndroidXaminer: ZERO
05-03 22:05:34.600  5986  5986 I BLACKXERUS - AndroidXaminer: |	
05-03 22:05:34.600  5986  5986 I BLACKXERUS - AndroidXaminer: d.a.a.b.d.b.t
05-03 22:05:34.603  5986  6033 I BLACKXERUS - AndroidXaminer: SELECT * FROM configuration
05-03 22:05:34.605  5986  5986 I BLACKXERUS - AndroidXaminer: d.a.a.b.a.h1.c
05-03 22:05:34.605  5986  5986 I BLACKXERUS - AndroidXaminer: |	
05-03 22:05:34.605  5986  5986 I BLACKXERUS - AndroidXaminer: d.a.a.f.a.f.e.a
05-03 22:05:34.605  5986  5986 I BLACKXERUS - AndroidXaminer: |	
05-03 22:05:34.605  5986  5986 I BLACKXERUS - AndroidXaminer: d.a.a.b.a.h1.a
05-03 22:05:34.606  5986  5986 I BLACKXERUS - AndroidXaminer: |	
05-03 22:05:34.606  5986  5986 I BLACKXERUS - AndroidXaminer: android.content.SharedPreferences
05-03 22:05:34.606  5986  5986 I BLACKXERUS - AndroidXaminer: |	
05-03 22:05:34.606  5986  5986 I BLACKXERUS - AndroidXaminer: d.a.a.b.a.d
05-03 22:05:34.606  5986  5986 I BLACKXERUS - AndroidXaminer: |	
05-03 22:05:34.606  5986  5986 I BLACKXERUS - AndroidXaminer: d.a.a.b.a.s
05-03 22:05:34.606  5986  5986 I BLACKXERUS - AndroidXaminer: |	
05-03 22:05:34.606  5986  5986 I BLACKXERUS - AndroidXaminer: d.a.a.b.a.b0
05-03 22:05:34.607  5986  5986 I BLACKXERUS - AndroidXaminer: |	|	
05-03 22:05:34.607  5986  5986 I BLACKXERUS - AndroidXaminer: d.a.a.f.a.f.e.a
05-03 22:05:34.607  5986  5986 I BLACKXERUS - AndroidXaminer: |	|	
05-03 22:05:34.607  5986  5986 I BLACKXERUS - AndroidXaminer: d.a.a.b.b.b
05-03 22:05:34.607  5986  5986 I BLACKXERUS - AndroidXaminer: |	|	
05-03 22:05:34.607  5986  5986 I BLACKXERUS - AndroidXaminer: d.a.a.b.d.b.p
05-03 22:05:34.607  5986  5986 I BLACKXERUS - AndroidXaminer: |	|	
05-03 22:05:34.607  5986  5986 I BLACKXERUS - AndroidXaminer: d.a.a.b.a.o
05-03 22:05:34.607  5986  5986 I BLACKXERUS - AndroidXaminer: |	|	
05-03 22:05:34.607  5986  5986 I BLACKXERUS - AndroidXaminer: d.a.a.b.a.i0
05-03 22:05:34.607  5986  5986 I BLACKXERUS - AndroidXaminer: |	|	|	
05-03 22:05:34.607  5986  5986 I BLACKXERUS - AndroidXaminer: d.a.a.f.a.f.e.a
05-03 22:05:34.608  5986  5986 I BLACKXERUS - AndroidXaminer: |	|	|	
05-03 22:05:34.608  5986  5986 I BLACKXERUS - AndroidXaminer: d.a.a.b.a.h1.a
05-03 22:05:34.609  5986  5986 I BLACKXERUS - AndroidXaminer: |	|	|	
05-03 22:05:34.609  5986  5986 I BLACKXERUS - AndroidXaminer: d.a.a.b.a.s
05-03 22:05:34.609  5986  5986 I BLACKXERUS - AndroidXaminer: |	|	
05-03 22:05:34.609  5986  5986 I BLACKXERUS - AndroidXaminer: android.content.SharedPreferences
05-03 22:05:34.609  5986  5986 I BLACKXERUS - AndroidXaminer: |	|	
05-03 22:05:34.609  5986  5986 I BLACKXERUS - AndroidXaminer: d.a.a.b.a.u0
05-03 22:05:34.609  5986  5986 I BLACKXERUS - AndroidXaminer: |	|	
05-03 22:05:34.609  5986  5986 I BLACKXERUS - AndroidXaminer: m.y.u
05-03 22:05:34.610  5986  5986 I BLACKXERUS - AndroidXaminer: |	|	
05-03 22:05:34.610  5986  5986 I BLACKXERUS - AndroidXaminer: d.a.a.b.e.a
05-03 22:05:34.610  5986  5986 I BLACKXERUS - AndroidXaminer: lastMessageId
05-03 22:05:34.610  5986  5986 I BLACKXERUS - AndroidXaminer: getLastMessageId()Ljava/lang/Long;
05-03 22:05:34.610  5986  5986 I BLACKXERUS - AndroidXaminer: someoneHasRecovered
05-03 22:05:34.610  5986  5986 I BLACKXERUS - AndroidXaminer: getSomeoneHasRecovered()Z
05-03 22:05:34.611  5986  6034 I BLACKXERUS - AndroidXaminer: SELECT * FROM configuration
05-03 22:05:34.612  5986  5986 I BLACKXERUS - AndroidXaminer: pref_infection_messenger_repository_last_message_id
05-03 22:05:34.612  5986  5986 I BLACKXERUS - AndroidXaminer: pref_infection_messenger_repository_someone_has_recovered
05-03 22:05:34.612  5986  5986 I BLACKXERUS - AndroidXaminer: |	
05-03 22:05:34.612  5986  5986 I BLACKXERUS - AndroidXaminer: d.a.a.b.a.q0
05-03 22:05:34.613  5986  5986 I BLACKXERUS - AndroidXaminer: |	|	
05-03 22:05:34.613  5986  5986 I BLACKXERUS - AndroidXaminer: com.google.firebase.messaging.FirebaseMessaging
05-03 22:05:34.614  5986  5986 I BLACKXERUS - AndroidXaminer: |	|	
05-03 22:05:34.614  5986  5986 I BLACKXERUS - AndroidXaminer: d.a.a.b.a.o
05-03 22:05:34.614  5986  5986 I BLACKXERUS - AndroidXaminer: |	|	
05-03 22:05:34.614  5986  5986 I BLACKXERUS - AndroidXaminer: d.a.a.b.a.s
05-03 22:05:34.615  5986  5986 I BLACKXERUS - AndroidXaminer: |	|	
05-03 22:05:34.615  5986  5986 I BLACKXERUS - AndroidXaminer: d.a.a.b.a.b0
05-03 22:05:34.615  5986  6035 I BLACKXERUS - AndroidXaminer: SELECT * FROM configuration
05-03 22:05:34.618  5986  5986 I BLACKXERUS - AndroidXaminer: CONDITION_FALSE
05-03 22:05:34.619  5986  5986 I BLACKXERUS - AndroidXaminer: NO_DECISION
05-03 22:05:34.619  5986  5986 I BLACKXERUS - AndroidXaminer: d.a.a.b.e.h
05-03 22:05:34.619  5986  5986 I BLACKXERUS - AndroidXaminer: |	
05-03 22:05:34.619  5986  5986 I BLACKXERUS - AndroidXaminer: android.content.SharedPreferences
05-03 22:05:34.620  5986  5986 I BLACKXERUS - AndroidXaminer: currentVersion
05-03 22:05:34.620  5986  5986 I BLACKXERUS - AndroidXaminer: getCurrentVersion()I
05-03 22:05:34.620  5986  5986 I BLACKXERUS - AndroidXaminer: pref_preferences_migration_manager_current_version
05-03 22:05:34.624  5986  5986 I BLACKXERUS - AndroidXaminer: viewModel
05-03 22:05:34.624  5986  5986 I BLACKXERUS - AndroidXaminer: getViewModel()Lat/roteskreuz/stopcorona/screens/routing/RouterViewModel;
05-03 22:05:34.624  5986  5986 I BLACKXERUS - AndroidXaminer: skipSplashscreenDelay
05-03 22:05:34.624  5986  5986 I BLACKXERUS - AndroidXaminer: getSkipSplashscreenDelay()Z
05-03 22:05:34.627  5986  5986 I BLACKXERUS - AndroidXaminer: skip_splashscreen_delay
05-03 22:05:34.627  5986  5986 I BLACKXERUS - AndroidXaminer: d.a.a.f.a.f.e.a
05-03 22:05:34.636  5986  5986 I BLACKXERUS - AndroidXaminer: Main
05-03 22:05:34.636  5986  5986 I BLACKXERUS - AndroidXaminer: Main
05-03 22:05:34.636  5986  5986 I BLACKXERUS - AndroidXaminer: Main
05-03 22:05:34.636  5986  5986 I BLACKXERUS - AndroidXaminer: Main
05-03 22:05:34.649  5986  6032 I BLACKXERUS - AndroidXaminer: 2018g
05-03 22:05:34.652  5986  6032 I BLACKXERUS - AndroidXaminer: Z
05-03 22:05:34.652  5986  6032 I BLACKXERUS - AndroidXaminer: -18:00
05-03 22:05:34.652  5986  6032 I BLACKXERUS - AndroidXaminer: +18:00
05-03 22:05:34.652  5986  6032 I BLACKXERUS - AndroidXaminer: +01:05:21
05-03 22:05:34.652  5986  6032 I BLACKXERUS - AndroidXaminer: +01:00
05-03 22:05:34.653  5986  6032 I BLACKXERUS - AndroidXaminer: +01:05:21
05-03 22:05:34.653  5986  6032 I BLACKXERUS - AndroidXaminer: +02:00
05-03 22:05:34.655  5986  6032 I BLACKXERUS - AndroidXaminer: Europe/Vienna
05-03 22:05:34.659  5986  6037 I BLACKXERUS - AndroidXaminer: SELECT count(*) FROM sqlite_master WHERE name != 'android_metadata'
05-03 22:05:34.672  5986  6032 I BLACKXERUS - AndroidXaminer: SELECT COUNT(*) = 0 FROM configuration LIMIT 1
05-03 22:05:34.700  5986  6037 I BLACKXERUS - AndroidXaminer: SELECT 1 FROM sqlite_master WHERE type = 'table' AND name='room_master_table'
05-03 22:05:34.702  5986  6037 I BLACKXERUS - AndroidXaminer: SELECT identity_hash FROM room_master_table WHERE id = 42 LIMIT 1
05-03 22:05:34.705  5986  6032 I BLACKXERUS - AndroidXaminer: configuration
05-03 22:05:34.705  5986  6032 I BLACKXERUS - AndroidXaminer: configuration
05-03 22:05:34.710  5986  6032 I BLACKXERUS - AndroidXaminer: configuration
05-03 22:05:34.710  5986  6032 I BLACKXERUS - AndroidXaminer: warnBeforeSymptoms
05-03 22:05:34.711  5986  6032 I BLACKXERUS - AndroidXaminer: diagnosticQuestionnaire
05-03 22:05:34.711  5986  6055 I BLACKXERUS - AndroidXaminer: SELECT * FROM room_table_modification_log WHERE invalidated = 1;
05-03 22:05:34.712  5986  6032 I BLACKXERUS - AndroidXaminer: cz
05-03 22:05:34.712  5986  6032 I BLACKXERUS - AndroidXaminer: title
05-03 22:05:34.713  5986  6032 I BLACKXERUS - AndroidXaminer: answers
05-03 22:05:34.713  5986  6032 I BLACKXERUS - AndroidXaminer: pageList
05-03 22:05:34.714  5986  6032 I BLACKXERUS - AndroidXaminer: cz
05-03 22:05:34.714  5986  6032 I BLACKXERUS - AndroidXaminer: allClear
05-03 22:05:34.715  5986  6032 I BLACKXERUS - AndroidXaminer: '\
05-03 22:05:34.715  5986  6032 I BLACKXERUS - AndroidXaminer: "\
05-03 22:05:34.715  5986  6032 I BLACKXERUS - AndroidXaminer: {}[]:, 
05-03 22:05:34.715  5986  6032 I BLACKXERUS - AndroidXaminer: 	/\;#=
05-03 22:05:34.715  5986  6032 I BLACKXERUS - AndroidXaminer: 
05-03 22:05:34.715  5986  6032 I BLACKXERUS - AndroidXaminer: 
05-03 22:05:34.715  5986  6032 I BLACKXERUS - AndroidXaminer: */
05-03 22:05:34.716  5986  6032 I BLACKXERUS - AndroidXaminer: decision
05-03 22:05:34.716  5986  6032 I BLACKXERUS - AndroidXaminer: getDecision()Lat/roteskreuz/stopcorona/model/entities/configuration/Decision;
05-03 22:05:34.716  5986  6032 I BLACKXERUS - AndroidXaminer: Ich fühle mich gut.
05-03 22:05:34.716  5986  6032 I BLACKXERUS - AndroidXaminer: HINT
05-03 22:05:34.716  5986  6032 I BLACKXERUS - AndroidXaminer: Ich habe Krankheitssymptome.
05-03 22:05:34.716  5986  6032 I BLACKXERUS - AndroidXaminer: next
05-03 22:05:34.716  5986  6032 I BLACKXERUS - AndroidXaminer: 1. Frage
05-03 22:05:34.716  5986  6032 I BLACKXERUS - AndroidXaminer: Wie geht es Ihnen heute?
05-03 22:05:34.716  5986  6032 I BLACKXERUS - AndroidXaminer: Nein
05-03 22:05:34.716  5986  6032 I BLACKXERUS - AndroidXaminer: next
05-03 22:05:34.717  5986  6032 I BLACKXERUS - AndroidXaminer: Ja
05-03 22:05:34.717  5986  6032 I BLACKXERUS - AndroidXaminer: SUSPICION
05-03 22:05:34.717  5986  6032 I BLACKXERUS - AndroidXaminer: 2. Frage
05-03 22:05:34.717  5986  6032 I BLACKXERUS - AndroidXaminer: Haben Sie seit Kurzem immer wiederkehrenden und trockenen Husten?
05-03 22:05:34.717  5986  6032 I BLACKXERUS - AndroidXaminer: Unter 38°C.
05-03 22:05:34.717  5986  6032 I BLACKXERUS - AndroidXaminer: SELFMONITORING
05-03 22:05:34.717  5986  6032 I BLACKXERUS - AndroidXaminer: Über 38°C.
05-03 22:05:34.717  5986  6032 I BLACKXERUS - AndroidXaminer: SUSPICION
05-03 22:05:34.717  5986  6032 I BLACKXERUS - AndroidXaminer: 3. Frage
05-03 22:05:34.717  5986  6032 I BLACKXERUS - AndroidXaminer: Wie hoch ist Ihre Körpertemperatur?
05-03 22:05:34.717  5986  6032 I BLACKXERUS - AndroidXaminer: I feel fine.
05-03 22:05:34.717  5986  6032 I BLACKXERUS - AndroidXaminer: HINT
05-03 22:05:34.717  5986  6032 I BLACKXERUS - AndroidXaminer: I have symptoms of illness.
05-03 22:05:34.717  5986  6032 I BLACKXERUS - AndroidXaminer: next
05-03 22:05:34.717  5986  6032 I BLACKXERUS - AndroidXaminer: Question #1
05-03 22:05:34.717  5986  6032 I BLACKXERUS - AndroidXaminer: How are you today?
05-03 22:05:34.717  5986  6032 I BLACKXERUS - AndroidXaminer: No
05-03 22:05:34.717  5986  6032 I BLACKXERUS - AndroidXaminer: next
05-03 22:05:34.717  5986  6032 I BLACKXERUS - AndroidXaminer: Yes
05-03 22:05:34.717  5986  6032 I BLACKXERUS - AndroidXaminer: SUSPICION
05-03 22:05:34.717  5986  6032 I BLACKXERUS - AndroidXaminer: Question #2
05-03 22:05:34.717  5986  6032 I BLACKXERUS - AndroidXaminer: Have you recently had a recurrent and dry cough?
05-03 22:05:34.717  5986  6032 I BLACKXERUS - AndroidXaminer: Under 38°C.
05-03 22:05:34.717  5986  6032 I BLACKXERUS - AndroidXaminer: SELFMONITORING
05-03 22:05:34.717  5986  6032 I BLACKXERUS - AndroidXaminer: Above 38°C.
05-03 22:05:34.717  5986  6032 I BLACKXERUS - AndroidXaminer: SUSPICION
05-03 22:05:34.717  5986  6032 I BLACKXERUS - AndroidXaminer: Question #3
05-03 22:05:34.717  5986  6032 I BLACKXERUS - AndroidXaminer: What's your body temperature?
05-03 22:05:34.718  5986  6032 I BLACKXERUS - AndroidXaminer: Das können Sie tun
05-03 22:05:34.718  5986  6032 I BLACKXERUS - AndroidXaminer: In der aktuellen Situation ist es essentiell, dass Sie gut auf sich und andere aufpassen. Waschen Sie sich regelmäßig die Hände, halten Sie ausreichend Abstand zu anderen Menschen und beschränken Sie Ihre sozialen Kontakte auf ein Minimum. Nur so können wir die Verbreitung von COVID-19 verlangsamen und die Versorgung Kranker gewährleisten. Danke für Ihre Mithilfe!
05-03 22:05:34.718  5986  6032 I BLACKXERUS - AndroidXaminer: Danke für’s Mitmachen!
05-03 22:05:34.718  5986  6032 I BLACKXERUS - AndroidXaminer: Bleiben Sie gesund und helfen Sie, andere zu schützen.
05-03 22:05:34.718  5986  6032 I BLACKXERUS - AndroidXaminer: Nächste Schritte
05-03 22:05:34.718  5986  6032 I BLACKXERUS - AndroidXaminer: 1. Bitte messen Sie nach sechs Stunden erneut Fieber. 2. Starten Sie das Formular dann erneut. 3. Halten Sie Ihre sozialen Kontakte soweit gering. So helfen Sie mögliche Ansteckungen niedrig zu halten. Achtung Sollten Sie einen Arztbesuch planen oder ein Krankenhaus aufsuchen wollen, melden Sie sich bitte telefonisch an. So helfen Sie, Ansteckungen niedrig zu halten.
05-03 22:05:34.718  5986  6032 I BLACKXERUS - AndroidXaminer: Ergebnis
05-03 22:05:34.718  5986  6032 I BLACKXERUS - AndroidXaminer: Bitte beobachten Sie Ihre Symptome.
05-03 22:05:34.718  5986  6032 I BLACKXERUS - AndroidXaminer: Bitte melden Sie im nächsten Schritt den Verdacht, um andere zu schützen.
05-03 22:05:34.718  5986  6032 I BLACKXERUS - AndroidXaminer: So können wir anonym Ihre Kontakte benachrichtigen. Aufgrund der aktuellen Situation ist es unumgänglich, dass Sie sich als Verdachtsfall melden und sich präventiv in Quarantäne begeben.
05-03 22:05:34.718  5986  6032 I BLACKXERUS - AndroidXaminer: Ergebnis
05-03 22:05:34.718  5986  6032 I BLACKXERUS - AndroidXaminer: Ihre Symptome entsprechen jenen von COVID-19.
05-03 22:05:34.718  5986  6032 I BLACKXERUS - AndroidXaminer: Das können Sie tun
05-03 22:05:34.718  5986  6032 I BLACKXERUS - AndroidXaminer: In der aktuellen Situation ist es essentiell, dass Sie gut auf sich und andere aufpassen. Waschen Sie sich regelmäßig die Hände, halten Sie ausreichend Abstand zu anderen Menschen und beschränken Sie Ihre sozialen Kontakte auf ein Minimum. Nur so können wir die Verbreitung von COVID-19 verlangsamen und die Versorgung Kranker gewährleisten. Danke für Ihre Mithilfe!
05-03 22:05:34.718  5986  6032 I BLACKXERUS - AndroidXaminer: Danke für’s Mitmachen!
05-03 22:05:34.718  5986  6032 I BLACKXERUS - AndroidXaminer: Bleiben Sie gesund und helfen Sie, andere zu schützen.
05-03 22:05:34.718  5986  6032 I BLACKXERUS - AndroidXaminer: Nächste Schritte
05-03 22:05:34.718  5986  6032 I BLACKXERUS - AndroidXaminer: 1. Bitte messen Sie nach sechs Stunden erneut Fieber. 2. Starten Sie das Formular dann erneut. 3. Halten Sie Ihre sozialen Kontakte soweit gering. So helfen Sie mögliche Ansteckungen niedrig zu halten. Achtung Sollten Sie einen Arztbesuch planen oder ein Krankenhaus aufsuchen wollen, melden Sie sich bitte telefonisch an. So helfen Sie, Ansteckungen niedrig zu halten.
05-03 22:05:34.718  5986  6032 I BLACKXERUS - AndroidXaminer: Ergebnis
05-03 22:05:34.718  5986  6032 I BLACKXERUS - AndroidXaminer: Bitte beobachten Sie Ihre Symptome.
05-03 22:05:34.718  5986  6032 I BLACKXERUS - AndroidXaminer: Bitte melden Sie im nächsten Schritt den Verdacht, um andere zu schützen.
05-03 22:05:34.718  5986  6032 I BLACKXERUS - AndroidXaminer: So können wir anonym Ihre Kontakte benachrichtigen. Aufgrund der aktuellen Situation ist es unumgänglich, dass Sie sich als Verdachtsfall melden und sich präventiv in Quarantäne begeben.
05-03 22:05:34.718  5986  6032 I BLACKXERUS - AndroidXaminer: Ergebnis
05-03 22:05:34.718  5986  6032 I BLACKXERUS - AndroidXaminer: Ihre Symptome entsprechen jenen von COVID-19.
05-03 22:05:34.725  5986  6037 I BLACKXERUS - AndroidXaminer: UTC
05-03 22:05:34.725  5986  6037 I BLACKXERUS - AndroidXaminer: UTC
05-03 22:05:34.725  5986  6037 I BLACKXERUS - AndroidXaminer: SELECT * FROM room_table_modification_log WHERE invalidated = 1;
05-03 22:05:34.727  5986  6056 I BLACKXERUS - AndroidXaminer: REMOVED_TASK
05-03 22:05:34.727  5986  6056 I BLACKXERUS - AndroidXaminer: CLOSED_EMPTY
05-03 22:05:34.729  5986  6056 I BLACKXERUS - AndroidXaminer: Europe/Vienna
05-03 22:05:34.730  5986  6056 I BLACKXERUS - AndroidXaminer: UTC
05-03 22:05:34.731  5986  6056 I BLACKXERUS - AndroidXaminer: 1. Frage
05-03 22:05:34.731  5986  6056 I BLACKXERUS - AndroidXaminer: Wie geht es Ihnen heute?
05-03 22:05:34.735  5986  6056 I BLACKXERUS - AndroidXaminer: Ich fühle mich gut.
05-03 22:05:34.735  5986  6056 I BLACKXERUS - AndroidXaminer: HINT
05-03 22:05:34.735  5986  6056 I BLACKXERUS - AndroidXaminer: Ich habe Krankheitssymptome.
05-03 22:05:34.735  5986  6056 I BLACKXERUS - AndroidXaminer: next
05-03 22:05:34.735  5986  6056 I BLACKXERUS - AndroidXaminer: 2. Frage
05-03 22:05:34.735  5986  6056 I BLACKXERUS - AndroidXaminer: Haben Sie seit Kurzem immer wiederkehrenden und trockenen Husten?
05-03 22:05:34.735  5986  6056 I BLACKXERUS - AndroidXaminer: Nein
05-03 22:05:34.735  5986  6056 I BLACKXERUS - AndroidXaminer: next
05-03 22:05:34.736  5986  6056 I BLACKXERUS - AndroidXaminer: Ja
05-03 22:05:34.736  5986  6056 I BLACKXERUS - AndroidXaminer: SUSPICION
05-03 22:05:34.736  5986  6056 I BLACKXERUS - AndroidXaminer: 3. Frage
05-03 22:05:34.736  5986  6056 I BLACKXERUS - AndroidXaminer: Wie hoch ist Ihre Körpertemperatur?
05-03 22:05:34.736  5986  6056 I BLACKXERUS - AndroidXaminer: Unter 38°C.
05-03 22:05:34.736  5986  6056 I BLACKXERUS - AndroidXaminer: SELFMONITORING
05-03 22:05:34.736  5986  6056 I BLACKXERUS - AndroidXaminer: Über 38°C.
05-03 22:05:34.736  5986  6056 I BLACKXERUS - AndroidXaminer: SUSPICION
05-03 22:05:34.737  5986  6056 I BLACKXERUS - AndroidXaminer: Question #1
05-03 22:05:34.737  5986  6056 I BLACKXERUS - AndroidXaminer: How are you today?
05-03 22:05:34.737  5986  6056 I BLACKXERUS - AndroidXaminer: I feel fine.
05-03 22:05:34.737  5986  6056 I BLACKXERUS - AndroidXaminer: HINT
05-03 22:05:34.737  5986  6056 I BLACKXERUS - AndroidXaminer: I have symptoms of illness.
05-03 22:05:34.737  5986  6056 I BLACKXERUS - AndroidXaminer: next
05-03 22:05:34.737  5986  6056 I BLACKXERUS - AndroidXaminer: Question #2
05-03 22:05:34.737  5986  6056 I BLACKXERUS - AndroidXaminer: Have you recently had a recurrent and dry cough?
05-03 22:05:34.737  5986  6056 I BLACKXERUS - AndroidXaminer: No
05-03 22:05:34.737  5986  6056 I BLACKXERUS - AndroidXaminer: next
05-03 22:05:34.737  5986  6056 I BLACKXERUS - AndroidXaminer: Yes
05-03 22:05:34.737  5986  6056 I BLACKXERUS - AndroidXaminer: SUSPICION
05-03 22:05:34.738  5986  6056 I BLACKXERUS - AndroidXaminer: Question #3
05-03 22:05:34.738  5986  6056 I BLACKXERUS - AndroidXaminer: What's your body temperature?
05-03 22:05:34.738  5986  6056 I BLACKXERUS - AndroidXaminer: Under 38°C.
05-03 22:05:34.738  5986  6056 I BLACKXERUS - AndroidXaminer: SELFMONITORING
05-03 22:05:34.738  5986  6056 I BLACKXERUS - AndroidXaminer: Above 38°C.
05-03 22:05:34.738  5986  6056 I BLACKXERUS - AndroidXaminer: SUSPICION
05-03 22:05:34.739  5986  6056 I BLACKXERUS - AndroidXaminer: Das können Sie tun
05-03 22:05:34.739  5986  6056 I BLACKXERUS - AndroidXaminer: In der aktuellen Situation ist es essentiell, dass Sie gut auf sich und andere aufpassen. Waschen Sie sich regelmäßig die Hände, halten Sie ausreichend Abstand zu anderen Menschen und beschränken Sie Ihre sozialen Kontakte auf ein Minimum. Nur so können wir die Verbreitung von COVID-19 verlangsamen und die Versorgung Kranker gewährleisten. Danke für Ihre Mithilfe!
05-03 22:05:34.739  5986  6056 I BLACKXERUS - AndroidXaminer: Danke für’s Mitmachen!
05-03 22:05:34.739  5986  6056 I BLACKXERUS - AndroidXaminer: Bleiben Sie gesund und helfen Sie, andere zu schützen.
05-03 22:05:34.739  5986  6056 I BLACKXERUS - AndroidXaminer: Nächste Schritte
05-03 22:05:34.739  5986  6056 I BLACKXERUS - AndroidXaminer: 1. Bitte messen Sie nach sechs Stunden erneut Fieber. 2. Starten Sie das Formular dann erneut. 3. Halten Sie Ihre sozialen Kontakte soweit gering. So helfen Sie mögliche Ansteckungen niedrig zu halten. Achtung Sollten Sie einen Arztbesuch planen oder ein Krankenhaus aufsuchen wollen, melden Sie sich bitte telefonisch an. So helfen Sie, Ansteckungen niedrig zu halten.
05-03 22:05:34.739  5986  6056 I BLACKXERUS - AndroidXaminer: Ergebnis
05-03 22:05:34.739  5986  6056 I BLACKXERUS - AndroidXaminer: Bitte beobachten Sie Ihre Symptome.
05-03 22:05:34.739  5986  6056 I BLACKXERUS - AndroidXaminer: Bitte melden Sie im nächsten Schritt den Verdacht, um andere zu schützen.
05-03 22:05:34.739  5986  6056 I BLACKXERUS - AndroidXaminer: So können wir anonym Ihre Kontakte benachrichtigen. Aufgrund der aktuellen Situation ist es unumgänglich, dass Sie sich als Verdachtsfall melden und sich präventiv in Quarantäne begeben.
05-03 22:05:34.739  5986  6056 I BLACKXERUS - AndroidXaminer: Ergebnis
05-03 22:05:34.739  5986  6056 I BLACKXERUS - AndroidXaminer: Ihre Symptome entsprechen jenen von COVID-19.
05-03 22:05:34.740  5986  6056 I BLACKXERUS - AndroidXaminer: Das können Sie tun
05-03 22:05:34.740  5986  6056 I BLACKXERUS - AndroidXaminer: In der aktuellen Situation ist es essentiell, dass Sie gut auf sich und andere aufpassen. Waschen Sie sich regelmäßig die Hände, halten Sie ausreichend Abstand zu anderen Menschen und beschränken Sie Ihre sozialen Kontakte auf ein Minimum. Nur so können wir die Verbreitung von COVID-19 verlangsamen und die Versorgung Kranker gewährleisten. Danke für Ihre Mithilfe!
05-03 22:05:34.741  5986  6056 I BLACKXERUS - AndroidXaminer: Danke für’s Mitmachen!
05-03 22:05:34.741  5986  6056 I BLACKXERUS - AndroidXaminer: Bleiben Sie gesund und helfen Sie, andere zu schützen.
05-03 22:05:34.741  5986  6056 I BLACKXERUS - AndroidXaminer: Nächste Schritte
05-03 22:05:34.741  5986  6056 I BLACKXERUS - AndroidXaminer: 1. Bitte messen Sie nach sechs Stunden erneut Fieber. 2. Starten Sie das Formular dann erneut. 3. Halten Sie Ihre sozialen Kontakte soweit gering. So helfen Sie mögliche Ansteckungen niedrig zu halten. Achtung Sollten Sie einen Arztbesuch planen oder ein Krankenhaus aufsuchen wollen, melden Sie sich bitte telefonisch an. So helfen Sie, Ansteckungen niedrig zu halten.
05-03 22:05:34.741  5986  6056 I BLACKXERUS - AndroidXaminer: Ergebnis
05-03 22:05:34.741  5986  6056 I BLACKXERUS - AndroidXaminer: Bitte beobachten Sie Ihre Symptome.
05-03 22:05:34.741  5986  6056 I BLACKXERUS - AndroidXaminer: Bitte melden Sie im nächsten Schritt den Verdacht, um andere zu schützen.
05-03 22:05:34.741  5986  6056 I BLACKXERUS - AndroidXaminer: So können wir anonym Ihre Kontakte benachrichtigen. Aufgrund der aktuellen Situation ist es unumgänglich, dass Sie sich als Verdachtsfall melden und sich präventiv in Quarantäne begeben.
05-03 22:05:34.741  5986  6056 I BLACKXERUS - AndroidXaminer: Ergebnis
05-03 22:05:34.741  5986  6056 I BLACKXERUS - AndroidXaminer: Ihre Symptome entsprechen jenen von COVID-19.
05-03 22:05:34.748  5986  6050 I BLACKXERUS - AndroidXaminer: SELECT * FROM room_table_modification_log WHERE invalidated = 1;
05-03 22:05:34.751  5986  6056 I BLACKXERUS - AndroidXaminer: UTC
05-03 22:05:34.751  5986  6056 I BLACKXERUS - AndroidXaminer: SELECT * FROM room_table_modification_log WHERE invalidated = 1;
05-03 22:05:34.753  5986  6037 I BLACKXERUS - AndroidXaminer: UTC
05-03 22:05:34.755  5986  6037 I BLACKXERUS - AndroidXaminer: SELECT * FROM room_table_modification_log WHERE invalidated = 1;
05-03 22:05:34.755  5986  6034 I BLACKXERUS - AndroidXaminer: Europe/Vienna
05-03 22:05:34.755  5986  6032 I BLACKXERUS - AndroidXaminer: pref_terms_and_conditions_repository_data_privacy_timestamp_v1.1
05-03 22:05:34.756  5986  6034 I BLACKXERUS - AndroidXaminer: r
05-03 22:05:34.758  5986  6055 I BLACKXERUS - AndroidXaminer: UTC
05-03 22:05:34.759  5986  6050 I BLACKXERUS - AndroidXaminer: SELECT * FROM room_table_modification_log WHERE invalidated = 1;
05-03 22:05:34.760  5986  6055 I BLACKXERUS - AndroidXaminer: UTC
05-03 22:05:34.761  5986  6035 I BLACKXERUS - AndroidXaminer: g
05-03 22:05:34.762  5986  6032 I BLACKXERUS - AndroidXaminer: Europe/Vienna
05-03 22:05:34.762  5986  6035 I BLACKXERUS - AndroidXaminer: Europe/Vienna
05-03 22:05:34.762  5986  6037 I BLACKXERUS - AndroidXaminer: SELECT * FROM room_table_modification_log WHERE invalidated = 1;
05-03 22:05:34.762  5986  6032 I BLACKXERUS - AndroidXaminer: y
05-03 22:05:34.767  5986  6055 I BLACKXERUS - AndroidXaminer: UTC
05-03 22:05:34.768  5986  6055 I BLACKXERUS - AndroidXaminer: UTC
05-03 22:05:34.769  5986  6032 I BLACKXERUS - AndroidXaminer: Europe/Vienna
05-03 22:05:34.769  5986  6032 I BLACKXERUS - AndroidXaminer: Europe/Vienna
05-03 22:05:34.769  5986  6056 I BLACKXERUS - AndroidXaminer: SELECT * FROM room_table_modification_log WHERE invalidated = 1;
05-03 22:05:34.771  5986  6055 I BLACKXERUS - AndroidXaminer: UTC
05-03 22:05:34.771  5986  6055 I BLACKXERUS - AndroidXaminer: SELECT * FROM room_table_modification_log WHERE invalidated = 1;
05-03 22:05:34.772  5986  6050 I BLACKXERUS - AndroidXaminer: UTC
05-03 22:05:34.772  5986  6032 I BLACKXERUS - AndroidXaminer: Europe/Vienna
05-03 22:05:34.772  5986  6050 I BLACKXERUS - AndroidXaminer: SELECT * FROM room_table_modification_log WHERE invalidated = 1;
05-03 22:05:34.773  5986  6037 I BLACKXERUS - AndroidXaminer: UTC
