05-03 22:05:34.774  5986  6037 I BLACKXERUS - AndroidXaminer: UTC
05-03 22:05:34.774  5986  6056 I BLACKXERUS - AndroidXaminer: SELECT * FROM room_table_modification_log WHERE invalidated = 1;
05-03 22:05:34.775  5986  6037 I BLACKXERUS - AndroidXaminer: SELECT * FROM room_table_modification_log WHERE invalidated = 1;
05-03 22:05:34.804  5986  5986 I BLACKXERUS - AndroidXaminer: d.a.a.b.a.h1.c
05-03 22:05:34.828  5986  6062 I BLACKXERUS - AndroidXaminer: notificationsRepository
05-03 22:05:34.828  5986  6062 I BLACKXERUS - AndroidXaminer: getNotificationsRepository()Lat/roteskreuz/stopcorona/model/repositories/NotificationsRepository;
05-03 22:05:34.829  5986  6062 I BLACKXERUS - AndroidXaminer: SelfRetestNotifierWorker
05-03 22:05:34.834  5986  6062 I BLACKXERUS - AndroidXaminer: notificationsRepository
05-03 22:05:34.834  5986  6062 I BLACKXERUS - AndroidXaminer: getNotificationsRepository()Lat/roteskreuz/stopcorona/model/repositories/NotificationsRepository;
05-03 22:05:34.834  5986  6062 I BLACKXERUS - AndroidXaminer: quarantineRepository
05-03 22:05:34.834  5986  6062 I BLACKXERUS - AndroidXaminer: getQuarantineRepository()Lat/roteskreuz/stopcorona/model/repositories/QuarantineRepository;
05-03 22:05:34.834  5986  6062 I BLACKXERUS - AndroidXaminer: EndQuarantineNotifierWorker
05-03 22:05:34.837  5986  6033 I BLACKXERUS - AndroidXaminer: Europe/Vienna
05-03 22:05:34.838  5986  6050 I BLACKXERUS - AndroidXaminer: UTC
05-03 22:05:34.838  5986  6050 I BLACKXERUS - AndroidXaminer: SELECT * FROM room_table_modification_log WHERE invalidated = 1;
05-03 22:05:34.843  5986  6065 I BLACKXERUS - AndroidXaminer: SELECT id FROM workspec WHERE state NOT IN (2, 3, 5) AND id IN (SELECT work_spec_id FROM workname WHERE name=?)
05-03 22:05:34.845  5986  6065 I BLACKXERUS - AndroidXaminer: SELECT `required_network_type`, `requires_charging`, `requires_device_idle`, `requires_battery_not_low`, `requires_storage_not_low`, `trigger_content_update_delay`, `trigger_max_content_delay`, `content_uri_triggers`, `WorkSpec`.`id` AS `id`, `WorkSpec`.`state` AS `state`, `WorkSpec`.`worker_class_name` AS `worker_class_name`, `WorkSpec`.`input_merger_class_name` AS `input_merger_class_name`, `WorkSpec`.`input` AS `input`, `WorkSpec`.`output` AS `output`, `WorkSpec`.`initial_delay` AS `initial_delay`, `WorkSpec`.`interval_duration` AS `interval_duration`, `WorkSpec`.`flex_duration` AS `flex_duration`, `WorkSpec`.`run_attempt_count` AS `run_attempt_count`, `WorkSpec`.`backoff_policy` AS `backoff_policy`, `WorkSpec`.`backoff_delay_duration` AS `backoff_delay_duration`, `WorkSpec`.`period_start_time` AS `period_start_time`, `WorkSpec`.`minimum_retention_duration` AS `minimum_retention_duration`, `WorkSpec`.`schedule_requested_at` AS `schedule_requested_at`, `WorkSpec`.`run_in_foreground` AS `run_in_foreground` FROM workspec WHERE state=0 AND schedule_requested_at=-1 ORDER BY period_start_time LIMIT (SELECT MAX(?-COUNT(*), 0) FROM workspec WHERE schedule_requested_at<>-1 AND state NOT IN (2, 3, 5))
05-03 22:05:34.846  5986  6018 I BLACKXERUS - AndroidXaminer: SELECT id FROM workspec WHERE state NOT IN (2, 3, 5) AND id IN (SELECT work_spec_id FROM workname WHERE name=?)
05-03 22:05:34.847  5986  6018 I BLACKXERUS - AndroidXaminer: SELECT `required_network_type`, `requires_charging`, `requires_device_idle`, `requires_battery_not_low`, `requires_storage_not_low`, `trigger_content_update_delay`, `trigger_max_content_delay`, `content_uri_triggers`, `WorkSpec`.`id` AS `id`, `WorkSpec`.`state` AS `state`, `WorkSpec`.`worker_class_name` AS `worker_class_name`, `WorkSpec`.`input_merger_class_name` AS `input_merger_class_name`, `WorkSpec`.`input` AS `input`, `WorkSpec`.`output` AS `output`, `WorkSpec`.`initial_delay` AS `initial_delay`, `WorkSpec`.`interval_duration` AS `interval_duration`, `WorkSpec`.`flex_duration` AS `flex_duration`, `WorkSpec`.`run_attempt_count` AS `run_attempt_count`, `WorkSpec`.`backoff_policy` AS `backoff_policy`, `WorkSpec`.`backoff_delay_duration` AS `backoff_delay_duration`, `WorkSpec`.`period_start_time` AS `period_start_time`, `WorkSpec`.`minimum_retention_duration` AS `minimum_retention_duration`, `WorkSpec`.`schedule_requested_at` AS `schedule_requested_at`, `WorkSpec`.`run_in_foreground` AS `run_in_foreground` FROM workspec WHERE state=0 AND schedule_requested_at=-1 ORDER BY period_start_time LIMIT (SELECT MAX(?-COUNT(*), 0) FROM workspec WHERE schedule_requested_at<>-1 AND state NOT IN (2, 3, 5))
05-03 22:05:34.848  5986  6018 I BLACKXERUS - AndroidXaminer: SELECT * FROM room_table_modification_log WHERE invalidated = 1;
05-03 22:05:35.806  5986  5986 I BLACKXERUS - AndroidXaminer: d.a.a.a.l.b
05-03 22:05:35.806  5986  5986 I BLACKXERUS - AndroidXaminer: |	
05-03 22:05:35.806  5986  5986 I BLACKXERUS - AndroidXaminer: d.a.a.f.a.f.e.a
05-03 22:05:35.807  5986  5986 I BLACKXERUS - AndroidXaminer: |	
05-03 22:05:35.807  5986  5986 I BLACKXERUS - AndroidXaminer: d.a.a.b.a.m0
05-03 22:05:35.807  5986  5986 I BLACKXERUS - AndroidXaminer: |	|	
05-03 22:05:35.807  5986  5986 I BLACKXERUS - AndroidXaminer: android.content.SharedPreferences
05-03 22:05:35.807  5986  5986 I BLACKXERUS - AndroidXaminer: showOnboarding
05-03 22:05:35.807  5986  5986 I BLACKXERUS - AndroidXaminer: getShowOnboarding()Z
05-03 22:05:35.807  5986  5986 I BLACKXERUS - AndroidXaminer: showOnboardingV1_1
05-03 22:05:35.807  5986  5986 I BLACKXERUS - AndroidXaminer: getShowOnboardingV1_1()Z
05-03 22:05:35.807  5986  5986 I BLACKXERUS - AndroidXaminer: pref_onboarding_repository_show_onboarding
05-03 22:05:35.807  5986  5986 I BLACKXERUS - AndroidXaminer: pref_onboarding_repository_show_onboarding_v1.1
05-03 22:05:35.808  5986  5986 I BLACKXERUS - AndroidXaminer: skipRouter
05-03 22:05:35.808  5986  5986 I BLACKXERUS - AndroidXaminer: getSkipRouter()Z
05-03 22:05:35.808  5986  5986 I BLACKXERUS - AndroidXaminer: viewModel
05-03 22:05:35.808  5986  5986 I BLACKXERUS - AndroidXaminer: getViewModel()Lat/roteskreuz/stopcorona/screens/onboarding/OnboardingViewModel;
05-03 22:05:35.808  5986  5986 I BLACKXERUS - AndroidXaminer: controller
05-03 22:05:35.808  5986  5986 I BLACKXERUS - AndroidXaminer: getController()Lat/roteskreuz/stopcorona/screens/onboarding/OnboardingController;
05-03 22:05:35.808  5986  5986 I BLACKXERUS - AndroidXaminer: pagerIndicator
05-03 22:05:35.808  5986  5986 I BLACKXERUS - AndroidXaminer: getPagerIndicator()Lat/roteskreuz/stopcorona/utils/view/CirclePagerIndicatorDecoration;
05-03 22:05:35.858  5986  5986 I BLACKXERUS - AndroidXaminer: 5a00f163-9ef4-4918-a053-914f7bb07ab1
05-03 22:05:35.859  5986  5986 I BLACKXERUS - AndroidXaminer: skip_router
05-03 22:05:35.860  5986  5986 I BLACKXERUS - AndroidXaminer: d.a.a.a.a.a
05-03 22:05:35.964  5986  5986 I BLACKXERUS - AndroidXaminer: d.a.a.a.a.d
05-03 22:05:35.964  5986  5986 I BLACKXERUS - AndroidXaminer: |	
05-03 22:05:35.964  5986  5986 I BLACKXERUS - AndroidXaminer: d.a.a.f.a.f.e.a
05-03 22:05:35.964  5986  5986 I BLACKXERUS - AndroidXaminer: |	
05-03 22:05:35.965  5986  5986 I BLACKXERUS - AndroidXaminer: d.a.a.b.a.m0
05-03 22:05:35.965  5986  5986 I BLACKXERUS - AndroidXaminer: |	
05-03 22:05:35.965  5986  5986 I BLACKXERUS - AndroidXaminer: d.a.a.b.a.s
05-03 22:05:35.969  5986  5986 I BLACKXERUS - AndroidXaminer: Willkommen!
05-03 22:05:35.970  5986  5986 I BLACKXERUS - AndroidXaminer: Digitaler Handshake
05-03 22:05:35.970  5986  5986 I BLACKXERUS - AndroidXaminer: Symptome prüfen
05-03 22:05:35.970  5986  5986 I BLACKXERUS - AndroidXaminer: Benachrichtigung im Krankheitsfall
05-03 22:05:35.971  5986  5986 I BLACKXERUS - AndroidXaminer: Danke, dass Sie die App nutzen!
05-03 22:05:35.971  5986  5986 I BLACKXERUS - AndroidXaminer: Einwilligungserklärung
05-03 22:05:35.971  5986  5986 I BLACKXERUS - AndroidXaminer: Ja, ich stimme der Datenverarbeitung zu.
05-03 22:05:36.042  5986  5986 I BLACKXERUS - AndroidXaminer: txtTitle
05-03 22:05:36.042  5986  5986 I BLACKXERUS - AndroidXaminer: getTxtTitle()Landroid/widget/TextView;
05-03 22:05:36.042  5986  5986 I BLACKXERUS - AndroidXaminer: txtDescription
05-03 22:05:36.042  5986  5986 I BLACKXERUS - AndroidXaminer: getTxtDescription()Landroid/widget/TextView;
05-03 22:05:36.042  5986  5986 I BLACKXERUS - AndroidXaminer: imgHero
05-03 22:05:36.042  5986  5986 I BLACKXERUS - AndroidXaminer: getImgHero()Landroid/widget/ImageView;
05-03 22:05:46.323  5986  5986 I BLACKXERUS - AndroidXaminer: d.a.a.a.a.a
05-03 22:05:46.323  5986  5986 I BLACKXERUS - AndroidXaminer: 5a00f163-9ef4-4918-a053-914f7bb07ab1
05-03 22:05:46.323  5986  5986 I BLACKXERUS - AndroidXaminer: d.a.a.a.a.a
05-03 22:05:47.745  5986  5986 I BLACKXERUS - AndroidXaminer: 4685c63a-c402-48a5-beef-ee8edd176266
05-03 22:06:11.759  6222  6222 I BLACKXERUS - AndroidXaminer: at.roteskreuz.stopcorona
05-03 22:06:11.761  6222  6222 I BLACKXERUS - AndroidXaminer: 1:539842520255:android:2ceb638a689479e588d20a
05-03 22:06:11.761  6222  6222 I BLACKXERUS - AndroidXaminer: AIzaSyDXMDCYeBCPqIjnws5lAZAhi8SNMH4-2Nw
05-03 22:06:11.761  6222  6222 I BLACKXERUS - AndroidXaminer: https://stop-corona-149c7.firebaseio.com
05-03 22:06:11.761  6222  6222 I BLACKXERUS - AndroidXaminer: 539842520255
05-03 22:06:11.761  6222  6222 I BLACKXERUS - AndroidXaminer: stop-corona-149c7.appspot.com
05-03 22:06:11.761  6222  6222 I BLACKXERUS - AndroidXaminer: stop-corona-149c7
05-03 22:06:11.762  6222  6222 I BLACKXERUS - AndroidXaminer: [DEFAULT]
05-03 22:06:11.765  6222  6222 I BLACKXERUS - AndroidXaminer: fire-android
05-03 22:06:11.765  6222  6222 I BLACKXERUS - AndroidXaminer: fire-core
05-03 22:06:11.765  6222  6222 I BLACKXERUS - AndroidXaminer: 19.3.0
05-03 22:06:11.765  6222  6222 I BLACKXERUS - AndroidXaminer: kotlin
05-03 22:06:11.765  6222  6222 I BLACKXERUS - AndroidXaminer: 1.3.61
05-03 22:06:11.766  6222  6222 I BLACKXERUS - AndroidXaminer: fire-installations
05-03 22:06:11.766  6222  6222 I BLACKXERUS - AndroidXaminer: 16.2.1
05-03 22:06:11.767  6222  6222 I BLACKXERUS - AndroidXaminer: fire-iid
05-03 22:06:11.767  6222  6222 I BLACKXERUS - AndroidXaminer: 20.1.5
05-03 22:06:11.767  6222  6222 I BLACKXERUS - AndroidXaminer: fire-fcm
05-03 22:06:11.767  6222  6222 I BLACKXERUS - AndroidXaminer: 20.1.5
05-03 22:06:11.769  6222  6222 I BLACKXERUS - AndroidXaminer: kotlin/1.3.61 fire-installations/16.2.1 fire-core/19.3.0 fire-fcm/20.1.5 fire-android/ fire-iid/20.1.5
05-03 22:06:11.772  6222  6222 I BLACKXERUS - AndroidXaminer: 539842520255
05-03 22:06:11.773  6222  6222 I BLACKXERUS - AndroidXaminer: firebase-iid-executor
05-03 22:06:11.773  6222  6222 I BLACKXERUS - AndroidXaminer: firebase-iid-executor
05-03 22:06:11.779  6222  6222 I BLACKXERUS - AndroidXaminer: proto
05-03 22:06:11.783  6222  6222 I BLACKXERUS - AndroidXaminer: proto
05-03 22:06:11.783  6222  6222 I BLACKXERUS - AndroidXaminer: json
05-03 22:06:11.784  6222  6222 I BLACKXERUS - AndroidXaminer: https://firebaselogging.googleapis.com/v0cc/log/batch?format=json_proto3
05-03 22:06:11.784  6222  6222 I BLACKXERUS - AndroidXaminer: https://firebaselogging-pa.googleapis.com/v1/firelog/legacy/batchlog
05-03 22:06:11.784  6222  6222 I BLACKXERUS - AndroidXaminer: AIzaSyCckkiH8i2ZARwOs1LEzFKld15aOG8ozKo
05-03 22:06:11.784  6222  6222 I BLACKXERUS - AndroidXaminer: cct
05-03 22:06:11.784  6222  6222 I BLACKXERUS - AndroidXaminer: cct
05-03 22:06:11.784  6222  6222 I BLACKXERUS - AndroidXaminer: json
05-03 22:06:11.785  6222  6222 I BLACKXERUS - AndroidXaminer: Firebase-Messaging-Rpc-Task
05-03 22:06:11.785  6222  6222 I BLACKXERUS - AndroidXaminer: Firebase-Messaging-Topics-Io
05-03 22:06:11.785  6222  6222 I BLACKXERUS - AndroidXaminer: Firebase-Messaging-Trigger-Topics-Io
05-03 22:06:11.791  6222  6222 I BLACKXERUS - AndroidXaminer: androidx.work.workdb
05-03 22:06:11.793  6222  6222 I BLACKXERUS - AndroidXaminer: androidx.work.workdb
05-03 22:06:11.795  6222  6222 I BLACKXERUS - AndroidXaminer: cf029002fffdcadf079e8d0a1c9a70ac
05-03 22:06:11.795  6222  6222 I BLACKXERUS - AndroidXaminer: 8aff2efc47fafe870c738f727dfcfc6e
05-03 22:06:11.795  6222  6222 I BLACKXERUS - AndroidXaminer: androidx.work.workdb
05-03 22:06:11.795  6222  6222 I BLACKXERUS - AndroidXaminer: androidx.work.workdb
05-03 22:06:11.809  6222  6222 I BLACKXERUS - AndroidXaminer: org/threeten/bp/TZDB.dat
05-03 22:06:11.809  6222  6222 I BLACKXERUS - AndroidXaminer: KOIN
05-03 22:06:11.813  6222  6222 I BLACKXERUS - AndroidXaminer: a
05-03 22:06:11.813  6222  6222 I BLACKXERUS - AndroidXaminer: c
05-03 22:06:11.814  6222  6222 I BLACKXERUS - AndroidXaminer: a
05-03 22:06:11.814  6222  6222 I BLACKXERUS - AndroidXaminer: a
05-03 22:06:11.814  6222  6222 I BLACKXERUS - AndroidXaminer: c
05-03 22:06:11.814  6222  6222 I BLACKXERUS - AndroidXaminer: c
05-03 22:06:11.815  6222  6222 I BLACKXERUS - AndroidXaminer: SharedPreferences
05-03 22:06:11.816  6222  6222 I BLACKXERUS - AndroidXaminer: DefaultDatabase
05-03 22:06:11.816  6222  6222 I BLACKXERUS - AndroidXaminer: h
05-03 22:06:11.816  6222  6222 I BLACKXERUS - AndroidXaminer: a
05-03 22:06:11.816  6222  6222 I BLACKXERUS - AndroidXaminer: h
05-03 22:06:11.817  6222  6222 I BLACKXERUS - AndroidXaminer: t
05-03 22:06:11.817  6222  6222 I BLACKXERUS - AndroidXaminer: p
05-03 22:06:11.817  6222  6222 I BLACKXERUS - AndroidXaminer: a
05-03 22:06:11.817  6222  6222 I BLACKXERUS - AndroidXaminer: SharedPreferences
05-03 22:06:11.817  6222  6222 I BLACKXERUS - AndroidXaminer: SharedPreferences
05-03 22:06:11.817  6222  6222 I BLACKXERUS - AndroidXaminer: DefaultDatabase
05-03 22:06:11.817  6222  6222 I BLACKXERUS - AndroidXaminer: DefaultDatabase
05-03 22:06:11.818  6222  6222 I BLACKXERUS - AndroidXaminer: h
05-03 22:06:11.818  6222  6222 I BLACKXERUS - AndroidXaminer: h
05-03 22:06:11.818  6222  6222 I BLACKXERUS - AndroidXaminer: a
05-03 22:06:11.818  6222  6222 I BLACKXERUS - AndroidXaminer: a
05-03 22:06:11.818  6222  6222 I BLACKXERUS - AndroidXaminer: h
05-03 22:06:11.818  6222  6222 I BLACKXERUS - AndroidXaminer: h
05-03 22:06:11.818  6222  6222 I BLACKXERUS - AndroidXaminer: t
05-03 22:06:11.818  6222  6222 I BLACKXERUS - AndroidXaminer: t
05-03 22:06:11.818  6222  6222 I BLACKXERUS - AndroidXaminer: p
05-03 22:06:11.818  6222  6222 I BLACKXERUS - AndroidXaminer: p
05-03 22:06:11.819  6222  6222 I BLACKXERUS - AndroidXaminer: a
05-03 22:06:11.819  6222  6222 I BLACKXERUS - AndroidXaminer: a
05-03 22:06:11.819  6222  6222 I BLACKXERUS - AndroidXaminer: d
05-03 22:06:11.820  6222  6222 I BLACKXERUS - AndroidXaminer: h
05-03 22:06:11.820  6222  6222 I BLACKXERUS - AndroidXaminer: a0
05-03 22:06:11.820  6222  6222 I BLACKXERUS - AndroidXaminer: a0
05-03 22:06:11.821  6222  6222 I BLACKXERUS - AndroidXaminer: a
05-03 22:06:11.821  6222  6222 I BLACKXERUS - AndroidXaminer: b
05-03 22:06:11.821  6222  6222 I BLACKXERUS - AndroidXaminer: FirebaseMessaging
05-03 22:06:11.821  6222  6222 I BLACKXERUS - AndroidXaminer: d
05-03 22:06:11.821  6222  6222 I BLACKXERUS - AndroidXaminer: d
05-03 22:06:11.821  6222  6222 I BLACKXERUS - AndroidXaminer: h
05-03 22:06:11.822  6222  6222 I BLACKXERUS - AndroidXaminer: h
05-03 22:06:11.822  6222  6222 I BLACKXERUS - AndroidXaminer: a0
05-03 22:06:11.822  6222  6222 I BLACKXERUS - AndroidXaminer: a0
05-03 22:06:11.822  6222  6222 I BLACKXERUS - AndroidXaminer: a0
05-03 22:06:11.822  6222  6222 I BLACKXERUS - AndroidXaminer: a0
05-03 22:06:11.822  6222  6222 I BLACKXERUS - AndroidXaminer: a
05-03 22:06:11.822  6222  6222 I BLACKXERUS - AndroidXaminer: a
05-03 22:06:11.822  6222  6222 I BLACKXERUS - AndroidXaminer: b
05-03 22:06:11.822  6222  6222 I BLACKXERUS - AndroidXaminer: b
05-03 22:06:11.823  6222  6222 I BLACKXERUS - AndroidXaminer: FirebaseMessaging
05-03 22:06:11.823  6222  6222 I BLACKXERUS - AndroidXaminer: FirebaseMessaging
05-03 22:06:11.823  6222  6222 I BLACKXERUS - AndroidXaminer: y
05-03 22:06:11.823  6222  6222 I BLACKXERUS - AndroidXaminer: q0
05-03 22:06:11.823  6222  6222 I BLACKXERUS - AndroidXaminer: e0
05-03 22:06:11.824  6222  6222 I BLACKXERUS - AndroidXaminer: o
05-03 22:06:11.824  6222  6222 I BLACKXERUS - AndroidXaminer: m0
05-03 22:06:11.824  6222  6222 I BLACKXERUS - AndroidXaminer: d
05-03 22:06:11.824  6222  6222 I BLACKXERUS - AndroidXaminer: q
05-03 22:06:11.824  6222  6222 I BLACKXERUS - AndroidXaminer: b0
05-03 22:06:11.825  6222  6222 I BLACKXERUS - AndroidXaminer: i0
05-03 22:06:11.825  6222  6222 I BLACKXERUS - AndroidXaminer: s
05-03 22:06:11.825  6222  6222 I BLACKXERUS - AndroidXaminer: u0
05-03 22:06:11.825  6222  6222 I BLACKXERUS - AndroidXaminer: h
05-03 22:06:11.825  6222  6253 I BLACKXERUS - AndroidXaminer: SELECT 1 FROM sqlite_master WHERE type = 'table' AND name='room_master_table'
05-03 22:06:11.825  6222  6222 I BLACKXERUS - AndroidXaminer: u
05-03 22:06:11.826  6222  6222 I BLACKXERUS - AndroidXaminer: y0
05-03 22:06:11.826  6222  6222 I BLACKXERUS - AndroidXaminer: y
05-03 22:06:11.826  6222  6222 I BLACKXERUS - AndroidXaminer: y
05-03 22:06:11.826  6222  6222 I BLACKXERUS - AndroidXaminer: q0
05-03 22:06:11.826  6222  6222 I BLACKXERUS - AndroidXaminer: q0
05-03 22:06:11.826  6222  6222 I BLACKXERUS - AndroidXaminer: e0
05-03 22:06:11.826  6222  6222 I BLACKXERUS - AndroidXaminer: e0
05-03 22:06:11.826  6222  6222 I BLACKXERUS - AndroidXaminer: o
05-03 22:06:11.826  6222  6222 I BLACKXERUS - AndroidXaminer: o
05-03 22:06:11.826  6222  6222 I BLACKXERUS - AndroidXaminer: m0
05-03 22:06:11.826  6222  6222 I BLACKXERUS - AndroidXaminer: m0
05-03 22:06:11.826  6222  6253 I BLACKXERUS - AndroidXaminer: SELECT identity_hash FROM room_master_table WHERE id = 42 LIMIT 1
05-03 22:06:11.826  6222  6222 I BLACKXERUS - AndroidXaminer: d
05-03 22:06:11.826  6222  6222 I BLACKXERUS - AndroidXaminer: d
05-03 22:06:11.826  6222  6222 I BLACKXERUS - AndroidXaminer: q
05-03 22:06:11.826  6222  6222 I BLACKXERUS - AndroidXaminer: q
05-03 22:06:11.827  6222  6222 I BLACKXERUS - AndroidXaminer: b0
05-03 22:06:11.827  6222  6222 I BLACKXERUS - AndroidXaminer: b0
05-03 22:06:11.827  6222  6222 I BLACKXERUS - AndroidXaminer: i0
05-03 22:06:11.827  6222  6222 I BLACKXERUS - AndroidXaminer: i0
05-03 22:06:11.827  6222  6222 I BLACKXERUS - AndroidXaminer: s
05-03 22:06:11.827  6222  6222 I BLACKXERUS - AndroidXaminer: s
05-03 22:06:11.827  6222  6222 I BLACKXERUS - AndroidXaminer: u0
05-03 22:06:11.827  6222  6222 I BLACKXERUS - AndroidXaminer: u0
05-03 22:06:11.827  6222  6222 I BLACKXERUS - AndroidXaminer: h
05-03 22:06:11.827  6222  6222 I BLACKXERUS - AndroidXaminer: h
05-03 22:06:11.827  6222  6222 I BLACKXERUS - AndroidXaminer: u
05-03 22:06:11.827  6222  6222 I BLACKXERUS - AndroidXaminer: u
05-03 22:06:11.827  6222  6222 I BLACKXERUS - AndroidXaminer: y0
05-03 22:06:11.827  6222  6222 I BLACKXERUS - AndroidXaminer: y0
05-03 22:06:11.828  6222  6222 I BLACKXERUS - AndroidXaminer: a
05-03 22:06:11.828  6222  6222 I BLACKXERUS - AndroidXaminer: a
05-03 22:06:11.829  6222  6222 I BLACKXERUS - AndroidXaminer: d
05-03 22:06:11.829  6222  6222 I BLACKXERUS - AndroidXaminer: i
05-03 22:06:11.829  6222  6222 I BLACKXERUS - AndroidXaminer: d
05-03 22:06:11.829  6222  6222 I BLACKXERUS - AndroidXaminer: e
05-03 22:06:11.830  6222  6222 I BLACKXERUS - AndroidXaminer: h
05-03 22:06:11.830  6222  6222 I BLACKXERUS - AndroidXaminer: b
05-03 22:06:11.830  6222  6222 I BLACKXERUS - AndroidXaminer: d
05-03 22:06:11.830  6222  6222 I BLACKXERUS - AndroidXaminer: i
05-03 22:06:11.831  6222  6222 I BLACKXERUS - AndroidXaminer: b
05-03 22:06:11.832  6222  6222 I BLACKXERUS - AndroidXaminer: d
05-03 22:06:11.832  6222  6222 I BLACKXERUS - AndroidXaminer: b
05-03 22:06:11.833  6222  6222 I BLACKXERUS - AndroidXaminer: g
05-03 22:06:11.833  6222  6222 I BLACKXERUS - AndroidXaminer: c
05-03 22:06:11.834  6222  6222 I BLACKXERUS - AndroidXaminer: c
05-03 22:06:11.834  6222  6222 I BLACKXERUS - AndroidXaminer: e
05-03 22:06:11.834  6222  6222 I BLACKXERUS - AndroidXaminer: b
05-03 22:06:11.834  6222  6222 I BLACKXERUS - AndroidXaminer: d
05-03 22:06:11.835  6222  6222 I BLACKXERUS - AndroidXaminer: b
05-03 22:06:11.835  6222  6222 I BLACKXERUS - AndroidXaminer: b
05-03 22:06:11.835  6222  6222 I BLACKXERUS - AndroidXaminer: a
05-03 22:06:11.835  6222  6222 I BLACKXERUS - AndroidXaminer: a
05-03 22:06:11.835  6222  6222 I BLACKXERUS - AndroidXaminer: a
05-03 22:06:11.835  6222  6222 I BLACKXERUS - AndroidXaminer: a
05-03 22:06:11.835  6222  6222 I BLACKXERUS - AndroidXaminer: d
05-03 22:06:11.835  6222  6222 I BLACKXERUS - AndroidXaminer: d
05-03 22:06:11.835  6222  6222 I BLACKXERUS - AndroidXaminer: i
05-03 22:06:11.835  6222  6222 I BLACKXERUS - AndroidXaminer: i
05-03 22:06:11.835  6222  6222 I BLACKXERUS - AndroidXaminer: d
05-03 22:06:11.835  6222  6222 I BLACKXERUS - AndroidXaminer: d
05-03 22:06:11.836  6222  6222 I BLACKXERUS - AndroidXaminer: e
05-03 22:06:11.836  6222  6222 I BLACKXERUS - AndroidXaminer: e
05-03 22:06:11.836  6222  6222 I BLACKXERUS - AndroidXaminer: h
05-03 22:06:11.836  6222  6222 I BLACKXERUS - AndroidXaminer: h
05-03 22:06:11.836  6222  6222 I BLACKXERUS - AndroidXaminer: b
05-03 22:06:11.836  6222  6222 I BLACKXERUS - AndroidXaminer: b
05-03 22:06:11.836  6222  6222 I BLACKXERUS - AndroidXaminer: d
05-03 22:06:11.836  6222  6222 I BLACKXERUS - AndroidXaminer: d
05-03 22:06:11.836  6222  6222 I BLACKXERUS - AndroidXaminer: i
05-03 22:06:11.836  6222  6222 I BLACKXERUS - AndroidXaminer: i
05-03 22:06:11.836  6222  6222 I BLACKXERUS - AndroidXaminer: b
05-03 22:06:11.836  6222  6222 I BLACKXERUS - AndroidXaminer: b
05-03 22:06:11.836  6222  6222 I BLACKXERUS - AndroidXaminer: d
05-03 22:06:11.836  6222  6222 I BLACKXERUS - AndroidXaminer: d
05-03 22:06:11.837  6222  6222 I BLACKXERUS - AndroidXaminer: b
05-03 22:06:11.837  6222  6222 I BLACKXERUS - AndroidXaminer: b
05-03 22:06:11.837  6222  6222 I BLACKXERUS - AndroidXaminer: g
05-03 22:06:11.837  6222  6222 I BLACKXERUS - AndroidXaminer: g
05-03 22:06:11.837  6222  6222 I BLACKXERUS - AndroidXaminer: c
05-03 22:06:11.837  6222  6222 I BLACKXERUS - AndroidXaminer: c
05-03 22:06:11.837  6222  6222 I BLACKXERUS - AndroidXaminer: c
05-03 22:06:11.837  6222  6222 I BLACKXERUS - AndroidXaminer: c
05-03 22:06:11.837  6222  6222 I BLACKXERUS - AndroidXaminer: e
05-03 22:06:11.837  6222  6222 I BLACKXERUS - AndroidXaminer: e
05-03 22:06:11.837  6222  6222 I BLACKXERUS - AndroidXaminer: b
05-03 22:06:11.837  6222  6222 I BLACKXERUS - AndroidXaminer: b
05-03 22:06:11.837  6222  6222 I BLACKXERUS - AndroidXaminer: d
05-03 22:06:11.837  6222  6222 I BLACKXERUS - AndroidXaminer: d
05-03 22:06:11.838  6222  6222 I BLACKXERUS - AndroidXaminer: b
05-03 22:06:11.838  6222  6222 I BLACKXERUS - AndroidXaminer: b
05-03 22:06:11.838  6222  6222 I BLACKXERUS - AndroidXaminer: b
05-03 22:06:11.838  6222  6222 I BLACKXERUS - AndroidXaminer: b
05-03 22:06:11.840  6222  6253 I BLACKXERUS - AndroidXaminer: SELECT `required_network_type`, `requires_charging`, `requires_device_idle`, `requires_battery_not_low`, `requires_storage_not_low`, `trigger_content_update_delay`, `trigger_max_content_delay`, `content_uri_triggers`, `WorkSpec`.`id` AS `id`, `WorkSpec`.`state` AS `state`, `WorkSpec`.`worker_class_name` AS `worker_class_name`, `WorkSpec`.`input_merger_class_name` AS `input_merger_class_name`, `WorkSpec`.`input` AS `input`, `WorkSpec`.`output` AS `output`, `WorkSpec`.`initial_delay` AS `initial_delay`, `WorkSpec`.`interval_duration` AS `interval_duration`, `WorkSpec`.`flex_duration` AS `flex_duration`, `WorkSpec`.`run_attempt_count` AS `run_attempt_count`, `WorkSpec`.`backoff_policy` AS `backoff_policy`, `WorkSpec`.`backoff_delay_duration` AS `backoff_delay_duration`, `WorkSpec`.`period_start_time` AS `period_start_time`, `WorkSpec`.`minimum_retention_duration` AS `minimum_retention_duration`, `WorkSpec`.`schedule_requested_at` AS `schedule_requested_at`, `WorkSpec`.`run_in_foreground` AS `run_in_foreground` FROM workspec WHERE state=1
05-03 22:06:11.840  6222  6222 I BLACKXERUS - AndroidXaminer: a1
05-03 22:06:11.840  6222  6222 I BLACKXERUS - AndroidXaminer: a1
05-03 22:06:11.840  6222  6222 I BLACKXERUS - AndroidXaminer: a1
05-03 22:06:11.841  6222  6222 I BLACKXERUS - AndroidXaminer: a
05-03 22:06:11.841  6222  6222 I BLACKXERUS - AndroidXaminer: a
05-03 22:06:11.842  6222  6222 I BLACKXERUS - AndroidXaminer: e
05-03 22:06:11.847  6222  6253 I BLACKXERUS - AndroidXaminer: SELECT long_value FROM Preference where `key`=?
05-03 22:06:11.848  6222  6222 I BLACKXERUS - AndroidXaminer: a
05-03 22:06:11.850  6222  6222 I BLACKXERUS - AndroidXaminer: Builder
05-03 22:06:11.850  6222  6222 I BLACKXERUS - AndroidXaminer: c
05-03 22:06:11.850  6222  6222 I BLACKXERUS - AndroidXaminer: u
05-03 22:06:11.851  6222  6222 I BLACKXERUS - AndroidXaminer: BluetoothStateReceiver
05-03 22:06:11.851  6222  6222 I BLACKXERUS - AndroidXaminer: BatterySaverStateReceiver
05-03 22:06:11.851  6222  6222 I BLACKXERUS - AndroidXaminer: a
05-03 22:06:11.852  6222  6222 I BLACKXERUS - AndroidXaminer: a
05-03 22:06:11.852  6222  6222 I BLACKXERUS - AndroidXaminer: a
05-03 22:06:11.852  6222  6222 I BLACKXERUS - AndroidXaminer: a
05-03 22:06:11.852  6222  6222 I BLACKXERUS - AndroidXaminer: a
05-03 22:06:11.852  6222  6222 I BLACKXERUS - AndroidXaminer: e
05-03 22:06:11.852  6222  6222 I BLACKXERUS - AndroidXaminer: e
05-03 22:06:11.852  6222  6222 I BLACKXERUS - AndroidXaminer: a
05-03 22:06:11.852  6222  6222 I BLACKXERUS - AndroidXaminer: a
05-03 22:06:11.852  6222  6254 I BLACKXERUS - AndroidXaminer: SELECT * FROM room_table_modification_log WHERE invalidated = 1;
05-03 22:06:11.853  6222  6222 I BLACKXERUS - AndroidXaminer: Builder
05-03 22:06:11.853  6222  6222 I BLACKXERUS - AndroidXaminer: Builder
05-03 22:06:11.854  6222  6222 I BLACKXERUS - AndroidXaminer: c
05-03 22:06:11.854  6222  6222 I BLACKXERUS - AndroidXaminer: c
05-03 22:06:11.854  6222  6222 I BLACKXERUS - AndroidXaminer: u
05-03 22:06:11.854  6222  6222 I BLACKXERUS - AndroidXaminer: u
05-03 22:06:11.854  6222  6222 I BLACKXERUS - AndroidXaminer: BluetoothStateReceiver
05-03 22:06:11.854  6222  6222 I BLACKXERUS - AndroidXaminer: BluetoothStateReceiver
05-03 22:06:11.854  6222  6222 I BLACKXERUS - AndroidXaminer: BatterySaverStateReceiver
05-03 22:06:11.854  6222  6222 I BLACKXERUS - AndroidXaminer: BatterySaverStateReceiver
05-03 22:06:11.854  6222  6222 I BLACKXERUS - AndroidXaminer: a
05-03 22:06:11.854  6222  6222 I BLACKXERUS - AndroidXaminer: a
05-03 22:06:11.855  6222  6222 I BLACKXERUS - AndroidXaminer: Context
05-03 22:06:11.856  6222  6222 I BLACKXERUS - AndroidXaminer: Application
05-03 22:06:11.858  6222  6222 I BLACKXERUS - AndroidXaminer: d.a.a.b.e.a
05-03 22:06:11.859  6222  6222 I BLACKXERUS - AndroidXaminer: |	
05-03 22:06:11.859  6222  6222 I BLACKXERUS - AndroidXaminer: d.a.a.f.a.f.e.a
05-03 22:06:11.860  6222  6222 I BLACKXERUS - AndroidXaminer: |	
05-03 22:06:11.860  6222  6222 I BLACKXERUS - AndroidXaminer: d.a.a.b.a.d
05-03 22:06:11.860  6222  6222 I BLACKXERUS - AndroidXaminer: |	|	
05-03 22:06:11.860  6222  6222 I BLACKXERUS - AndroidXaminer: d.a.a.f.a.f.e.a
05-03 22:06:11.860  6222  6222 I BLACKXERUS - AndroidXaminer: |	|	
05-03 22:06:11.860  6222  6222 I BLACKXERUS - AndroidXaminer: d.a.a.b.b.b
05-03 22:06:11.860  6222  6222 I BLACKXERUS - AndroidXaminer: |	|	|	
05-03 22:06:11.860  6222  6222 I BLACKXERUS - AndroidXaminer: d.a.a.f.a.f.e.a
05-03 22:06:11.860  6222  6222 I BLACKXERUS - AndroidXaminer: |	|	|	
05-03 22:06:11.860  6222  6222 I BLACKXERUS - AndroidXaminer: d.a.a.b.b.a
05-03 22:06:11.861  6222  6222 I BLACKXERUS - AndroidXaminer: |	|	|	|	
05-03 22:06:11.861  6222  6222 I BLACKXERUS - AndroidXaminer: t.a0
05-03 22:06:11.869  6222  6222 I BLACKXERUS - AndroidXaminer: OkHttp ConnectionPool
05-03 22:06:11.871  6222  6222 I BLACKXERUS - AndroidXaminer: http/1.0
05-03 22:06:11.871  6222  6222 I BLACKXERUS - AndroidXaminer: http/1.1
05-03 22:06:11.871  6222  6222 I BLACKXERUS - AndroidXaminer: spdy/3.1
05-03 22:06:11.872  6222  6222 I BLACKXERUS - AndroidXaminer: h2
05-03 22:06:11.872  6222  6222 I BLACKXERUS - AndroidXaminer: h2_prior_knowledge
05-03 22:06:11.872  6222  6222 I BLACKXERUS - AndroidXaminer: quic
05-03 22:06:11.873  6222  6222 I BLACKXERUS - AndroidXaminer: SSL_RSA_WITH_NULL_MD5
05-03 22:06:11.873  6222  6222 I BLACKXERUS - AndroidXaminer: SSL_RSA_WITH_NULL_SHA
05-03 22:06:11.873  6222  6222 I BLACKXERUS - AndroidXaminer: SSL_RSA_EXPORT_WITH_RC4_40_MD5
05-03 22:06:11.873  6222  6222 I BLACKXERUS - AndroidXaminer: SSL_RSA_WITH_RC4_128_MD5
05-03 22:06:11.873  6222  6222 I BLACKXERUS - AndroidXaminer: SSL_RSA_WITH_RC4_128_SHA
05-03 22:06:11.873  6222  6222 I BLACKXERUS - AndroidXaminer: SSL_RSA_EXPORT_WITH_DES40_CBC_SHA
05-03 22:06:11.873  6222  6222 I BLACKXERUS - AndroidXaminer: SSL_RSA_WITH_DES_CBC_SHA
05-03 22:06:11.873  6222  6222 I BLACKXERUS - AndroidXaminer: SSL_RSA_WITH_3DES_EDE_CBC_SHA
05-03 22:06:11.873  6222  6222 I BLACKXERUS - AndroidXaminer: SSL_DHE_DSS_EXPORT_WITH_DES40_CBC_SHA
05-03 22:06:11.873  6222  6222 I BLACKXERUS - AndroidXaminer: SSL_DHE_DSS_WITH_DES_CBC_SHA
05-03 22:06:11.873  6222  6222 I BLACKXERUS - AndroidXaminer: SSL_DHE_DSS_WITH_3DES_EDE_CBC_SHA
05-03 22:06:11.873  6222  6222 I BLACKXERUS - AndroidXaminer: SSL_DHE_RSA_EXPORT_WITH_DES40_CBC_SHA
05-03 22:06:11.873  6222  6222 I BLACKXERUS - AndroidXaminer: SSL_DHE_RSA_WITH_DES_CBC_SHA
05-03 22:06:11.873  6222  6222 I BLACKXERUS - AndroidXaminer: SSL_DHE_RSA_WITH_3DES_EDE_CBC_SHA
05-03 22:06:11.873  6222  6222 I BLACKXERUS - AndroidXaminer: SSL_DH_anon_EXPORT_WITH_RC4_40_MD5
05-03 22:06:11.873  6222  6222 I BLACKXERUS - AndroidXaminer: SSL_DH_anon_WITH_RC4_128_MD5
05-03 22:06:11.873  6222  6222 I BLACKXERUS - AndroidXaminer: SSL_DH_anon_EXPORT_WITH_DES40_CBC_SHA
05-03 22:06:11.873  6222  6222 I BLACKXERUS - AndroidXaminer: SSL_DH_anon_WITH_DES_CBC_SHA
05-03 22:06:11.873  6222  6222 I BLACKXERUS - AndroidXaminer: SSL_DH_anon_WITH_3DES_EDE_CBC_SHA
05-03 22:06:11.873  6222  6222 I BLACKXERUS - AndroidXaminer: TLS_KRB5_WITH_DES_CBC_SHA
05-03 22:06:11.873  6222  6222 I BLACKXERUS - AndroidXaminer: TLS_KRB5_WITH_3DES_EDE_CBC_SHA
05-03 22:06:11.873  6222  6222 I BLACKXERUS - AndroidXaminer: TLS_KRB5_WITH_RC4_128_SHA
05-03 22:06:11.873  6222  6222 I BLACKXERUS - AndroidXaminer: TLS_KRB5_WITH_DES_CBC_MD5
05-03 22:06:11.873  6222  6222 I BLACKXERUS - AndroidXaminer: TLS_KRB5_WITH_3DES_EDE_CBC_MD5
05-03 22:06:11.873  6222  6222 I BLACKXERUS - AndroidXaminer: TLS_KRB5_WITH_RC4_128_MD5
05-03 22:06:11.873  6222  6222 I BLACKXERUS - AndroidXaminer: TLS_KRB5_EXPORT_WITH_DES_CBC_40_SHA
05-03 22:06:11.873  6222  6222 I BLACKXERUS - AndroidXaminer: TLS_KRB5_EXPORT_WITH_RC4_40_SHA
05-03 22:06:11.873  6222  6222 I BLACKXERUS - AndroidXaminer: TLS_KRB5_EXPORT_WITH_DES_CBC_40_MD5
05-03 22:06:11.873  6222  6222 I BLACKXERUS - AndroidXaminer: TLS_KRB5_EXPORT_WITH_RC4_40_MD5
05-03 22:06:11.873  6222  6222 I BLACKXERUS - AndroidXaminer: TLS_RSA_WITH_AES_128_CBC_SHA
05-03 22:06:11.873  6222  6222 I BLACKXERUS - AndroidXaminer: TLS_DHE_DSS_WITH_AES_128_CBC_SHA
05-03 22:06:11.874  6222  6222 I BLACKXERUS - AndroidXaminer: TLS_DHE_RSA_WITH_AES_128_CBC_SHA
05-03 22:06:11.874  6222  6222 I BLACKXERUS - AndroidXaminer: TLS_DH_anon_WITH_AES_128_CBC_SHA
05-03 22:06:11.874  6222  6222 I BLACKXERUS - AndroidXaminer: TLS_RSA_WITH_AES_256_CBC_SHA
05-03 22:06:11.874  6222  6222 I BLACKXERUS - AndroidXaminer: TLS_DHE_DSS_WITH_AES_256_CBC_SHA
05-03 22:06:11.874  6222  6222 I BLACKXERUS - AndroidXaminer: TLS_DHE_RSA_WITH_AES_256_CBC_SHA
05-03 22:06:11.874  6222  6222 I BLACKXERUS - AndroidXaminer: TLS_DH_anon_WITH_AES_256_CBC_SHA
05-03 22:06:11.874  6222  6222 I BLACKXERUS - AndroidXaminer: TLS_RSA_WITH_NULL_SHA256
05-03 22:06:11.874  6222  6222 I BLACKXERUS - AndroidXaminer: TLS_RSA_WITH_AES_128_CBC_SHA256
05-03 22:06:11.874  6222  6222 I BLACKXERUS - AndroidXaminer: TLS_RSA_WITH_AES_256_CBC_SHA256
05-03 22:06:11.874  6222  6222 I BLACKXERUS - AndroidXaminer: TLS_DHE_DSS_WITH_AES_128_CBC_SHA256
05-03 22:06:11.874  6222  6222 I BLACKXERUS - AndroidXaminer: TLS_RSA_WITH_CAMELLIA_128_CBC_SHA
05-03 22:06:11.874  6222  6222 I BLACKXERUS - AndroidXaminer: TLS_DHE_DSS_WITH_CAMELLIA_128_CBC_SHA
05-03 22:06:11.874  6222  6222 I BLACKXERUS - AndroidXaminer: TLS_DHE_RSA_WITH_CAMELLIA_128_CBC_SHA
05-03 22:06:11.874  6222  6222 I BLACKXERUS - AndroidXaminer: TLS_DHE_RSA_WITH_AES_128_CBC_SHA256
05-03 22:06:11.874  6222  6222 I BLACKXERUS - AndroidXaminer: TLS_DHE_DSS_WITH_AES_256_CBC_SHA256
05-03 22:06:11.874  6222  6222 I BLACKXERUS - AndroidXaminer: TLS_DHE_RSA_WITH_AES_256_CBC_SHA256
05-03 22:06:11.874  6222  6222 I BLACKXERUS - AndroidXaminer: TLS_DH_anon_WITH_AES_128_CBC_SHA256
05-03 22:06:11.874  6222  6222 I BLACKXERUS - AndroidXaminer: TLS_DH_anon_WITH_AES_256_CBC_SHA256
05-03 22:06:11.874  6222  6222 I BLACKXERUS - AndroidXaminer: TLS_RSA_WITH_CAMELLIA_256_CBC_SHA
05-03 22:06:11.874  6222  6222 I BLACKXERUS - AndroidXaminer: TLS_DHE_DSS_WITH_CAMELLIA_256_CBC_SHA
05-03 22:06:11.874  6222  6222 I BLACKXERUS - AndroidXaminer: TLS_DHE_RSA_WITH_CAMELLIA_256_CBC_SHA
05-03 22:06:11.874  6222  6222 I BLACKXERUS - AndroidXaminer: TLS_PSK_WITH_RC4_128_SHA
05-03 22:06:11.874  6222  6222 I BLACKXERUS - AndroidXaminer: TLS_PSK_WITH_3DES_EDE_CBC_SHA
05-03 22:06:11.874  6222  6222 I BLACKXERUS - AndroidXaminer: TLS_PSK_WITH_AES_128_CBC_SHA
05-03 22:06:11.874  6222  6222 I BLACKXERUS - AndroidXaminer: TLS_PSK_WITH_AES_256_CBC_SHA
05-03 22:06:11.874  6222  6222 I BLACKXERUS - AndroidXaminer: TLS_RSA_WITH_SEED_CBC_SHA
05-03 22:06:11.874  6222  6222 I BLACKXERUS - AndroidXaminer: TLS_RSA_WITH_AES_128_GCM_SHA256
05-03 22:06:11.874  6222  6222 I BLACKXERUS - AndroidXaminer: TLS_RSA_WITH_AES_256_GCM_SHA384
05-03 22:06:11.874  6222  6222 I BLACKXERUS - AndroidXaminer: TLS_DHE_RSA_WITH_AES_128_GCM_SHA256
05-03 22:06:11.874  6222  6222 I BLACKXERUS - AndroidXaminer: TLS_DHE_RSA_WITH_AES_256_GCM_SHA384
05-03 22:06:11.875  6222  6222 I BLACKXERUS - AndroidXaminer: TLS_DHE_DSS_WITH_AES_128_GCM_SHA256
05-03 22:06:11.875  6222  6222 I BLACKXERUS - AndroidXaminer: TLS_DHE_DSS_WITH_AES_256_GCM_SHA384
05-03 22:06:11.875  6222  6222 I BLACKXERUS - AndroidXaminer: TLS_DH_anon_WITH_AES_128_GCM_SHA256
05-03 22:06:11.875  6222  6222 I BLACKXERUS - AndroidXaminer: TLS_DH_anon_WITH_AES_256_GCM_SHA384
05-03 22:06:11.875  6222  6222 I BLACKXERUS - AndroidXaminer: TLS_EMPTY_RENEGOTIATION_INFO_SCSV
05-03 22:06:11.875  6222  6222 I BLACKXERUS - AndroidXaminer: TLS_FALLBACK_SCSV
05-03 22:06:11.875  6222  6222 I BLACKXERUS - AndroidXaminer: TLS_ECDH_ECDSA_WITH_NULL_SHA
05-03 22:06:11.875  6222  6222 I BLACKXERUS - AndroidXaminer: TLS_ECDH_ECDSA_WITH_RC4_128_SHA
05-03 22:06:11.875  6222  6222 I BLACKXERUS - AndroidXaminer: TLS_ECDH_ECDSA_WITH_3DES_EDE_CBC_SHA
05-03 22:06:11.875  6222  6222 I BLACKXERUS - AndroidXaminer: TLS_ECDH_ECDSA_WITH_AES_128_CBC_SHA
05-03 22:06:11.875  6222  6222 I BLACKXERUS - AndroidXaminer: TLS_ECDH_ECDSA_WITH_AES_256_CBC_SHA
05-03 22:06:11.875  6222  6222 I BLACKXERUS - AndroidXaminer: TLS_ECDHE_ECDSA_WITH_NULL_SHA
05-03 22:06:11.875  6222  6222 I BLACKXERUS - AndroidXaminer: TLS_ECDHE_ECDSA_WITH_RC4_128_SHA
05-03 22:06:11.875  6222  6222 I BLACKXERUS - AndroidXaminer: TLS_ECDHE_ECDSA_WITH_3DES_EDE_CBC_SHA
05-03 22:06:11.875  6222  6222 I BLACKXERUS - AndroidXaminer: TLS_ECDHE_ECDSA_WITH_AES_128_CBC_SHA
05-03 22:06:11.875  6222  6222 I BLACKXERUS - AndroidXaminer: TLS_ECDHE_ECDSA_WITH_AES_256_CBC_SHA
05-03 22:06:11.875  6222  6222 I BLACKXERUS - AndroidXaminer: TLS_ECDH_RSA_WITH_NULL_SHA
05-03 22:06:11.875  6222  6222 I BLACKXERUS - AndroidXaminer: TLS_ECDH_RSA_WITH_RC4_128_SHA
05-03 22:06:11.875  6222  6222 I BLACKXERUS - AndroidXaminer: TLS_ECDH_RSA_WITH_3DES_EDE_CBC_SHA
05-03 22:06:11.875  6222  6222 I BLACKXERUS - AndroidXaminer: TLS_ECDH_RSA_WITH_AES_128_CBC_SHA
05-03 22:06:11.875  6222  6222 I BLACKXERUS - AndroidXaminer: TLS_ECDH_RSA_WITH_AES_256_CBC_SHA
05-03 22:06:11.875  6222  6222 I BLACKXERUS - AndroidXaminer: TLS_ECDHE_RSA_WITH_NULL_SHA
05-03 22:06:11.875  6222  6222 I BLACKXERUS - AndroidXaminer: TLS_ECDHE_RSA_WITH_RC4_128_SHA
05-03 22:06:11.875  6222  6222 I BLACKXERUS - AndroidXaminer: TLS_ECDHE_RSA_WITH_3DES_EDE_CBC_SHA
05-03 22:06:11.875  6222  6222 I BLACKXERUS - AndroidXaminer: TLS_ECDHE_RSA_WITH_AES_128_CBC_SHA
05-03 22:06:11.875  6222  6222 I BLACKXERUS - AndroidXaminer: TLS_ECDHE_RSA_WITH_AES_256_CBC_SHA
05-03 22:06:11.875  6222  6222 I BLACKXERUS - AndroidXaminer: TLS_ECDH_anon_WITH_NULL_SHA
05-03 22:06:11.875  6222  6222 I BLACKXERUS - AndroidXaminer: TLS_ECDH_anon_WITH_RC4_128_SHA
05-03 22:06:11.875  6222  6222 I BLACKXERUS - AndroidXaminer: TLS_ECDH_anon_WITH_3DES_EDE_CBC_SHA
05-03 22:06:11.875  6222  6222 I BLACKXERUS - AndroidXaminer: TLS_ECDH_anon_WITH_AES_128_CBC_SHA
05-03 22:06:11.875  6222  6222 I BLACKXERUS - AndroidXaminer: TLS_ECDH_anon_WITH_AES_256_CBC_SHA
05-03 22:06:11.875  6222  6222 I BLACKXERUS - AndroidXaminer: TLS_ECDHE_ECDSA_WITH_AES_128_CBC_SHA256
05-03 22:06:11.875  6222  6222 I BLACKXERUS - AndroidXaminer: TLS_ECDHE_ECDSA_WITH_AES_256_CBC_SHA384
05-03 22:06:11.875  6222  6222 I BLACKXERUS - AndroidXaminer: TLS_ECDH_ECDSA_WITH_AES_128_CBC_SHA256
05-03 22:06:11.876  6222  6222 I BLACKXERUS - AndroidXaminer: TLS_ECDH_ECDSA_WITH_AES_256_CBC_SHA384
05-03 22:06:11.876  6222  6222 I BLACKXERUS - AndroidXaminer: TLS_ECDHE_RSA_WITH_AES_128_CBC_SHA256
05-03 22:06:11.876  6222  6222 I BLACKXERUS - AndroidXaminer: TLS_ECDHE_RSA_WITH_AES_256_CBC_SHA384
05-03 22:06:11.876  6222  6222 I BLACKXERUS - AndroidXaminer: TLS_ECDH_RSA_WITH_AES_128_CBC_SHA256
05-03 22:06:11.876  6222  6222 I BLACKXERUS - AndroidXaminer: TLS_ECDH_RSA_WITH_AES_256_CBC_SHA384
05-03 22:06:11.876  6222  6222 I BLACKXERUS - AndroidXaminer: TLS_ECDHE_ECDSA_WITH_AES_128_GCM_SHA256
05-03 22:06:11.876  6222  6222 I BLACKXERUS - AndroidXaminer: TLS_ECDHE_ECDSA_WITH_AES_256_GCM_SHA384
05-03 22:06:11.876  6222  6222 I BLACKXERUS - AndroidXaminer: TLS_ECDH_ECDSA_WITH_AES_128_GCM_SHA256
05-03 22:06:11.876  6222  6222 I BLACKXERUS - AndroidXaminer: TLS_ECDH_ECDSA_WITH_AES_256_GCM_SHA384
05-03 22:06:11.876  6222  6222 I BLACKXERUS - AndroidXaminer: TLS_ECDHE_RSA_WITH_AES_128_GCM_SHA256
05-03 22:06:11.876  6222  6222 I BLACKXERUS - AndroidXaminer: TLS_ECDHE_RSA_WITH_AES_256_GCM_SHA384
05-03 22:06:11.876  6222  6222 I BLACKXERUS - AndroidXaminer: TLS_ECDH_RSA_WITH_AES_128_GCM_SHA256
05-03 22:06:11.876  6222  6222 I BLACKXERUS - AndroidXaminer: TLS_ECDH_RSA_WITH_AES_256_GCM_SHA384
05-03 22:06:11.876  6222  6222 I BLACKXERUS - AndroidXaminer: TLS_ECDHE_PSK_WITH_AES_128_CBC_SHA
05-03 22:06:11.876  6222  6222 I BLACKXERUS - AndroidXaminer: TLS_ECDHE_PSK_WITH_AES_256_CBC_SHA
05-03 22:06:11.876  6222  6222 I BLACKXERUS - AndroidXaminer: TLS_ECDHE_RSA_WITH_CHACHA20_POLY1305_SHA256
05-03 22:06:11.876  6222  6222 I BLACKXERUS - AndroidXaminer: TLS_ECDHE_ECDSA_WITH_CHACHA20_POLY1305_SHA256
05-03 22:06:11.876  6222  6222 I BLACKXERUS - AndroidXaminer: TLS_DHE_RSA_WITH_CHACHA20_POLY1305_SHA256
05-03 22:06:11.876  6222  6222 I BLACKXERUS - AndroidXaminer: TLS_ECDHE_PSK_WITH_CHACHA20_POLY1305_SHA256
05-03 22:06:11.876  6222  6222 I BLACKXERUS - AndroidXaminer: TLS_AES_128_GCM_SHA256
05-03 22:06:11.876  6222  6222 I BLACKXERUS - AndroidXaminer: TLS_AES_256_GCM_SHA384
05-03 22:06:11.876  6222  6222 I BLACKXERUS - AndroidXaminer: TLS_CHACHA20_POLY1305_SHA256
05-03 22:06:11.876  6222  6222 I BLACKXERUS - AndroidXaminer: TLS_AES_128_CCM_SHA256
05-03 22:06:11.876  6222  6222 I BLACKXERUS - AndroidXaminer: TLS_AES_128_CCM_8_SHA256
05-03 22:06:11.877  6222  6222 I BLACKXERUS - AndroidXaminer: TLSv1.3
05-03 22:06:11.877  6222  6222 I BLACKXERUS - AndroidXaminer: TLSv1.2
05-03 22:06:11.877  6222  6222 I BLACKXERUS - AndroidXaminer: TLSv1.1
05-03 22:06:11.877  6222  6222 I BLACKXERUS - AndroidXaminer: TLSv1
05-03 22:06:11.877  6222  6222 I BLACKXERUS - AndroidXaminer: SSLv3
05-03 22:06:11.878  6222  6222 I BLACKXERUS - AndroidXaminer: |	|	|	|	|	
05-03 22:06:11.878  6222  6222 I BLACKXERUS - AndroidXaminer: t.d
05-03 22:06:11.878  6222  6222 I BLACKXERUS - AndroidXaminer: |	|	|	|	|	|	
05-03 22:06:11.878  6222  6222 I BLACKXERUS - AndroidXaminer: android.content.Context
05-03 22:06:11.879  6222  6222 I BLACKXERUS - AndroidXaminer: OkHttp DiskLruCache
05-03 22:06:11.880  6222  6222 I BLACKXERUS - AndroidXaminer: |	|	|	|	|	
05-03 22:06:11.880  6222  6222 I BLACKXERUS - AndroidXaminer: t.h
05-03 22:06:11.883  6222  6222 I BLACKXERUS - AndroidXaminer: http
05-03 22:06:11.883  6222  6222 I BLACKXERUS - AndroidXaminer: app.prod-rca-coronaapp-fd.net
05-03 22:06:11.883  6222  6222 I BLACKXERUS - AndroidXaminer: http
05-03 22:06:11.883  6222  6222 I BLACKXERUS - AndroidXaminer: app.prod-rca-coronaapp-fd.net
05-03 22:06:11.883  6222  6222 I BLACKXERUS - AndroidXaminer: http://app.prod-rca-coronaapp-fd.net/
05-03 22:06:11.884  6222  6222 I BLACKXERUS - AndroidXaminer: ABCDEFGHIJKLMNOPQRSTUVWXYZabcdefghijklmnopqrstuvwxyz0123456789+/
05-03 22:06:11.884  6222  6222 I BLACKXERUS - AndroidXaminer: ABCDEFGHIJKLMNOPQRSTUVWXYZabcdefghijklmnopqrstuvwxyz0123456789-_
05-03 22:06:11.884  6222  6222 I BLACKXERUS - AndroidXaminer: app.prod-rca-coronaapp-fd.net
05-03 22:06:11.884  6222  6222 I BLACKXERUS - AndroidXaminer: app.prod-rca-coronaapp-fd.net
05-03 22:06:11.884  6222  6222 I BLACKXERUS - AndroidXaminer: sha256/
05-03 22:06:11.884  6222  6222 I BLACKXERUS - AndroidXaminer: http
05-03 22:06:11.884  6222  6222 I BLACKXERUS - AndroidXaminer: app.prod-rca-coronaapp-fd.net
05-03 22:06:11.884  6222  6222 I BLACKXERUS - AndroidXaminer: http
05-03 22:06:11.884  6222  6222 I BLACKXERUS - AndroidXaminer: app.prod-rca-coronaapp-fd.net
05-03 22:06:11.884  6222  6222 I BLACKXERUS - AndroidXaminer: http://app.prod-rca-coronaapp-fd.net/
05-03 22:06:11.884  6222  6222 I BLACKXERUS - AndroidXaminer: app.prod-rca-coronaapp-fd.net
05-03 22:06:11.884  6222  6222 I BLACKXERUS - AndroidXaminer: app.prod-rca-coronaapp-fd.net
05-03 22:06:11.884  6222  6222 I BLACKXERUS - AndroidXaminer: sha256/
05-03 22:06:11.884  6222  6222 I BLACKXERUS - AndroidXaminer: http
05-03 22:06:11.884  6222  6222 I BLACKXERUS - AndroidXaminer: app.prod-rca-coronaapp-fd.net
05-03 22:06:11.884  6222  6222 I BLACKXERUS - AndroidXaminer: http
05-03 22:06:11.884  6222  6222 I BLACKXERUS - AndroidXaminer: app.prod-rca-coronaapp-fd.net
05-03 22:06:11.884  6222  6222 I BLACKXERUS - AndroidXaminer: http://app.prod-rca-coronaapp-fd.net/
05-03 22:06:11.884  6222  6222 I BLACKXERUS - AndroidXaminer: app.prod-rca-coronaapp-fd.net
05-03 22:06:11.884  6222  6222 I BLACKXERUS - AndroidXaminer: app.prod-rca-coronaapp-fd.net
05-03 22:06:11.884  6222  6222 I BLACKXERUS - AndroidXaminer: sha256/
05-03 22:06:11.891  6222  6222 I BLACKXERUS - AndroidXaminer: |	|	|	|	
05-03 22:06:11.891  6222  6222 I BLACKXERUS - AndroidXaminer: p.g.a.a0
05-03 22:06:11.893  6222  6222 I BLACKXERUS - AndroidXaminer: Nanos
05-03 22:06:11.893  6222  6222 I BLACKXERUS - AndroidXaminer: Micros
05-03 22:06:11.893  6222  6222 I BLACKXERUS - AndroidXaminer: Millis
05-03 22:06:11.893  6222  6222 I BLACKXERUS - AndroidXaminer: Seconds
05-03 22:06:11.893  6222  6222 I BLACKXERUS - AndroidXaminer: Minutes
05-03 22:06:11.894  6222  6222 I BLACKXERUS - AndroidXaminer: Hours
05-03 22:06:11.894  6222  6222 I BLACKXERUS - AndroidXaminer: HalfDays
05-03 22:06:11.894  6222  6222 I BLACKXERUS - AndroidXaminer: Days
05-03 22:06:11.894  6222  6222 I BLACKXERUS - AndroidXaminer: Weeks
05-03 22:06:11.894  6222  6222 I BLACKXERUS - AndroidXaminer: Months
05-03 22:06:11.894  6222  6222 I BLACKXERUS - AndroidXaminer: Years
05-03 22:06:11.894  6222  6222 I BLACKXERUS - AndroidXaminer: Decades
05-03 22:06:11.894  6222  6222 I BLACKXERUS - AndroidXaminer: Centuries
05-03 22:06:11.894  6222  6222 I BLACKXERUS - AndroidXaminer: Millennia
05-03 22:06:11.894  6222  6222 I BLACKXERUS - AndroidXaminer: Eras
05-03 22:06:11.894  6222  6222 I BLACKXERUS - AndroidXaminer: Forever
05-03 22:06:11.894  6222  6222 I BLACKXERUS - AndroidXaminer: NanoOfSecond
05-03 22:06:11.894  6222  6222 I BLACKXERUS - AndroidXaminer: NanoOfDay
05-03 22:06:11.894  6222  6222 I BLACKXERUS - AndroidXaminer: MicroOfSecond
05-03 22:06:11.894  6222  6222 I BLACKXERUS - AndroidXaminer: MicroOfDay
05-03 22:06:11.894  6222  6222 I BLACKXERUS - AndroidXaminer: MilliOfSecond
05-03 22:06:11.894  6222  6222 I BLACKXERUS - AndroidXaminer: MilliOfDay
05-03 22:06:11.894  6222  6222 I BLACKXERUS - AndroidXaminer: SecondOfMinute
05-03 22:06:11.895  6222  6222 I BLACKXERUS - AndroidXaminer: SecondOfDay
05-03 22:06:11.895  6222  6222 I BLACKXERUS - AndroidXaminer: MinuteOfHour
05-03 22:06:11.895  6222  6222 I BLACKXERUS - AndroidXaminer: MinuteOfDay
05-03 22:06:11.895  6222  6222 I BLACKXERUS - AndroidXaminer: HourOfAmPm
05-03 22:06:11.895  6222  6222 I BLACKXERUS - AndroidXaminer: ClockHourOfAmPm
05-03 22:06:11.895  6222  6222 I BLACKXERUS - AndroidXaminer: HourOfDay
05-03 22:06:11.895  6222  6222 I BLACKXERUS - AndroidXaminer: ClockHourOfDay
05-03 22:06:11.895  6222  6222 I BLACKXERUS - AndroidXaminer: AmPmOfDay
05-03 22:06:11.895  6222  6222 I BLACKXERUS - AndroidXaminer: DayOfWeek
05-03 22:06:11.895  6222  6222 I BLACKXERUS - AndroidXaminer: AlignedDayOfWeekInMonth
05-03 22:06:11.895  6222  6222 I BLACKXERUS - AndroidXaminer: AlignedDayOfWeekInYear
05-03 22:06:11.895  6222  6222 I BLACKXERUS - AndroidXaminer: DayOfMonth
05-03 22:06:11.895  6222  6222 I BLACKXERUS - AndroidXaminer: DayOfYear
05-03 22:06:11.895  6222  6222 I BLACKXERUS - AndroidXaminer: EpochDay
05-03 22:06:11.895  6222  6222 I BLACKXERUS - AndroidXaminer: AlignedWeekOfMonth
05-03 22:06:11.895  6222  6222 I BLACKXERUS - AndroidXaminer: AlignedWeekOfYear
05-03 22:06:11.895  6222  6222 I BLACKXERUS - AndroidXaminer: MonthOfYear
05-03 22:06:11.895  6222  6222 I BLACKXERUS - AndroidXaminer: ProlepticMonth
05-03 22:06:11.895  6222  6222 I BLACKXERUS - AndroidXaminer: YearOfEra
05-03 22:06:11.895  6222  6222 I BLACKXERUS - AndroidXaminer: Year
05-03 22:06:11.895  6222  6222 I BLACKXERUS - AndroidXaminer: Era
05-03 22:06:11.895  6222  6222 I BLACKXERUS - AndroidXaminer: InstantSeconds
05-03 22:06:11.895  6222  6222 I BLACKXERUS - AndroidXaminer: OffsetSeconds
05-03 22:06:11.896  6222  6222 I BLACKXERUS - AndroidXaminer: WeekBasedYears
05-03 22:06:11.896  6222  6222 I BLACKXERUS - AndroidXaminer: QuarterYears
05-03 22:06:11.900  6222  6222 I BLACKXERUS - AndroidXaminer: Z
05-03 22:06:11.901  6222  6222 I BLACKXERUS - AndroidXaminer: ZoneRegionId()
05-03 22:06:11.901  6222  6222 I BLACKXERUS - AndroidXaminer: ZoneRegionId()
05-03 22:06:11.901  6222  6222 I BLACKXERUS - AndroidXaminer: -W
05-03 22:06:11.901  6222  6222 I BLACKXERUS - AndroidXaminer: Z
05-03 22:06:11.903  6222  6222 I BLACKXERUS - AndroidXaminer: , 
05-03 22:06:11.903  6222  6222 I BLACKXERUS - AndroidXaminer: GMT
05-03 22:06:11.922  6222  6222 I BLACKXERUS - AndroidXaminer: https
05-03 22:06:11.922  6222  6222 I BLACKXERUS - AndroidXaminer: app.prod-rca-coronaapp-fd.net
05-03 22:06:11.922  6222  6222 I BLACKXERUS - AndroidXaminer: https
05-03 22:06:11.922  6222  6222 I BLACKXERUS - AndroidXaminer: app.prod-rca-coronaapp-fd.net
05-03 22:06:11.922  6222  6222 I BLACKXERUS - AndroidXaminer: https://app.prod-rca-coronaapp-fd.net/Rest/v6/
05-03 22:06:11.924  6222  6222 I BLACKXERUS - AndroidXaminer: |	|	|	
05-03 22:06:11.924  6222  6222 I BLACKXERUS - AndroidXaminer: d.a.a.b.a.s
05-03 22:06:11.924  6222  6222 I BLACKXERUS - AndroidXaminer: |	|	|	|	
05-03 22:06:11.924  6222  6222 I BLACKXERUS - AndroidXaminer: android.content.SharedPreferences
05-03 22:06:11.925  6222  6222 I BLACKXERUS - AndroidXaminer: |	|	|	|	|	
05-03 22:06:11.925  6222  6222 I BLACKXERUS - AndroidXaminer: android.app.Application
05-03 22:06:11.926  6222  6222 I BLACKXERUS - AndroidXaminer: dataPrivacyAcceptedTimestamp
05-03 22:06:11.926  6222  6222 I BLACKXERUS - AndroidXaminer: getDataPrivacyAcceptedTimestamp()Lorg/threeten/bp/ZonedDateTime;
05-03 22:06:11.926  6222  6222 I BLACKXERUS - AndroidXaminer: dataPrivacyAcceptedTimestampV1_1
05-03 22:06:11.926  6222  6222 I BLACKXERUS - AndroidXaminer: getDataPrivacyAcceptedTimestampV1_1()Lorg/threeten/bp/ZonedDateTime;
05-03 22:06:11.927  6222  6222 I BLACKXERUS - AndroidXaminer: pref_terms_and_conditions_repository__data_privacy_timestamp
05-03 22:06:11.927  6222  6222 I BLACKXERUS - AndroidXaminer: pref_terms_and_conditions_repository_data_privacy_timestamp_v1.1
05-03 22:06:11.927  6222  6222 I BLACKXERUS - AndroidXaminer: |	|	
05-03 22:06:11.927  6222  6222 I BLACKXERUS - AndroidXaminer: d.a.a.b.d.b.h
05-03 22:06:11.928  6222  6222 I BLACKXERUS - AndroidXaminer: |	|	|	
05-03 22:06:11.928  6222  6222 I BLACKXERUS - AndroidXaminer: at.roteskreuz.stopcorona.model.db.DefaultDatabase
05-03 22:06:11.928  6222  6222 I BLACKXERUS - AndroidXaminer: |	|	|	|	
05-03 22:06:11.928  6222  6222 I BLACKXERUS - AndroidXaminer: android.content.Context
05-03 22:06:11.928  6222  6222 I BLACKXERUS - AndroidXaminer: default.db
05-03 22:06:11.929  6222  6222 I BLACKXERUS - AndroidXaminer: default.db
05-03 22:06:11.929  6222  6222 I BLACKXERUS - AndroidXaminer: 8975051532edf4efd89f0ea7bf0d6c1c
05-03 22:06:11.929  6222  6222 I BLACKXERUS - AndroidXaminer: 9497e819e7ee0bb2d89fafdc0c6754f8
05-03 22:06:11.929  6222  6222 I BLACKXERUS - AndroidXaminer: default.db
05-03 22:06:11.929  6222  6222 I BLACKXERUS - AndroidXaminer: default.db
05-03 22:06:11.930  6222  6222 I BLACKXERUS - AndroidXaminer: |	|	
05-03 22:06:11.930  6222  6222 I BLACKXERUS - AndroidXaminer: d.a.a.b.c.a
05-03 22:06:11.931  6222  6222 I BLACKXERUS - AndroidXaminer: |	|	|	
05-03 22:06:11.931  6222  6222 I BLACKXERUS - AndroidXaminer: d.a.a.f.a.f.e.a
05-03 22:06:11.931  6222  6222 I BLACKXERUS - AndroidXaminer: |	|	|	
05-03 22:06:11.931  6222  6222 I BLACKXERUS - AndroidXaminer: p.g.a.a0
05-03 22:06:11.931  6222  6222 I BLACKXERUS - AndroidXaminer: |	|	|	
05-03 22:06:11.931  6222  6222 I BLACKXERUS - AndroidXaminer: d.a.a.b.a.y
05-03 22:06:11.931  6222  6222 I BLACKXERUS - AndroidXaminer: |	|	|	|	
05-03 22:06:11.931  6222  6222 I BLACKXERUS - AndroidXaminer: d.a.a.f.a.f.e.a
